<html>
<body>
<pre>
<h1>µVision Build Log</h1>
<h2>Tool Versions:</h2>
IDE-Version: ¦ÌVision V5.30.0.0
Copyright (C) 2020 ARM Ltd and ARM Germany GmbH. All rights reserved.
License Information: 1 1, 1, LIC=IK1BF-63QH5-8T03P-MJIA4-UWXZB-7S2EE
 
Tool Versions:
Toolchain:       MDK-ARM Plus  Version: 5.30.0.0
Toolchain Path:  D:\Keil_v5_ARM\ARM\ARMCC\Bin
C Compiler:      Armcc.exe V5.06 update 6 (build 750)
Assembler:       Armasm.exe V5.06 update 6 (build 750)
Linker/Locator:  ArmLink.exe V5.06 update 6 (build 750)
Library Manager: ArmAr.exe V5.06 update 6 (build 750)
Hex Converter:   FromElf.exe V5.06 update 6 (build 750)
CPU DLL:         SARMCM3.DLL V5.30.0.0
Dialog DLL:      DCM.DLL V1.17.3.0
Target DLL:      STLink\ST-LINKIII-KEIL_SWO.dll V3.0.7.0
Dialog DLL:      TCM.DLL V1.42.0.0
 
<h2>Project:</h2>
C:\Users\Fengxu\Documents\GitHub\CC1100_2_LoRa\code\SX1276_Packet_detector\STM32CubeExpansion_LRWAN_V1.3.1\Projects\STM32L476RG-Nucleo\Applications\LoRa\PingPong\MDK-ARM\Lora.uvprojx
Project File Date:  08/10/2020

<h2>Output:</h2>
*** Using Compiler 'V5.06 update 6 (build 750)', folder: 'D:\Keil_v5_ARM\ARM\ARMCC\Bin'
Build target 'sx1276mb1mas'
compiling system_stm32l4xx.c...
compiling stm32l4xx_nucleo.c...
compiling sx1276mb1mas.c...
compiling sx1276.c...
compiling stm32l4xx_hal.c...
compiling stm32l4xx_hal_adc.c...
compiling stm32l4xx_hal_cortex.c...
compiling stm32l4xx_hal_adc_ex.c...
compiling stm32l4xx_hal_dma.c...
compiling stm32l4xx_hal_flash.c...
compiling stm32l4xx_hal_gpio.c...
compiling stm32l4xx_hal_flash_ex.c...
compiling stm32l4xx_hal_i2c.c...
compiling stm32l4xx_hal_i2c_ex.c...
compiling stm32l4xx_hal_rcc.c...
compiling stm32l4xx_hal_rcc_ex.c...
compiling stm32l4xx_hal_rtc.c...
compiling stm32l4xx_hal_rtc_ex.c...
compiling stm32l4xx_hal_spi.c...
compiling stm32l4xx_hal_spi_ex.c...
compiling stm32l4xx_hal_tim.c...
compiling stm32l4xx_hal_tim_ex.c...
compiling stm32l4xx_hal_uart.c...
compiling stm32l4xx_hal_usart.c...
compiling stm32l4xx_hal_pwr.c...
compiling stm32l4xx_hal_pwr_ex.c...
compiling stm32l4xx_hal_uart_ex.c...
compiling debug.c...
compiling hw_gpio.c...
compiling hw_rtc.c...
compiling hw_spi.c...
compiling main.c...
..\LoRaWAN\App\src\main.c(161): warning:  #177-D: variable "isMaster"  was declared but never referenced
    bool isMaster = true;
..\LoRaWAN\App\src\main.c(162): warning:  #177-D: variable "i"  was declared but never referenced
    uint8_t i,reg;
..\LoRaWAN\App\src\main.c: 2 warnings, 0 errors
compiling vcom.c...
compiling stm32l4xx_hal_msp.c...
compiling stm32l4xx_hw.c...
compiling stm32l4xx_it.c...
compiling queue.c...
compiling low_power_manager.c...
compiling timeServer.c...
compiling utilities.c...
compiling trace.c...
linking...
Program Size: Code=26228 RO-data=860 RW-data=116 ZI-data=2412  
FromELF: creating hex file...
".\sx1276mb1mas\NUCLEO_CUBE_LORA.axf" - 0 Error(s), 2 Warning(s).

<h2>Software Packages used:</h2>

Package Vendor: Keil
                https://www.keil.com/pack/Keil.STM32L4xx_DFP.2.4.0.pack
                Keil.STM32L4xx_DFP.2.4.0
                STMicroelectronics STM32L4 Series Device Support, Drivers and Examples

<h2>Collection of Component include folders:</h2>
  .\RTE\_sx1276mb1mas
  D:\Keil_v5_ARM_Pack\Keil\STM32L4xx_DFP\2.4.0\Drivers\CMSIS\Device\ST\STM32L4xx\Include

<h2>Collection of Component Files used:</h2>
Build Time Elapsed:  00:05:18
</pre>
</body>
</html>
