<html>
<body>
<pre>
<h1>µVision Build Log</h1>
<h2>Tool Versions:</h2>
IDE-Version: ¦ÌVision V5.32.0.0
Copyright (C) 2020 ARM Ltd and ARM Germany GmbH. All rights reserved.
License Information: 1 1, 1, LIC=NQQMA-1F5F9-MM99I-TXX65-YVSYZ-4K1WG
 
Tool Versions:
Toolchain:       MDK-ARM Plus  Version: 5.32.0.0
Toolchain Path:  F:\Keil_v5\ARM\ARMCC\Bin
C Compiler:      Armcc.exe V5.06 update 7 (build 960)
Assembler:       Armasm.exe V5.06 update 7 (build 960)
Linker/Locator:  ArmLink.exe V5.06 update 7 (build 960)
Library Manager: ArmAr.exe V5.06 update 7 (build 960)
Hex Converter:   FromElf.exe V5.06 update 7 (build 960)
CPU DLL:         SARMCM3.DLL V5.32.0.0
Dialog DLL:      DCM.DLL V1.17.3.0
Target DLL:      STLink\ST-LINKIII-KEIL_SWO.dll V3.0.8.0
Dialog DLL:      TCM.DLL V1.46.0.0
 
<h2>Project:</h2>
C:\Users\yfx\Documents\GitHub\CC1100_2_LoRa\code\lora_send\STM32CubeExpansion_LRWAN_V1.3.1\Projects\STM32L476RG-Nucleo\Applications\LoRa\PingPong\MDK-ARM\Lora.uvprojx
Project File Date:  07/19/2021

<h2>Output:</h2>
*** Using Compiler 'V5.06 update 7 (build 960)', folder: 'F:\Keil_v5\ARM\ARMCC\Bin'
Build target 'sx1276mb1mas'
compiling main.c...
..\LoRaWAN\App\src\main.c(148): warning:  #177-D: variable "isMaster"  was declared but never referenced
    bool isMaster = true;
..\LoRaWAN\App\src\main.c(149): warning:  #177-D: variable "i"  was declared but never referenced
    uint8_t i;
..\LoRaWAN\App\src\main.c(150): warning:  #177-D: variable "Count"  was declared but never referenced
  	uint32_t Count = 0;
..\LoRaWAN\App\src\main.c(393): warning:  #177-D: function "OnledEvent"  was declared but never referenced
  static void OnledEvent(void *context)
..\LoRaWAN\App\src\main.c: 4 warnings, 0 errors
linking...
Program Size: Code=31508 RO-data=1004 RW-data=408 ZI-data=3408  
FromELF: creating hex file...
".\sx1276mb1mas\NUCLEO_CUBE_LORA.axf" - 0 Error(s), 4 Warning(s).

<h2>Software Packages used:</h2>

Package Vendor: Keil
                https://www.keil.com/pack/Keil.STM32L4xx_DFP.2.5.0.pack
                Keil.STM32L4xx_DFP.2.5.0
                STMicroelectronics STM32L4 Series Device Support, Drivers and Examples

<h2>Collection of Component include folders:</h2>
  F:\Arm\Packs\Keil\STM32L4xx_DFP\2.5.0\Drivers\CMSIS\Device\ST\STM32L4xx\Include

<h2>Collection of Component Files used:</h2>
Build Time Elapsed:  00:00:03
</pre>
</body>
</html>
