<html>
<body>
<pre>
<h1>µVision Build Log</h1>
<h2>Tool Versions:</h2>
IDE-Version: ¦ÌVision V5.32.0.0
Copyright (C) 2020 ARM Ltd and ARM Germany GmbH. All rights reserved.
License Information: 1 1, 1, LIC=NQQMA-1F5F9-MM99I-TXX65-YVSYZ-4K1WG
 
Tool Versions:
Toolchain:       MDK-ARM Plus  Version: 5.32.0.0
Toolchain Path:  F:\Keil_v5\ARM\ARMCC\Bin
C Compiler:      Armcc.exe V5.06 update 7 (build 960)
Assembler:       Armasm.exe V5.06 update 7 (build 960)
Linker/Locator:  ArmLink.exe V5.06 update 7 (build 960)
Library Manager: ArmAr.exe V5.06 update 7 (build 960)
Hex Converter:   FromElf.exe V5.06 update 7 (build 960)
CPU DLL:         SARMCM3.DLL V5.32.0.0
Dialog DLL:      DCM.DLL V1.17.3.0
Target DLL:      STLink\ST-LINKIII-KEIL_SWO.dll V3.0.8.0
Dialog DLL:      TCM.DLL V1.46.0.0
 
<h2>Project:</h2>
C:\Users\yfx\Documents\GitHub\CC1100_2_LoRa\code\SX1276\MDK-ARM\SX1276_2_LoRa.uvprojx
Project File Date:  10/17/2021

<h2>Output:</h2>
*** Using Compiler 'V5.06 update 7 (build 960)', folder: 'F:\Keil_v5\ARM\ARMCC\Bin'
Build target 'SX1276_2_LoRa'
compiling main.c...
..\CB-API\ds3231.h(70): warning:  #1295-D: Deprecated declaration DS3231_ShowTime - give arg types
  Chirp_Time DS3231_ShowTime();
..\CB-API\ds3231.h(71): warning:  #1295-D: Deprecated declaration DS3231_ClearAlarm1_Time - give arg types
  void DS3231_ClearAlarm1_Time();
..\CB-API\ds3231.h(73): warning:  #1295-D: Deprecated declaration DS3231_GetAlarm1_Time - give arg types
  void DS3231_GetAlarm1_Time();
..\CB-API\gps.h(26): warning:  #1295-D: Deprecated declaration GPS_Init - give arg types
  void GPS_Init();
..\CB-API\gps.h(27): warning:  #1295-D: Deprecated declaration GPS_On - give arg types
  void GPS_On();
..\CB-API\gps.h(28): warning:  #1295-D: Deprecated declaration GPS_Off - give arg types
  void GPS_Off();
..\CB-API\gps.h(29): warning:  #1295-D: Deprecated declaration GPS_Uart_Irq - give arg types
  void GPS_Uart_Irq();
..\CB-API\gps.h(30): warning:  #1295-D: Deprecated declaration GPS_Get_Time - give arg types
  Chirp_Time GPS_Get_Time();
..\CB-API\API_ChirpBox.h(91): warning:  #1295-D: Deprecated declaration api_trace_to_flash - give arg types
  void api_trace_to_flash();
..\CB-API\API_ChirpBox.h(93): warning:  #1295-D: Deprecated declaration api_obtain_rtc_time - give arg types
  Chirp_Time api_obtain_rtc_time();
../Src/main.c(254): warning:  #177-D: variable "packet_freq_points_No2"  was declared but never referenced
  	int *packet_freq_points_No2 = NULL;
../Src/main.c(257): warning:  #177-D: variable "symbol_len_No2"  was declared but never referenced
  	int symbol_len_No2 = NULL;
../Src/main.c(259): warning:  #177-D: variable "LoRa_ID_Start_Freq_No1"  was declared but never referenced
  	int *LoRa_ID_Start_Freq_No1 = NULL;
../Src/main.c(260): warning:  #177-D: variable "LoRa_Payload_Start_Freq_No1"  was declared but never referenced
  	int *LoRa_Payload_Start_Freq_No1 = NULL;
../Src/main.c(262): warning:  #177-D: variable "LoRa_ID_Start_Freq_No2"  was declared but never referenced
  	int *LoRa_ID_Start_Freq_No2 = NULL;
../Src/main.c(263): warning:  #177-D: variable "LoRa_Payload_Start_Freq_No2"  was declared but never referenced
  	int *LoRa_Payload_Start_Freq_No2 = NULL;
../Src/main.c(407): warning:  #177-D: variable "data_2"  was declared but never referenced
  	uint8_t data_2[21] = {0x80, 0x2c, 0x00, 0x42, 0x00, 0x00, 0x01, 0x00, 0x02, 0xbe, 0x52, 0xf5, 0x2c, 0xe3, 0xf6, 0xc0, 0xe4, 0x11, 0xd1, 0xb1, 0x6b};
../Src/main.c: 17 warnings, 0 errors
compiling Simulated_LoRa.c...
..\CB-API\ds3231.h(70): warning:  #1295-D: Deprecated declaration DS3231_ShowTime - give arg types
  Chirp_Time DS3231_ShowTime();
..\CB-API\ds3231.h(71): warning:  #1295-D: Deprecated declaration DS3231_ClearAlarm1_Time - give arg types
  void DS3231_ClearAlarm1_Time();
..\CB-API\ds3231.h(73): warning:  #1295-D: Deprecated declaration DS3231_GetAlarm1_Time - give arg types
  void DS3231_GetAlarm1_Time();
..\CB-API\gps.h(26): warning:  #1295-D: Deprecated declaration GPS_Init - give arg types
  void GPS_Init();
..\CB-API\gps.h(27): warning:  #1295-D: Deprecated declaration GPS_On - give arg types
  void GPS_On();
..\CB-API\gps.h(28): warning:  #1295-D: Deprecated declaration GPS_Off - give arg types
  void GPS_Off();
..\CB-API\gps.h(29): warning:  #1295-D: Deprecated declaration GPS_Uart_Irq - give arg types
  void GPS_Uart_Irq();
..\CB-API\gps.h(30): warning:  #1295-D: Deprecated declaration GPS_Get_Time - give arg types
  Chirp_Time GPS_Get_Time();
..\CB-API\API_ChirpBox.h(91): warning:  #1295-D: Deprecated declaration api_trace_to_flash - give arg types
  void api_trace_to_flash();
..\CB-API\API_ChirpBox.h(93): warning:  #1295-D: Deprecated declaration api_obtain_rtc_time - give arg types
  Chirp_Time api_obtain_rtc_time();
..\Simulated_LoRa\Simulated_LoRa.c(156): warning:  #177-D: variable "chirp_time"  was declared but never referenced
  	int chirp_time = (1<<LORA_SF_NO1)<<3;
..\Simulated_LoRa\Simulated_LoRa.c(177): warning:  #177-D: label "Send_packets"  was declared but never referenced
  	Send_packets:
..\Simulated_LoRa\Simulated_LoRa.c(245): warning:  #177-D: label "Symbol_End"  was declared but never referenced
  		Symbol_End:
..\Simulated_LoRa\Simulated_LoRa.c(333): warning:  #177-D: variable "No1_or_No2"  was declared but never referenced
  	bool No1_or_No2=true;
..\Simulated_LoRa\Simulated_LoRa.c(353): warning:  #550-D: variable "Total_Chip_Count"  was set but never used
  	uint32_t Total_Chip_Count = 0;
..\Simulated_LoRa\Simulated_LoRa.c(354): warning:  #550-D: variable "Symbol_Chip_Count"  was set but never used
  	uint32_t Symbol_Chip_Count = 0;
..\Simulated_LoRa\Simulated_LoRa.c(360): warning:  #177-D: label "Send_packets"  was declared but never referenced
  	Send_packets:
..\Simulated_LoRa\Simulated_LoRa.c(627): warning:  #177-D: label "Send_packets"  was declared but never referenced
  	Send_packets:
..\Simulated_LoRa\Simulated_LoRa.c(746): warning:  #177-D: label "Symbol_End"  was declared but never referenced
  		Symbol_End:
..\Simulated_LoRa\Simulated_LoRa.c: 19 warnings, 0 errors
linking...
Program Size: Code=38352 RO-data=6196 RW-data=564 ZI-data=43436  
FromELF: creating hex file...
After Build - User command #1: F:\Keil_v5\ARM\ARMCC\bin\fromelf.exe --bin -o "C:\Users\yfx\Documents\GitHub\CC1100_2_LoRa\code\SX1276\MDK-ARM\SX1276_2_LoRa\OOK2Chirp_Project.bin" "C:\Users\yfx\Documents\GitHub\CC1100_2_LoRa\code\SX1276\MDK-ARM\SX1276_2_LoRa\OOK2Chirp_Project.axf"
".\SX1276_2_LoRa\OOK2Chirp_Project.axf" - 0 Error(s), 36 Warning(s).

<h2>Software Packages used:</h2>

Package Vendor: ARM
                http://www.keil.com/pack/ARM.CMSIS.5.7.0.pack
                ARM.CMSIS.5.7.0
                CMSIS (Cortex Microcontroller Software Interface Standard)
   * Component: CORE Version: 5.4.0

Package Vendor: Keil
                https://www.keil.com/pack/Keil.STM32L4xx_DFP.2.5.0.pack
                Keil.STM32L4xx_DFP.2.5.0
                STMicroelectronics STM32L4 Series Device Support, Drivers and Examples

<h2>Collection of Component include folders:</h2>
  .\RTE\_SX1276_2_LoRa
  F:\Arm\Packs\ARM\CMSIS\5.7.0\CMSIS\Core\Include
  F:\Arm\Packs\Keil\STM32L4xx_DFP\2.5.0\Drivers\CMSIS\Device\ST\STM32L4xx\Include

<h2>Collection of Component Files used:</h2>

   * Component: ARM::CMSIS:CORE:5.4.0
Build Time Elapsed:  00:00:05
</pre>
</body>
</html>
