<html>
<body>
<pre>
<h1>µVision Build Log</h1>
<h2>Tool Versions:</h2>
IDE-Version: ¦ÌVision V5.32.0.0
Copyright (C) 2020 ARM Ltd and ARM Germany GmbH. All rights reserved.
License Information: 1 1, 1, LIC=NQQMA-1F5F9-MM99I-TXX65-YVSYZ-4K1WG
 
Tool Versions:
Toolchain:       MDK-ARM Plus  Version: 5.32.0.0
Toolchain Path:  F:\Keil_v5\ARM\ARMCC\Bin
C Compiler:      Armcc.exe V5.06 update 7 (build 960)
Assembler:       Armasm.exe V5.06 update 7 (build 960)
Linker/Locator:  ArmLink.exe V5.06 update 7 (build 960)
Library Manager: ArmAr.exe V5.06 update 7 (build 960)
Hex Converter:   FromElf.exe V5.06 update 7 (build 960)
CPU DLL:         SARMCM3.DLL V5.32.0.0
Dialog DLL:      DCM.DLL V1.17.3.0
Target DLL:      STLink\ST-LINKIII-KEIL_SWO.dll V3.0.8.0
Dialog DLL:      TCM.DLL V1.46.0.0
 
<h2>Project:</h2>
C:\Users\yfx\Documents\GitHub\CC1100_2_LoRa\code\SX1276\MDK-ARM\SX1276_2_LoRa.uvprojx
Project File Date:  01/18/2021

<h2>Output:</h2>
*** Using Compiler 'V5.06 update 7 (build 960)', folder: 'F:\Keil_v5\ARM\ARMCC\Bin'
Build target 'SX1276_2_LoRa'
compiling Interleaver.c...
..\LoRa_Channel_Coding\Interleaver.c(22): warning:  #550-D: variable "ppm"  was set but never used
  	uint8_t ppm = 0;
..\LoRa_Channel_Coding\Interleaver.c(23): warning:  #550-D: variable "sf_app"  was set but never used
  	uint8_t sf_app = 0;
..\LoRa_Channel_Coding\Interleaver.c(25): warning:  #177-D: variable "i"  was declared but never referenced
  	uint16_t i = 0, j=0,k=0,sum=0;
..\LoRa_Channel_Coding\Interleaver.c(25): warning:  #177-D: variable "j"  was declared but never referenced
  	uint16_t i = 0, j=0,k=0,sum=0;
..\LoRa_Channel_Coding\Interleaver.c(25): warning:  #177-D: variable "k"  was declared but never referenced
  	uint16_t i = 0, j=0,k=0,sum=0;
..\LoRa_Channel_Coding\Interleaver.c(25): warning:  #177-D: variable "sum"  was declared but never referenced
  	uint16_t i = 0, j=0,k=0,sum=0;
..\LoRa_Channel_Coding\Interleaver.c: 6 warnings, 0 errors
linking...
Program Size: Code=30788 RO-data=1116 RW-data=152 ZI-data=3360  
FromELF: creating hex file...
".\SX1276_2_LoRa\OOK2Chirp_Project.axf" - 0 Error(s), 6 Warning(s).

<h2>Software Packages used:</h2>

Package Vendor: ARM
                http://www.keil.com/pack/ARM.CMSIS.5.7.0.pack
                ARM.CMSIS.5.7.0
                CMSIS (Cortex Microcontroller Software Interface Standard)
   * Component: CORE Version: 5.4.0

Package Vendor: Keil
                https://www.keil.com/pack/Keil.STM32L4xx_DFP.2.5.0.pack
                Keil.STM32L4xx_DFP.2.5.0
                STMicroelectronics STM32L4 Series Device Support, Drivers and Examples

<h2>Collection of Component include folders:</h2>
  .\RTE\_SX1276_2_LoRa
  F:\Arm\Packs\ARM\CMSIS\5.7.0\CMSIS\Core\Include
  F:\Arm\Packs\Keil\STM32L4xx_DFP\2.5.0\Drivers\CMSIS\Device\ST\STM32L4xx\Include

<h2>Collection of Component Files used:</h2>

   * Component: ARM::CMSIS:CORE:5.4.0
Build Time Elapsed:  00:00:04
</pre>
</body>
</html>
