Component: ARM Compiler 5.06 update 6 (build 750) Tool: armlink [4d35ed]

==============================================================================

Section Cross References

    startup_stm32l476xx.o(RESET) refers to startup_stm32l476xx.o(STACK) for __initial_sp
    startup_stm32l476xx.o(RESET) refers to startup_stm32l476xx.o(.text) for Reset_Handler
    startup_stm32l476xx.o(RESET) refers to stm32l4xx_it.o(i.NMI_Handler) for NMI_Handler
    startup_stm32l476xx.o(RESET) refers to stm32l4xx_it.o(i.HardFault_Handler) for HardFault_Handler
    startup_stm32l476xx.o(RESET) refers to stm32l4xx_it.o(i.MemManage_Handler) for MemManage_Handler
    startup_stm32l476xx.o(RESET) refers to stm32l4xx_it.o(i.BusFault_Handler) for BusFault_Handler
    startup_stm32l476xx.o(RESET) refers to stm32l4xx_it.o(i.UsageFault_Handler) for UsageFault_Handler
    startup_stm32l476xx.o(RESET) refers to stm32l4xx_it.o(i.SVC_Handler) for SVC_Handler
    startup_stm32l476xx.o(RESET) refers to stm32l4xx_it.o(i.DebugMon_Handler) for DebugMon_Handler
    startup_stm32l476xx.o(RESET) refers to stm32l4xx_it.o(i.PendSV_Handler) for PendSV_Handler
    startup_stm32l476xx.o(RESET) refers to stm32l4xx_it.o(i.SysTick_Handler) for SysTick_Handler
    startup_stm32l476xx.o(RESET) refers to rtc.o(i.TAMP_STAMP_IRQHandler) for TAMP_STAMP_IRQHandler
    startup_stm32l476xx.o(RESET) refers to usart.o(i.USART2_IRQHandler) for USART2_IRQHandler
    startup_stm32l476xx.o(.text) refers to system_stm32l4xx.o(i.SystemInit) for SystemInit
    startup_stm32l476xx.o(.text) refers to entry.o(.ARM.Collect$$$$00000000) for __main
    main.o(i.Fast_SetChannel) refers to cc1101.o(i.CC1101_Burst_Write) for CC1101_Burst_Write
    main.o(i.Fast_SetChannel) refers to main.o(.data) for Changed_Register_Count
    main.o(i.Generate_Quarter_DownChirp) refers to main.o(i.Fast_SetChannel) for Fast_SetChannel
    main.o(i.Generate_Quarter_DownChirp) refers to stm32l4xx_hal_gpio.o(i.HAL_GPIO_TogglePin) for HAL_GPIO_TogglePin
    main.o(i.Generate_Quarter_DownChirp) refers to main.o(.data) for Input_Freq
    main.o(i.Generate_Quarter_DownChirp) refers to main.o(.bss) for Time_temp_temp
    main.o(i.LoRa_DownChirp) refers to main.o(i.Fast_SetChannel) for Fast_SetChannel
    main.o(i.LoRa_DownChirp) refers to stm32l4xx_hal_gpio.o(i.HAL_GPIO_TogglePin) for HAL_GPIO_TogglePin
    main.o(i.LoRa_DownChirp) refers to main.o(.data) for Time_temp
    main.o(i.LoRa_DownChirp) refers to main.o(.bss) for Time_temp_temp
    main.o(i.LoRa_Payload) refers to main.o(i.Fast_SetChannel) for Fast_SetChannel
    main.o(i.LoRa_Payload) refers to stm32l4xx_hal_gpio.o(i.HAL_GPIO_TogglePin) for HAL_GPIO_TogglePin
    main.o(i.LoRa_Payload) refers to main.o(.data) for Time_temp
    main.o(i.LoRa_Payload) refers to main.o(.bss) for Time_temp_temp
    main.o(i.LoRa_UpChirp) refers to main.o(i.Fast_SetChannel) for Fast_SetChannel
    main.o(i.LoRa_UpChirp) refers to stm32l4xx_hal_gpio.o(i.HAL_GPIO_TogglePin) for HAL_GPIO_TogglePin
    main.o(i.LoRa_UpChirp) refers to main.o(.data) for Input_Freq
    main.o(i.LoRa_UpChirp) refers to main.o(.bss) for Time_temp_temp
    main.o(i.RTC_Timer_Calibration) refers to rtc.o(.bss) for RTC_Handler
    main.o(i.RTC_Timer_Calibration) refers to main.o(.bss) for RTC_Subsecond_Value
    main.o(i.RTC_Timer_Calibration) refers to main.o(.data) for Time_temp
    main.o(i.main) refers to stm32l4xx_hal.o(i.HAL_Init) for HAL_Init
    main.o(i.main) refers to sys.o(i.SystemClock_Config) for SystemClock_Config
    main.o(i.main) refers to hw_spi.o(i.HW_SPI_Init) for HW_SPI_Init
    main.o(i.main) refers to fast_spi.o(i.SPI1_Init) for SPI1_Init
    main.o(i.main) refers to delay.o(i.delay_init) for delay_init
    main.o(i.main) refers to usart.o(i.uart_init) for uart_init
    main.o(i.main) refers to printfa.o(i.__0printf) for __2printf
    main.o(i.main) refers to timer.o(i.TIM1_Init) for TIM1_Init
    main.o(i.main) refers to memseta.o(.text) for __aeabi_memclr4
    main.o(i.main) refers to stm32l4xx_hal_gpio.o(i.HAL_GPIO_Init) for HAL_GPIO_Init
    main.o(i.main) refers to stm32l4xx_hal_gpio.o(i.HAL_GPIO_WritePin) for HAL_GPIO_WritePin
    main.o(i.main) refers to cc1101.o(i.CC1101_Init) for CC1101_Init
    main.o(i.main) refers to cc1101.o(i.CC1101_Set_OpMode) for CC1101_Set_OpMode
    main.o(i.main) refers to stm32l4xx_hal.o(i.HAL_Delay) for HAL_Delay
    main.o(i.main) refers to main.o(i.LoRa_UpChirp) for LoRa_UpChirp
    main.o(i.main) refers to stm32l4xx_hal_gpio.o(i.HAL_GPIO_TogglePin) for HAL_GPIO_TogglePin
    main.o(i.main) refers to main.o(i.LoRa_Payload) for LoRa_Payload
    main.o(i.main) refers to main.o(i.LoRa_DownChirp) for LoRa_DownChirp
    main.o(i.main) refers to main.o(i.Generate_Quarter_DownChirp) for Generate_Quarter_DownChirp
    main.o(i.main) refers to main.o(.data) for LoRa_ID_Start_Freq
    stm32l4xx_it.o(i.SysTick_Handler) refers to stm32l4xx_hal.o(i.HAL_IncTick) for HAL_IncTick
[...]
    Removing timer.o(.rrx_text), (6 bytes).
    Removing timer.o(i.HAL_TIM_PeriodElapsedCallback), (2 bytes).
    Removing timer.o(i.TIM1_IRQHandler), (2 bytes).
    Removing sys.o(.rev16_text), (4 bytes).
    Removing sys.o(.revsh_text), (4 bytes).
    Removing sys.o(.rrx_text), (6 bytes).
    Removing sys.o(.emb_text), (6 bytes).
    Removing sys.o(i.GPIO_AF_Set), (64 bytes).
    Removing sys.o(i.INTX_DISABLE), (4 bytes).
    Removing sys.o(i.INTX_ENABLE), (4 bytes).
    Removing sys.o(i.Sys_Soft_Reset), (16 bytes).
    Removing sys.o(i.WFI_SET), (4 bytes).
    Removing fast_spi.o(.rev16_text), (4 bytes).
    Removing fast_spi.o(.revsh_text), (4 bytes).
    Removing fast_spi.o(.rrx_text), (6 bytes).
    Removing fast_spi.o(i.SPI1_SetSpeed), (44 bytes).
    Removing rtc.o(.rev16_text), (4 bytes).
    Removing rtc.o(.revsh_text), (4 bytes).
    Removing rtc.o(.rrx_text), (6 bytes).
    Removing rtc.o(i.HAL_RTCEx_TimeStampEventCallback), (28 bytes).
    Removing rtc.o(i.HAL_RTC_MspInit), (124 bytes).
    Removing rtc.o(i.RTC_Init), (72 bytes).
    Removing rtc.o(i.RTC_Set_Date), (44 bytes).
    Removing rtc.o(i.RTC_Set_Time), (52 bytes).
    Removing rtc.o(i.RTC_TimeStampConfig), (128 bytes).
    Removing rtc.o(.bss), (56 bytes).
    Removing delay.o(.rev16_text), (4 bytes).
    Removing delay.o(.revsh_text), (4 bytes).
    Removing delay.o(.rrx_text), (6 bytes).
    Removing usart.o(.rev16_text), (4 bytes).
    Removing usart.o(.revsh_text), (4 bytes).
    Removing usart.o(.rrx_text), (6 bytes).
    Removing usart.o(i._sys_exit), (4 bytes).
    Removing low_power_manager.o(.rev16_text), (4 bytes).
    Removing low_power_manager.o(.revsh_text), (4 bytes).
    Removing low_power_manager.o(.rrx_text), (6 bytes).
    Removing low_power_manager.o(i.LPM_EnterLowPower), (52 bytes).
    Removing low_power_manager.o(i.LPM_EnterOffMode), (2 bytes).
    Removing low_power_manager.o(i.LPM_EnterSleepMode), (2 bytes).
    Removing low_power_manager.o(i.LPM_EnterStopMode), (2 bytes).
    Removing low_power_manager.o(i.LPM_ExitOffMode), (2 bytes).
    Removing low_power_manager.o(i.LPM_ExitSleepMode), (2 bytes).
    Removing low_power_manager.o(i.LPM_ExitStopMode), (2 bytes).
    Removing low_power_manager.o(i.LPM_GetMode), (52 bytes).
    Removing low_power_manager.o(i.LPM_SetOffMode), (64 bytes).
    Removing queue.o(i.circular_queue_init), (16 bytes).
    Removing queue.o(i.circular_queue_remove), (96 bytes).
    Removing queue.o(i.circular_queue_sense), (16 bytes).
    Removing systime.o(.rev16_text), (4 bytes).
    Removing systime.o(.revsh_text), (4 bytes).
    Removing systime.o(.rrx_text), (6 bytes).
    Removing systime.o(i.CalendarDiv60), (54 bytes).
    Removing systime.o(i.CalendarDiv61), (48 bytes).
    Removing systime.o(i.CalendarDiv86400), (60 bytes).
    Removing systime.o(i.CalendarGetMonth), (106 bytes).
    Removing systime.o(i.SysTimeAdd), (78 bytes).
    Removing systime.o(i.SysTimeFromMs), (70 bytes).
    Removing systime.o(i.SysTimeGet), (68 bytes).
    Removing systime.o(i.SysTimeGetMcuTime), (28 bytes).
    Removing systime.o(i.SysTimeLocalTime), (240 bytes).
    Removing systime.o(i.SysTimeMkTime), (128 bytes).
    Removing systime.o(i.SysTimeSet), (56 bytes).
    Removing systime.o(i.SysTimeSub), (76 bytes).
    Removing systime.o(i.SysTimeToMs), (50 bytes).
    Removing systime.o(.constdata), (32 bytes).
    Removing systime.o(.conststring), (28 bytes).
    Removing systime.o(.data), (28 bytes).
    Removing timeserver.o(.rev16_text), (4 bytes).
    Removing timeserver.o(.revsh_text), (4 bytes).
    Removing timeserver.o(.rrx_text), (6 bytes).
    Removing timeserver.o(i.TimerExists), (32 bytes).
    Removing timeserver.o(i.TimerGetCurrentTime), (16 bytes).
    Removing timeserver.o(i.TimerGetElapsedTime), (32 bytes).
    Removing timeserver.o(i.TimerInit), (18 bytes).
    Removing timeserver.o(i.TimerInsertNewHeadTimer), (32 bytes).
    Removing timeserver.o(i.TimerInsertTimer), (52 bytes).
    Removing timeserver.o(i.TimerIrqHandler), (188 bytes).
    Removing timeserver.o(i.TimerIsStarted), (6 bytes).
    Removing timeserver.o(i.TimerReset), (18 bytes).
    Removing timeserver.o(i.TimerSetContext), (4 bytes).
    Removing timeserver.o(i.TimerSetTimeout), (42 bytes).
    Removing timeserver.o(i.TimerSetValue), (44 bytes).
    Removing timeserver.o(i.TimerStart), (116 bytes).
    Removing timeserver.o(i.TimerStop), (184 bytes).
    Removing timeserver.o(i.TimerTempCompensation), (28 bytes).
    Removing timeserver.o(i.__set_PRIMASK), (6 bytes).
    Removing timeserver.o(.data), (4 bytes).
    Removing trace.o(.rev16_text), (4 bytes).
    Removing trace.o(.revsh_text), (4 bytes).
    Removing trace.o(.rrx_text), (6 bytes).
    Removing trace.o(i.TraceGetFileName), (52 bytes).
    Removing trace.o(i.TraceInit), (36 bytes).
    Removing trace.o(i.Trace_TxCpltCallback), (88 bytes).
    Removing utilities.o(.rev16_text), (4 bytes).
    Removing utilities.o(.revsh_text), (4 bytes).
    Removing utilities.o(.rrx_text), (6 bytes).
    Removing utilities.o(i.Nibble2HexChar), (30 bytes).
    Removing utilities.o(i.memcpy1), (24 bytes).
    Removing utilities.o(i.memcpyr), (28 bytes).
    Removing utilities.o(i.memset1), (20 bytes).
    Removing utilities.o(i.rand1), (40 bytes).
    Removing utilities.o(i.randr), (26 bytes).
    Removing utilities.o(i.srand1), (12 bytes).
    Removing utilities.o(.data), (4 bytes).
    Removing f2d.o(.text), (38 bytes).
    Removing d2f.o(.text), (56 bytes).
    Removing fepilogue.o(.text), (110 bytes).

949 unused section(s) (total 86470 bytes) removed from the image.

==============================================================================

Image Symbol Table

    Local Symbols

    Symbol Name                              Value     Ov Type        Size  Object(Section)

    ../Drivers/STM32L4xx_HAL_Driver/Src/stm32l4xx_hal.c 0x00000000   Number         0  stm32l4xx_hal.o ABSOLUTE
    ../Drivers/STM32L4xx_HAL_Driver/Src/stm32l4xx_hal_cortex.c 0x00000000   Number         0  stm32l4xx_hal_cortex.o ABSOLUTE
    ../Drivers/STM32L4xx_HAL_Driver/Src/stm32l4xx_hal_dma.c 0x00000000   Number         0  stm32l4xx_hal_dma.o ABSOLUTE
    ../Drivers/STM32L4xx_HAL_Driver/Src/stm32l4xx_hal_dma_ex.c 0x00000000   Number         0  stm32l4xx_hal_dma_ex.o ABSOLUTE
    ../Drivers/STM32L4xx_HAL_Driver/Src/stm32l4xx_hal_exti.c 0x00000000   Number         0  stm32l4xx_hal_exti.o ABSOLUTE
    ../Drivers/STM32L4xx_HAL_Driver/Src/stm32l4xx_hal_flash.c 0x00000000   Number         0  stm32l4xx_hal_flash.o ABSOLUTE
    ../Drivers/STM32L4xx_HAL_Driver/Src/stm32l4xx_hal_flash_ex.c 0x00000000   Number         0  stm32l4xx_hal_flash_ex.o ABSOLUTE
    ../Drivers/STM32L4xx_HAL_Driver/Src/stm32l4xx_hal_flash_ramfunc.c 0x00000000   Number         0  stm32l4xx_hal_flash_ramfunc.o ABSOLUTE
    ../Drivers/STM32L4xx_HAL_Driver/Src/stm32l4xx_hal_gpio.c 0x00000000   Number         0  stm32l4xx_hal_gpio.o ABSOLUTE
    ../Drivers/STM32L4xx_HAL_Driver/Src/stm32l4xx_hal_i2c.c 0x00000000   Number         0  stm32l4xx_hal_i2c.o ABSOLUTE
    ../Drivers/STM32L4xx_HAL_Driver/Src/stm32l4xx_hal_i2c_ex.c 0x00000000   Number         0  stm32l4xx_hal_i2c_ex.o ABSOLUTE
    ../Drivers/STM32L4xx_HAL_Driver/Src/stm32l4xx_hal_pwr.c 0x00000000   Number         0  stm32l4xx_hal_pwr.o ABSOLUTE
    ../Drivers/STM32L4xx_HAL_Driver/Src/stm32l4xx_hal_pwr_ex.c 0x00000000   Number         0  stm32l4xx_hal_pwr_ex.o ABSOLUTE
    ../Drivers/STM32L4xx_HAL_Driver/Src/stm32l4xx_hal_rcc.c 0x00000000   Number         0  stm32l4xx_hal_rcc.o ABSOLUTE
    ../Drivers/STM32L4xx_HAL_Driver/Src/stm32l4xx_hal_rcc_ex.c 0x00000000   Number         0  stm32l4xx_hal_rcc_ex.o ABSOLUTE
    ../Drivers/STM32L4xx_HAL_Driver/Src/stm32l4xx_hal_spi.c 0x00000000   Number         0  stm32l4xx_hal_spi.o ABSOLUTE
    ../Drivers/STM32L4xx_HAL_Driver/Src/stm32l4xx_hal_spi_ex.c 0x00000000   Number         0  stm32l4xx_hal_spi_ex.o ABSOLUTE
    ../Drivers/STM32L4xx_HAL_Driver/Src/stm32l4xx_hal_tim.c 0x00000000   Number         0  stm32l4xx_hal_tim.o ABSOLUTE
    ../Drivers/STM32L4xx_HAL_Driver/Src/stm32l4xx_hal_tim_ex.c 0x00000000   Number         0  stm32l4xx_hal_tim_ex.o ABSOLUTE
    ../Drivers/STM32L4xx_HAL_Driver/Src/stm32l4xx_hal_uart.c 0x00000000   Number         0  stm32l4xx_hal_uart.o ABSOLUTE
    ../Drivers/STM32L4xx_HAL_Driver/Src/stm32l4xx_hal_uart_ex.c 0x00000000   Number         0  stm32l4xx_hal_uart_ex.o ABSOLUTE
    ../Src/main.c                            0x00000000   Number         0  main.o ABSOLUTE
    ../Src/stm32l4xx_hal_msp.c               0x00000000   Number         0  stm32l4xx_hal_msp.o ABSOLUTE
    ../Src/stm32l4xx_it.c                    0x00000000   Number         0  stm32l4xx_it.o ABSOLUTE
    ../Src/system_stm32l4xx.c                0x00000000   Number         0  system_stm32l4xx.o ABSOLUTE
    ../clib/microlib/division.c              0x00000000   Number         0  uidiv.o ABSOLUTE
    ../clib/microlib/division.c              0x00000000   Number         0  uldiv.o ABSOLUTE
    ../clib/microlib/init/entry.s            0x00000000   Number         0  entry11a.o ABSOLUTE
    ../clib/microlib/init/entry.s            0x00000000   Number         0  entry10b.o ABSOLUTE
    ../clib/microlib/init/entry.s            0x00000000   Number         0  entry10a.o ABSOLUTE
    ../clib/microlib/init/entry.s            0x00000000   Number         0  entry9b.o ABSOLUTE
    ../clib/microlib/init/entry.s            0x00000000   Number         0  entry9a.o ABSOLUTE
    ../clib/microlib/init/entry.s            0x00000000   Number         0  entry8b.o ABSOLUTE
    ../clib/microlib/init/entry.s            0x00000000   Number         0  entry8a.o ABSOLUTE
    ../clib/microlib/init/entry.s            0x00000000   Number         0  entry7a.o ABSOLUTE
    ../clib/microlib/init/entry.s            0x00000000   Number         0  entry5.o ABSOLUTE
    ../clib/microlib/init/entry.s            0x00000000   Number         0  entry2.o ABSOLUTE
    ../clib/microlib/init/entry.s            0x00000000   Number         0  entry7b.o ABSOLUTE
    ../clib/microlib/init/entry.s            0x00000000   Number         0  entry.o ABSOLUTE
    ../clib/microlib/init/entry.s            0x00000000   Number         0  entry11b.o ABSOLUTE
    ../clib/microlib/longlong.c              0x00000000   Number         0  llushr.o ABSOLUTE
    ../clib/microlib/longlong.c              0x00000000   Number         0  llshl.o ABSOLUTE
    ../clib/microlib/longlong.c              0x00000000   Number         0  llsshr.o ABSOLUTE
    ../clib/microlib/printf/printf.c         0x00000000   Number         0  printfb.o ABSOLUTE
    ../clib/microlib/printf/printf.c         0x00000000   Number         0  printfa.o ABSOLUTE
    ../clib/microlib/printf/printf.c         0x00000000   Number         0  printf5.o ABSOLUTE
    ../clib/microlib/printf/printf.c         0x00000000   Number         0  printf8.o ABSOLUTE
    ../clib/microlib/printf/printf.c         0x00000000   Number         0  printf0.o ABSOLUTE
    ../clib/microlib/printf/printf.c         0x00000000   Number         0  printf1.o ABSOLUTE
    ../clib/microlib/printf/printf.c         0x00000000   Number         0  printf2.o ABSOLUTE
    ../clib/microlib/printf/printf.c         0x00000000   Number         0  printf3.o ABSOLUTE
    ../clib/microlib/printf/printf.c         0x00000000   Number         0  printf4.o ABSOLUTE
    ../clib/microlib/printf/printf.c         0x00000000   Number         0  printf7.o ABSOLUTE
    ../clib/microlib/printf/printf.c         0x00000000   Number         0  printf6.o ABSOLUTE
    ../clib/microlib/string/memcpy.c         0x00000000   Number         0  memcpyb.o ABSOLUTE
    ../clib/microlib/string/memcpy.c         0x00000000   Number         0  memcpya.o ABSOLUTE
    ../clib/microlib/string/memset.c         0x00000000   Number         0  memseta.o ABSOLUTE
    ../clib/microlib/string/strrchr.c        0x00000000   Number         0  strrchr.o ABSOLUTE
    ../clib/microlib/stubs.s                 0x00000000   Number         0  useno.o ABSOLUTE
    ../clib/microlib/stubs.s                 0x00000000   Number         0  iusefp.o ABSOLUTE
    ../fplib/microlib/d2f.c                  0x00000000   Number         0  d2f.o ABSOLUTE
    ../fplib/microlib/f2d.c                  0x00000000   Number         0  f2d.o ABSOLUTE
    ../fplib/microlib/fpadd.c                0x00000000   Number         0  dadd.o ABSOLUTE
    ../fplib/microlib/fpdiv.c                0x00000000   Number         0  ddiv.o ABSOLUTE
    ../fplib/microlib/fpepilogue.c           0x00000000   Number         0  depilogue.o ABSOLUTE
    ../fplib/microlib/fpepilogue.c           0x00000000   Number         0  fepilogue.o ABSOLUTE
    ../fplib/microlib/fpfix.c                0x00000000   Number         0  dfixul.o ABSOLUTE
    ../fplib/microlib/fpmul.c                0x00000000   Number         0  dmul.o ABSOLUTE
    ../mathlib/floor.c                       0x00000000   Number         0  floor.o ABSOLUTE
    ..\BSP\CC1101\CC1101.c                   0x00000000   Number         0  cc1101.o ABSOLUTE
    ..\BSP\stm32l4xx_nucleo.c                0x00000000   Number         0  stm32l4xx_nucleo.o ABSOLUTE
    ..\Drivers\STM32L4xx_HAL_Driver\Src\stm32l4xx_hal.c 0x00000000   Number         0  stm32l4xx_hal.o ABSOLUTE
    ..\Drivers\STM32L4xx_HAL_Driver\Src\stm32l4xx_hal_adc.c 0x00000000   Number         0  stm32l4xx_hal_adc.o ABSOLUTE
    ..\Drivers\STM32L4xx_HAL_Driver\Src\stm32l4xx_hal_adc_ex.c 0x00000000   Number         0  stm32l4xx_hal_adc_ex.o ABSOLUTE
    ..\Drivers\STM32L4xx_HAL_Driver\Src\stm32l4xx_hal_cortex.c 0x00000000   Number         0  stm32l4xx_hal_cortex.o ABSOLUTE
    ..\Drivers\STM32L4xx_HAL_Driver\Src\stm32l4xx_hal_dma.c 0x00000000   Number         0  stm32l4xx_hal_dma.o ABSOLUTE
    ..\Drivers\STM32L4xx_HAL_Driver\Src\stm32l4xx_hal_dma_ex.c 0x00000000   Number         0  stm32l4xx_hal_dma_ex.o ABSOLUTE
    ..\Drivers\STM32L4xx_HAL_Driver\Src\stm32l4xx_hal_exti.c 0x00000000   Number         0  stm32l4xx_hal_exti.o ABSOLUTE
    ..\Drivers\STM32L4xx_HAL_Driver\Src\stm32l4xx_hal_flash.c 0x00000000   Number         0  stm32l4xx_hal_flash.o ABSOLUTE
    ..\Drivers\STM32L4xx_HAL_Driver\Src\stm32l4xx_hal_flash_ex.c 0x00000000   Number         0  stm32l4xx_hal_flash_ex.o ABSOLUTE
    ..\Drivers\STM32L4xx_HAL_Driver\Src\stm32l4xx_hal_flash_ramfunc.c 0x00000000   Number         0  stm32l4xx_hal_flash_ramfunc.o ABSOLUTE
    ..\Drivers\STM32L4xx_HAL_Driver\Src\stm32l4xx_hal_gpio.c 0x00000000   Number         0  stm32l4xx_hal_gpio.o ABSOLUTE
    ..\Drivers\STM32L4xx_HAL_Driver\Src\stm32l4xx_hal_i2c.c 0x00000000   Number         0  stm32l4xx_hal_i2c.o ABSOLUTE
    ..\Drivers\STM32L4xx_HAL_Driver\Src\stm32l4xx_hal_i2c_ex.c 0x00000000   Number         0  stm32l4xx_hal_i2c_ex.o ABSOLUTE
    ..\Drivers\STM32L4xx_HAL_Driver\Src\stm32l4xx_hal_pwr.c 0x00000000   Number         0  stm32l4xx_hal_pwr.o ABSOLUTE
    ..\Drivers\STM32L4xx_HAL_Driver\Src\stm32l4xx_hal_pwr_ex.c 0x00000000   Number         0  stm32l4xx_hal_pwr_ex.o ABSOLUTE
    ..\Drivers\STM32L4xx_HAL_Driver\Src\stm32l4xx_hal_rcc.c 0x00000000   Number         0  stm32l4xx_hal_rcc.o ABSOLUTE
    ..\Drivers\STM32L4xx_HAL_Driver\Src\stm32l4xx_hal_rcc_ex.c 0x00000000   Number         0  stm32l4xx_hal_rcc_ex.o ABSOLUTE
    ..\Drivers\STM32L4xx_HAL_Driver\Src\stm32l4xx_hal_rtc.c 0x00000000   Number         0  stm32l4xx_hal_rtc.o ABSOLUTE
    ..\Drivers\STM32L4xx_HAL_Driver\Src\stm32l4xx_hal_rtc_ex.c 0x00000000   Number         0  stm32l4xx_hal_rtc_ex.o ABSOLUTE
    ..\Drivers\STM32L4xx_HAL_Driver\Src\stm32l4xx_hal_spi.c 0x00000000   Number         0  stm32l4xx_hal_spi.o ABSOLUTE
    ..\Drivers\STM32L4xx_HAL_Driver\Src\stm32l4xx_hal_spi_ex.c 0x00000000   Number         0  stm32l4xx_hal_spi_ex.o ABSOLUTE
    ..\Drivers\STM32L4xx_HAL_Driver\Src\stm32l4xx_hal_tim.c 0x00000000   Number         0  stm32l4xx_hal_tim.o ABSOLUTE
    ..\Drivers\STM32L4xx_HAL_Driver\Src\stm32l4xx_hal_tim_ex.c 0x00000000   Number         0  stm32l4xx_hal_tim_ex.o ABSOLUTE
    ..\Drivers\STM32L4xx_HAL_Driver\Src\stm32l4xx_hal_uart.c 0x00000000   Number         0  stm32l4xx_hal_uart.o ABSOLUTE
    ..\Drivers\STM32L4xx_HAL_Driver\Src\stm32l4xx_hal_uart_ex.c 0x00000000   Number         0  stm32l4xx_hal_uart_ex.o ABSOLUTE
    ..\Hardware\debug.c                      0x00000000   Number         0  debug.o ABSOLUTE
    ..\Hardware\delay.c                      0x00000000   Number         0  delay.o ABSOLUTE
    ..\Hardware\fast_spi.c                   0x00000000   Number         0  fast_spi.o ABSOLUTE
    ..\Hardware\hw_gpio.c                    0x00000000   Number         0  hw_gpio.o ABSOLUTE
    ..\Hardware\hw_rtc.c                     0x00000000   Number         0  hw_rtc.o ABSOLUTE
    ..\Hardware\hw_spi.c                     0x00000000   Number         0  hw_spi.o ABSOLUTE
    ..\Hardware\rtc.c                        0x00000000   Number         0  rtc.o ABSOLUTE
    ..\Hardware\sys.c                        0x00000000   Number         0  sys.o ABSOLUTE
    ..\Hardware\timer.c                      0x00000000   Number         0  timer.o ABSOLUTE
    ..\Hardware\usart.c                      0x00000000   Number         0  usart.o ABSOLUTE
    ..\Hardware\vcom.c                       0x00000000   Number         0  vcom.o ABSOLUTE
    ..\Src\main.c                            0x00000000   Number         0  main.o ABSOLUTE
    ..\Src\stm32l4xx_hal_msp.c               0x00000000   Number         0  stm32l4xx_hal_msp.o ABSOLUTE
    ..\Src\stm32l4xx_it.c                    0x00000000   Number         0  stm32l4xx_it.o ABSOLUTE
    ..\Src\system_stm32l4xx.c                0x00000000   Number         0  system_stm32l4xx.o ABSOLUTE
    ..\Utilities\low_power_manager.c         0x00000000   Number         0  low_power_manager.o ABSOLUTE
    ..\Utilities\queue.c                     0x00000000   Number         0  queue.o ABSOLUTE
    ..\Utilities\systime.c                   0x00000000   Number         0  systime.o ABSOLUTE
    ..\Utilities\timeServer.c                0x00000000   Number         0  timeserver.o ABSOLUTE
    ..\Utilities\trace.c                     0x00000000   Number         0  trace.o ABSOLUTE
    ..\Utilities\utilities.c                 0x00000000   Number         0  utilities.o ABSOLUTE
    ..\\BSP\\CC1101\\CC1101.c                0x00000000   Number         0  cc1101.o ABSOLUTE
    ..\\BSP\\stm32l4xx_nucleo.c              0x00000000   Number         0  stm32l4xx_nucleo.o ABSOLUTE
    ..\\Drivers\\STM32L4xx_HAL_Driver\\Src\\stm32l4xx_hal_adc.c 0x00000000   Number         0  stm32l4xx_hal_adc.o ABSOLUTE
    ..\\Drivers\\STM32L4xx_HAL_Driver\\Src\\stm32l4xx_hal_adc_ex.c 0x00000000   Number         0  stm32l4xx_hal_adc_ex.o ABSOLUTE
    ..\\Drivers\\STM32L4xx_HAL_Driver\\Src\\stm32l4xx_hal_rtc.c 0x00000000   Number         0  stm32l4xx_hal_rtc.o ABSOLUTE
    ..\\Drivers\\STM32L4xx_HAL_Driver\\Src\\stm32l4xx_hal_rtc_ex.c 0x00000000   Number         0  stm32l4xx_hal_rtc_ex.o ABSOLUTE
    ..\\Hardware\\debug.c                    0x00000000   Number         0  debug.o ABSOLUTE
    ..\\Hardware\\delay.c                    0x00000000   Number         0  delay.o ABSOLUTE
    ..\\Hardware\\fast_spi.c                 0x00000000   Number         0  fast_spi.o ABSOLUTE
    ..\\Hardware\\hw_gpio.c                  0x00000000   Number         0  hw_gpio.o ABSOLUTE
    ..\\Hardware\\hw_rtc.c                   0x00000000   Number         0  hw_rtc.o ABSOLUTE
    ..\\Hardware\\hw_spi.c                   0x00000000   Number         0  hw_spi.o ABSOLUTE
    ..\\Hardware\\rtc.c                      0x00000000   Number         0  rtc.o ABSOLUTE
    ..\\Hardware\\sys.c                      0x00000000   Number         0  sys.o ABSOLUTE
    ..\\Hardware\\timer.c                    0x00000000   Number         0  timer.o ABSOLUTE
    ..\\Hardware\\usart.c                    0x00000000   Number         0  usart.o ABSOLUTE
    ..\\Hardware\\vcom.c                     0x00000000   Number         0  vcom.o ABSOLUTE
    ..\\Utilities\\low_power_manager.c       0x00000000   Number         0  low_power_manager.o ABSOLUTE
    ..\\Utilities\\systime.c                 0x00000000   Number         0  systime.o ABSOLUTE
    ..\\Utilities\\timeServer.c              0x00000000   Number         0  timeserver.o ABSOLUTE
    ..\\Utilities\\trace.c                   0x00000000   Number         0  trace.o ABSOLUTE
    ..\\Utilities\\utilities.c               0x00000000   Number         0  utilities.o ABSOLUTE
    cdrcmple.s                               0x00000000   Number         0  cdrcmple.o ABSOLUTE
    dc.s                                     0x00000000   Number         0  dc.o ABSOLUTE
    handlers.s                               0x00000000   Number         0  handlers.o ABSOLUTE
    init.s                                   0x00000000   Number         0  init.o ABSOLUTE
    startup_stm32l476xx.s                    0x00000000   Number         0  startup_stm32l476xx.o ABSOLUTE
    RESET                                    0x08000000   Section      392  startup_stm32l476xx.o(RESET)
    .ARM.Collect$$$$00000000                 0x08000188   Section        0  entry.o(.ARM.Collect$$$$00000000)
    .ARM.Collect$$$$00000001                 0x08000188   Section        4  entry2.o(.ARM.Collect$$$$00000001)
    .ARM.Collect$$$$00000004                 0x0800018c   Section        4  entry5.o(.ARM.Collect$$$$00000004)
    .ARM.Collect$$$$00000008                 0x08000190   Section        0  entry7b.o(.ARM.Collect$$$$00000008)
    .ARM.Collect$$$$0000000A                 0x08000190   Section        0  entry8b.o(.ARM.Collect$$$$0000000A)
    .ARM.Collect$$$$0000000B                 0x08000190   Section        8  entry9a.o(.ARM.Collect$$$$0000000B)
    .ARM.Collect$$$$0000000D                 0x08000198   Section        0  entry10a.o(.ARM.Collect$$$$0000000D)
    .ARM.Collect$$$$0000000F                 0x08000198   Section        0  entry11a.o(.ARM.Collect$$$$0000000F)
    .ARM.Collect$$$$00002712                 0x08000198   Section        4  entry2.o(.ARM.Collect$$$$00002712)
    __lit__00000000                          0x08000198   Data           4  entry2.o(.ARM.Collect$$$$00002712)
    .text                                    0x0800019c   Section       36  startup_stm32l476xx.o(.text)
    $v0                                      0x0800019c   Number         0  startup_stm32l476xx.o(.text)
    .text                                    0x080001c0   Section        0  uldiv.o(.text)
    .text                                    0x08000228   Section        0  memseta.o(.text)
    .text                                    0x0800024c   Section        0  uidiv.o(.text)
    .text                                    0x08000278   Section        0  llshl.o(.text)
    .text                                    0x08000296   Section        0  llushr.o(.text)
    .text                                    0x080002b6   Section        0  iusefp.o(.text)
    .text                                    0x080002b6   Section        0  dadd.o(.text)
    .text                                    0x08000414   Section        0  dmul.o(.text)
    .text                                    0x080004fe   Section        0  ddiv.o(.text)
    .text                                    0x080005dc   Section        0  dfixul.o(.text)
    .text                                    0x0800060c   Section       48  cdrcmple.o(.text)
    .text                                    0x0800063c   Section       36  init.o(.text)
    .text                                    0x08000660   Section        0  llsshr.o(.text)
    .text                                    0x08000684   Section        0  depilogue.o(.text)
    i.BusFault_Handler                       0x0800073e   Section        0  stm32l4xx_it.o(i.BusFault_Handler)
    i.CC1101_Burst_Write                     0x08000744   Section        0  cc1101.o(i.CC1101_Burst_Write)
    i.CC1101_Init                            0x080007f4   Section        0  cc1101.o(i.CC1101_Init)
    i.CC1101_Reset                           0x0800080c   Section        0  cc1101.o(i.CC1101_Reset)
    i.CC1101_Set_OpMode                      0x08000830   Section        0  cc1101.o(i.CC1101_Set_OpMode)
    i.DMA_SetConfig                          0x08000850   Section        0  stm32l4xx_hal_dma.o(i.DMA_SetConfig)
    DMA_SetConfig                            0x08000851   Thumb Code    48  stm32l4xx_hal_dma.o(i.DMA_SetConfig)
    i.DebugMon_Handler                       0x08000880   Section        0  stm32l4xx_it.o(i.DebugMon_Handler)
    i.Error_Handler                          0x08000884   Section        0  debug.o(i.Error_Handler)
    i.Fast_SetChannel                        0x080008a4   Section        0  main.o(i.Fast_SetChannel)
    i.GPIO_Set                               0x080008e4   Section        0  sys.o(i.GPIO_Set)
    i.Generate_Quarter_DownChirp             0x080009c4   Section        0  main.o(i.Generate_Quarter_DownChirp)
    i.HAL_DMA_Abort_IT                       0x08000b58   Section        0  stm32l4xx_hal_dma.o(i.HAL_DMA_Abort_IT)
    i.HAL_DMA_Start_IT                       0x08000bb4   Section        0  stm32l4xx_hal_dma.o(i.HAL_DMA_Start_IT)
    i.HAL_Delay                              0x08000c50   Section        0  stm32l4xx_hal.o(i.HAL_Delay)
    i.HAL_GPIO_Init                          0x08000c78   Section        0  stm32l4xx_hal_gpio.o(i.HAL_GPIO_Init)
    i.HAL_GPIO_ReadPin                       0x08000e7c   Section        0  stm32l4xx_hal_gpio.o(i.HAL_GPIO_ReadPin)
    i.HAL_GPIO_TogglePin                     0x08000e8c   Section        0  stm32l4xx_hal_gpio.o(i.HAL_GPIO_TogglePin)
    i.HAL_GPIO_WritePin                      0x08000e9a   Section        0  stm32l4xx_hal_gpio.o(i.HAL_GPIO_WritePin)
    i.HAL_GetTick                            0x08000ea4   Section        0  stm32l4xx_hal.o(i.HAL_GetTick)
    i.HAL_IncTick                            0x08000eb0   Section        0  stm32l4xx_hal.o(i.HAL_IncTick)
    i.HAL_Init                               0x08000ec8   Section        0  stm32l4xx_hal.o(i.HAL_Init)
    i.HAL_InitTick                           0x08000ee8   Section        0  stm32l4xx_hal.o(i.HAL_InitTick)
    i.HAL_MspInit                            0x08000f40   Section        0  stm32l4xx_hal_msp.o(i.HAL_MspInit)
    i.HAL_NVIC_EnableIRQ                     0x08000f42   Section        0  stm32l4xx_hal_cortex.o(i.HAL_NVIC_EnableIRQ)
    i.HAL_NVIC_SetPriority                   0x08000f62   Section        0  stm32l4xx_hal_cortex.o(i.HAL_NVIC_SetPriority)
    i.HAL_NVIC_SetPriorityGrouping           0x08000fe4   Section        0  stm32l4xx_hal_cortex.o(i.HAL_NVIC_SetPriorityGrouping)
    i.HAL_PWREx_GetVoltageRange              0x0800100c   Section        0  stm32l4xx_hal_pwr_ex.o(i.HAL_PWREx_GetVoltageRange)
    i.HAL_RCC_ClockConfig                    0x0800101c   Section        0  stm32l4xx_hal_rcc.o(i.HAL_RCC_ClockConfig)
    i.HAL_RCC_GetHCLKFreq                    0x08001198   Section        0  stm32l4xx_hal_rcc.o(i.HAL_RCC_GetHCLKFreq)
    i.HAL_RCC_GetPCLK1Freq                   0x080011a4   Section        0  stm32l4xx_hal_rcc.o(i.HAL_RCC_GetPCLK1Freq)
    i.HAL_RCC_GetPCLK2Freq                   0x080011c8   Section        0  stm32l4xx_hal_rcc.o(i.HAL_RCC_GetPCLK2Freq)
    i.HAL_RCC_GetSysClockFreq                0x080011ec   Section        0  stm32l4xx_hal_rcc.o(i.HAL_RCC_GetSysClockFreq)
    i.HAL_RCC_OscConfig                      0x080012d8   Section        0  stm32l4xx_hal_rcc.o(i.HAL_RCC_OscConfig)
    i.HAL_SPI_Init                           0x08001964   Section        0  stm32l4xx_hal_spi.o(i.HAL_SPI_Init)
    i.HAL_SPI_MspInit                        0x08001a24   Section        0  stm32l4xx_hal_spi.o(i.HAL_SPI_MspInit)
    i.HAL_SYSTICK_CLKSourceConfig            0x08001a26   Section        0  stm32l4xx_hal_cortex.o(i.HAL_SYSTICK_CLKSourceConfig)
    i.HAL_SYSTICK_Config                     0x08001a4e   Section        0  stm32l4xx_hal_cortex.o(i.HAL_SYSTICK_Config)
    i.HAL_TIM_Base_Init                      0x08001a82   Section        0  stm32l4xx_hal_tim.o(i.HAL_TIM_Base_Init)
    i.HAL_TIM_Base_MspInit                   0x08001ab8   Section        0  timer.o(i.HAL_TIM_Base_MspInit)
    i.HAL_TIM_Base_Stop_IT                   0x08001afc   Section        0  stm32l4xx_hal_tim.o(i.HAL_TIM_Base_Stop_IT)
    i.HAL_UARTEx_WakeupCallback              0x08001b34   Section        0  stm32l4xx_hal_uart_ex.o(i.HAL_UARTEx_WakeupCallback)
    i.HAL_UART_ErrorCallback                 0x08001b36   Section        0  stm32l4xx_hal_uart.o(i.HAL_UART_ErrorCallback)
    i.HAL_UART_GetState                      0x08001b38   Section        0  stm32l4xx_hal_uart.o(i.HAL_UART_GetState)
    i.HAL_UART_IRQHandler                    0x08001b44   Section        0  stm32l4xx_hal_uart.o(i.HAL_UART_IRQHandler)
    i.HAL_UART_Init                          0x08001cd4   Section        0  stm32l4xx_hal_uart.o(i.HAL_UART_Init)
    i.HAL_UART_MspInit                       0x08001d48   Section        0  usart.o(i.HAL_UART_MspInit)
    i.HAL_UART_Receive_IT                    0x08001dd4   Section        0  stm32l4xx_hal_uart.o(i.HAL_UART_Receive_IT)
    i.HAL_UART_RxCpltCallback                0x08001eb8   Section        0  usart.o(i.HAL_UART_RxCpltCallback)
    i.HAL_UART_Transmit_DMA                  0x08001f40   Section        0  stm32l4xx_hal_uart.o(i.HAL_UART_Transmit_DMA)
    i.HAL_UART_TxCpltCallback                0x08001ff4   Section        0  vcom.o(i.HAL_UART_TxCpltCallback)
    i.HAL_UART_TxHalfCpltCallback            0x08002004   Section        0  stm32l4xx_hal_uart.o(i.HAL_UART_TxHalfCpltCallback)
    i.HW_GPIO_Init                           0x08002008   Section        0  hw_gpio.o(i.HW_GPIO_Init)
    i.HW_GPIO_Write                          0x080020f0   Section        0  hw_gpio.o(i.HW_GPIO_Write)
    i.HW_SPI_Init                            0x08002104   Section        0  hw_spi.o(i.HW_SPI_Init)
    i.HW_SPI_IoInit                          0x08002188   Section        0  hw_spi.o(i.HW_SPI_IoInit)
    i.HardFault_Handler                      0x080021ec   Section        0  stm32l4xx_it.o(i.HardFault_Handler)
    i.LPM_SetStopMode                        0x080021f4   Section        0  low_power_manager.o(i.LPM_SetStopMode)
    i.LoRa_DownChirp                         0x08002234   Section        0  main.o(i.LoRa_DownChirp)
    i.LoRa_Payload                           0x080023d0   Section        0  main.o(i.LoRa_Payload)
    i.LoRa_UpChirp                           0x0800257c   Section        0  main.o(i.LoRa_UpChirp)
    i.MemManage_Handler                      0x08002738   Section        0  stm32l4xx_it.o(i.MemManage_Handler)
    i.NMI_Handler                            0x0800273c   Section        0  stm32l4xx_it.o(i.NMI_Handler)
    i.PendSV_Handler                         0x0800273e   Section        0  stm32l4xx_it.o(i.PendSV_Handler)
    i.RCC_SetFlashLatencyFromMSIRange        0x08002740   Section        0  stm32l4xx_hal_rcc.o(i.RCC_SetFlashLatencyFromMSIRange)
    RCC_SetFlashLatencyFromMSIRange          0x08002741   Thumb Code   148  stm32l4xx_hal_rcc.o(i.RCC_SetFlashLatencyFromMSIRange)
    i.SPI1_Init                              0x080027dc   Section        0  fast_spi.o(i.SPI1_Init)
    i.SPI1_ReadWriteByte_u16                 0x08002874   Section        0  fast_spi.o(i.SPI1_ReadWriteByte_u16)
    i.SPI1_ReadWriteByte_u8                  0x080028bc   Section        0  fast_spi.o(i.SPI1_ReadWriteByte_u8)
    i.SVC_Handler                            0x080028ec   Section        0  stm32l4xx_it.o(i.SVC_Handler)
    i.SysTick_Handler                        0x080028ee   Section        0  stm32l4xx_it.o(i.SysTick_Handler)
    i.SystemClock_Config                     0x080028f6   Section        0  sys.o(i.SystemClock_Config)
    i.SystemInit                             0x08002960   Section        0  system_stm32l4xx.o(i.SystemInit)
    i.TAMP_STAMP_IRQHandler                  0x080029b0   Section        0  rtc.o(i.TAMP_STAMP_IRQHandler)
    i.TIM1_Init                              0x080029b4   Section        0  timer.o(i.TIM1_Init)
    i.TIM_Base_SetConfig                     0x080029ec   Section        0  stm32l4xx_hal_tim.o(i.TIM_Base_SetConfig)
    i.TraceSend                              0x08002ab8   Section        0  trace.o(i.TraceSend)
    i.UART_AdvFeatureConfig                  0x08002b40   Section        0  stm32l4xx_hal_uart.o(i.UART_AdvFeatureConfig)
    i.UART_CheckIdleState                    0x08002c38   Section        0  stm32l4xx_hal_uart.o(i.UART_CheckIdleState)
    i.UART_DMAAbortOnError                   0x08002ca6   Section        0  stm32l4xx_hal_uart.o(i.UART_DMAAbortOnError)
    UART_DMAAbortOnError                     0x08002ca7   Thumb Code    24  stm32l4xx_hal_uart.o(i.UART_DMAAbortOnError)
    i.UART_DMAError                          0x08002cbe   Section        0  stm32l4xx_hal_uart.o(i.UART_DMAError)
    UART_DMAError                            0x08002cbf   Thumb Code    86  stm32l4xx_hal_uart.o(i.UART_DMAError)
    i.UART_DMATransmitCplt                   0x08002d14   Section        0  stm32l4xx_hal_uart.o(i.UART_DMATransmitCplt)
    UART_DMATransmitCplt                     0x08002d15   Thumb Code    56  stm32l4xx_hal_uart.o(i.UART_DMATransmitCplt)
    i.UART_DMATxHalfCplt                     0x08002d4c   Section        0  stm32l4xx_hal_uart.o(i.UART_DMATxHalfCplt)
    UART_DMATxHalfCplt                       0x08002d4d   Thumb Code    14  stm32l4xx_hal_uart.o(i.UART_DMATxHalfCplt)
    i.UART_EndRxTransfer                     0x08002d5a   Section        0  stm32l4xx_hal_uart.o(i.UART_EndRxTransfer)
    UART_EndRxTransfer                       0x08002d5b   Thumb Code    34  stm32l4xx_hal_uart.o(i.UART_EndRxTransfer)
    i.UART_EndTransmit_IT                    0x08002d7c   Section        0  stm32l4xx_hal_uart.o(i.UART_EndTransmit_IT)
    UART_EndTransmit_IT                      0x08002d7d   Thumb Code    32  stm32l4xx_hal_uart.o(i.UART_EndTransmit_IT)
    i.UART_EndTxTransfer                     0x08002d9c   Section        0  stm32l4xx_hal_uart.o(i.UART_EndTxTransfer)
    UART_EndTxTransfer                       0x08002d9d   Thumb Code    18  stm32l4xx_hal_uart.o(i.UART_EndTxTransfer)
    i.UART_RxISR_16BIT                       0x08002dae   Section        0  stm32l4xx_hal_uart.o(i.UART_RxISR_16BIT)
    UART_RxISR_16BIT                         0x08002daf   Thumb Code   106  stm32l4xx_hal_uart.o(i.UART_RxISR_16BIT)
    i.UART_RxISR_8BIT                        0x08002e18   Section        0  stm32l4xx_hal_uart.o(i.UART_RxISR_8BIT)
    UART_RxISR_8BIT                          0x08002e19   Thumb Code   102  stm32l4xx_hal_uart.o(i.UART_RxISR_8BIT)
    i.UART_SetConfig                         0x08002e80   Section        0  stm32l4xx_hal_uart.o(i.UART_SetConfig)
    i.UART_WaitOnFlagUntilTimeout            0x0800330a   Section        0  stm32l4xx_hal_uart.o(i.UART_WaitOnFlagUntilTimeout)
    i.USART2_IRQHandler                      0x08003374   Section        0  usart.o(i.USART2_IRQHandler)
    i.UsageFault_Handler                     0x080033b4   Section        0  stm32l4xx_it.o(i.UsageFault_Handler)
    i.__0printf                              0x080033b8   Section        0  printfa.o(i.__0printf)
    i.__0vsnprintf                           0x080033d8   Section        0  printfa.o(i.__0vsnprintf)
    i.__NVIC_GetPriorityGrouping             0x08003404   Section        0  stm32l4xx_hal_cortex.o(i.__NVIC_GetPriorityGrouping)
    __NVIC_GetPriorityGrouping               0x08003405   Thumb Code    10  stm32l4xx_hal_cortex.o(i.__NVIC_GetPriorityGrouping)
    i.__NVIC_SetPriority                     0x08003414   Section        0  stm32l4xx_hal_cortex.o(i.__NVIC_SetPriority)
    __NVIC_SetPriority                       0x08003415   Thumb Code    32  stm32l4xx_hal_cortex.o(i.__NVIC_SetPriority)
    i.__scatterload_copy                     0x0800343c   Section       14  handlers.o(i.__scatterload_copy)
    i.__scatterload_null                     0x0800344a   Section        2  handlers.o(i.__scatterload_null)
    i.__scatterload_zeroinit                 0x0800344c   Section       14  handlers.o(i.__scatterload_zeroinit)
    i.__set_PRIMASK                          0x0800345a   Section        0  trace.o(i.__set_PRIMASK)
    __set_PRIMASK                            0x0800345b   Thumb Code     6  trace.o(i.__set_PRIMASK)
    i._fp_digits                             0x08003460   Section        0  printfa.o(i._fp_digits)
    _fp_digits                               0x08003461   Thumb Code   366  printfa.o(i._fp_digits)
    i._printf_core                           0x080035ec   Section        0  printfa.o(i._printf_core)
    _printf_core                             0x080035ed   Thumb Code  1744  printfa.o(i._printf_core)
    i._printf_post_padding                   0x08003cce   Section        0  printfa.o(i._printf_post_padding)
    _printf_post_padding                     0x08003ccf   Thumb Code    36  printfa.o(i._printf_post_padding)
    i._printf_pre_padding                    0x08003cf2   Section        0  printfa.o(i._printf_pre_padding)
    _printf_pre_padding                      0x08003cf3   Thumb Code    46  printfa.o(i._printf_pre_padding)
    i._snputc                                0x08003d20   Section        0  printfa.o(i._snputc)
    _snputc                                  0x08003d21   Thumb Code    22  printfa.o(i._snputc)
    i.add_elementSize_and_inc_writeIdx       0x08003d36   Section        0  queue.o(i.add_elementSize_and_inc_writeIdx)
    add_elementSize_and_inc_writeIdx         0x08003d37   Thumb Code    50  queue.o(i.add_elementSize_and_inc_writeIdx)
    i.circular_queue_add                     0x08003d68   Section        0  queue.o(i.circular_queue_add)
    i.circular_queue_get                     0x08003e40   Section        0  queue.o(i.circular_queue_get)
    i.circular_queue_get_free_size           0x08003e92   Section        0  queue.o(i.circular_queue_get_free_size)
    circular_queue_get_free_size             0x08003e93   Thumb Code    42  queue.o(i.circular_queue_get_free_size)
    i.delay_init                             0x08003ebc   Section        0  delay.o(i.delay_init)
    i.delay_ms                               0x08003ed0   Section        0  delay.o(i.delay_ms)
    i.delay_us                               0x08003ee8   Section        0  delay.o(i.delay_us)
    i.fputc                                  0x08003f30   Section        0  usart.o(i.fputc)
    i.main                                   0x08003f4c   Section        0  main.o(i.main)
    i.queue_copy                             0x08004128   Section        0  queue.o(i.queue_copy)
    queue_copy                               0x08004129   Thumb Code    24  queue.o(i.queue_copy)
    i.uart_init                              0x08004140   Section        0  usart.o(i.uart_init)
    i.vcom_Trace                             0x08004178   Section        0  vcom.o(i.vcom_Trace)
    .constdata                               0x08004190   Section       72  system_stm32l4xx.o(.constdata)
    .data                                    0x20000000   Section      148  main.o(.data)
    CC1101_Init_Setting                      0x20000000   Data          47  main.o(.data)
    .data                                    0x20000094   Section       12  stm32l4xx_hal.o(.data)
    .data                                    0x200000a0   Section        4  system_stm32l4xx.o(.data)
    .data                                    0x200000a4   Section       47  cc1101.o(.data)
    CC1101_Init_Setting                      0x200000a4   Data          47  cc1101.o(.data)
    .data                                    0x200000d4   Section        4  vcom.o(.data)
    TxCpltCallback                           0x200000d4   Data           4  vcom.o(.data)
    .data                                    0x200000d8   Section        4  timer.o(.data)
    .data                                    0x200000dc   Section        4  delay.o(.data)
    fac_us                                   0x200000dc   Data           4  delay.o(.data)
    .data                                    0x200000e0   Section        7  usart.o(.data)
    .data                                    0x200000e8   Section        8  low_power_manager.o(.data)
    StopModeDisable                          0x200000e8   Data           4  low_power_manager.o(.data)
    OffModeDisable                           0x200000ec   Data           4  low_power_manager.o(.data)
    .data                                    0x200000f0   Section        1  trace.o(.data)
    .bss                                     0x200000f4   Section    32844  main.o(.bss)
    .bss                                     0x20008140   Section      100  hw_spi.o(.bss)
    hspi                                     0x20008140   Data         100  hw_spi.o(.bss)
    .bss                                     0x200081a4   Section      128  vcom.o(.bss)
    UartHandle                               0x200081a4   Data         128  vcom.o(.bss)
    .bss                                     0x20008224   Section       64  timer.o(.bss)
    .bss                                     0x20008264   Section      328  usart.o(.bss)
    .bss                                     0x200083ac   Section      272  trace.o(.bss)
    MsgTraceQueue                            0x200083ac   Data          16  trace.o(.bss)
    MsgTraceQueueBuff                        0x200083bc   Data         256  trace.o(.bss)
    STACK                                    0x200084c0   Section     1024  startup_stm32l476xx.o(STACK)

    Global Symbols

    Symbol Name                              Value     Ov Type        Size  Object(Section)

    BuildAttributes$$THM_ISAv4$E$P$D$K$B$S$7EM$VFPi3$EXTD16$VFPS$VFMA$PE$A:L22UL41UL21$X:L11$S22US41US21$IEEE1$IW$USESV6$~STKCKD$USESV7$~SHL$OTIME$ROPI$IEEEJ$EBA8$MICROLIB$REQ8$PRES8$EABIv2 0x00000000   Number         0  anon$$obj.o ABSOLUTE
    __ARM_use_no_argv                        0x00000000   Number         0  main.o ABSOLUTE
    __use_no_errno                           0x00000000   Number         0  useno.o ABSOLUTE
    __use_no_exception_handling              0x00000000   Number         0  useno.o ABSOLUTE
    __use_no_fp                              0x00000000   Number         0  useno.o ABSOLUTE
    __use_no_heap                            0x00000000   Number         0  useno.o ABSOLUTE
    __use_no_heap_region                     0x00000000   Number         0  useno.o ABSOLUTE
    __use_no_semihosting                     0x00000000   Number         0  useno.o ABSOLUTE
    __use_no_semihosting_swi                 0x00000000   Number         0  useno.o ABSOLUTE
    __use_no_signal_handling                 0x00000000   Number         0  useno.o ABSOLUTE
    __cpp_initialize__aeabi_                  - Undefined Weak Reference
    __cxa_finalize                            - Undefined Weak Reference
    __decompress                              - Undefined Weak Reference
    _clock_init                               - Undefined Weak Reference
    _microlib_exit                            - Undefined Weak Reference
    __Vectors_Size                           0x00000188   Number         0  startup_stm32l476xx.o ABSOLUTE
    __Vectors                                0x08000000   Data           4  startup_stm32l476xx.o(RESET)
    __Vectors_End                            0x08000188   Data           0  startup_stm32l476xx.o(RESET)
    __main                                   0x08000189   Thumb Code     0  entry.o(.ARM.Collect$$$$00000000)
    _main_stk                                0x08000189   Thumb Code     0  entry2.o(.ARM.Collect$$$$00000001)
    _main_scatterload                        0x0800018d   Thumb Code     0  entry5.o(.ARM.Collect$$$$00000004)
    __main_after_scatterload                 0x08000191   Thumb Code     0  entry5.o(.ARM.Collect$$$$00000004)
    _main_clock                              0x08000191   Thumb Code     0  entry7b.o(.ARM.Collect$$$$00000008)
    _main_cpp_init                           0x08000191   Thumb Code     0  entry8b.o(.ARM.Collect$$$$0000000A)
    _main_init                               0x08000191   Thumb Code     0  entry9a.o(.ARM.Collect$$$$0000000B)
    __rt_final_cpp                           0x08000199   Thumb Code     0  entry10a.o(.ARM.Collect$$$$0000000D)
    __rt_final_exit                          0x08000199   Thumb Code     0  entry11a.o(.ARM.Collect$$$$0000000F)
    Reset_Handler                            0x0800019d   Thumb Code     8  startup_stm32l476xx.o(.text)
    ADC1_2_IRQHandler                        0x080001b7   Thumb Code     0  startup_stm32l476xx.o(.text)
    ADC3_IRQHandler                          0x080001b7   Thumb Code     0  startup_stm32l476xx.o(.text)
    CAN1_RX0_IRQHandler                      0x080001b7   Thumb Code     0  startup_stm32l476xx.o(.text)
    CAN1_RX1_IRQHandler                      0x080001b7   Thumb Code     0  startup_stm32l476xx.o(.text)
    CAN1_SCE_IRQHandler                      0x080001b7   Thumb Code     0  startup_stm32l476xx.o(.text)
    CAN1_TX_IRQHandler                       0x080001b7   Thumb Code     0  startup_stm32l476xx.o(.text)
    COMP_IRQHandler                          0x080001b7   Thumb Code     0  startup_stm32l476xx.o(.text)
    DFSDM1_FLT0_IRQHandler                   0x080001b7   Thumb Code     0  startup_stm32l476xx.o(.text)
    DFSDM1_FLT1_IRQHandler                   0x080001b7   Thumb Code     0  startup_stm32l476xx.o(.text)
    DFSDM1_FLT2_IRQHandler                   0x080001b7   Thumb Code     0  startup_stm32l476xx.o(.text)
    DFSDM1_FLT3_IRQHandler                   0x080001b7   Thumb Code     0  startup_stm32l476xx.o(.text)
    DMA1_Channel1_IRQHandler                 0x080001b7   Thumb Code     0  startup_stm32l476xx.o(.text)
    DMA1_Channel2_IRQHandler                 0x080001b7   Thumb Code     0  startup_stm32l476xx.o(.text)
    DMA1_Channel3_IRQHandler                 0x080001b7   Thumb Code     0  startup_stm32l476xx.o(.text)
    DMA1_Channel4_IRQHandler                 0x080001b7   Thumb Code     0  startup_stm32l476xx.o(.text)
    DMA1_Channel5_IRQHandler                 0x080001b7   Thumb Code     0  startup_stm32l476xx.o(.text)
    DMA1_Channel6_IRQHandler                 0x080001b7   Thumb Code     0  startup_stm32l476xx.o(.text)
    DMA1_Channel7_IRQHandler                 0x080001b7   Thumb Code     0  startup_stm32l476xx.o(.text)
    DMA2_Channel1_IRQHandler                 0x080001b7   Thumb Code     0  startup_stm32l476xx.o(.text)
    DMA2_Channel2_IRQHandler                 0x080001b7   Thumb Code     0  startup_stm32l476xx.o(.text)
    DMA2_Channel3_IRQHandler                 0x080001b7   Thumb Code     0  startup_stm32l476xx.o(.text)
    DMA2_Channel4_IRQHandler                 0x080001b7   Thumb Code     0  startup_stm32l476xx.o(.text)
    DMA2_Channel5_IRQHandler                 0x080001b7   Thumb Code     0  startup_stm32l476xx.o(.text)
    DMA2_Channel6_IRQHandler                 0x080001b7   Thumb Code     0  startup_stm32l476xx.o(.text)
    DMA2_Channel7_IRQHandler                 0x080001b7   Thumb Code     0  startup_stm32l476xx.o(.text)
    EXTI0_IRQHandler                         0x080001b7   Thumb Code     0  startup_stm32l476xx.o(.text)
    EXTI15_10_IRQHandler                     0x080001b7   Thumb Code     0  startup_stm32l476xx.o(.text)
    EXTI1_IRQHandler                         0x080001b7   Thumb Code     0  startup_stm32l476xx.o(.text)
    EXTI2_IRQHandler                         0x080001b7   Thumb Code     0  startup_stm32l476xx.o(.text)
    EXTI3_IRQHandler                         0x080001b7   Thumb Code     0  startup_stm32l476xx.o(.text)
    EXTI4_IRQHandler                         0x080001b7   Thumb Code     0  startup_stm32l476xx.o(.text)
    EXTI9_5_IRQHandler                       0x080001b7   Thumb Code     0  startup_stm32l476xx.o(.text)
    FLASH_IRQHandler                         0x080001b7   Thumb Code     0  startup_stm32l476xx.o(.text)
    FMC_IRQHandler                           0x080001b7   Thumb Code     0  startup_stm32l476xx.o(.text)
    FPU_IRQHandler                           0x080001b7   Thumb Code     0  startup_stm32l476xx.o(.text)
    I2C1_ER_IRQHandler                       0x080001b7   Thumb Code     0  startup_stm32l476xx.o(.text)
    I2C1_EV_IRQHandler                       0x080001b7   Thumb Code     0  startup_stm32l476xx.o(.text)
    I2C2_ER_IRQHandler                       0x080001b7   Thumb Code     0  startup_stm32l476xx.o(.text)
    I2C2_EV_IRQHandler                       0x080001b7   Thumb Code     0  startup_stm32l476xx.o(.text)
    I2C3_ER_IRQHandler                       0x080001b7   Thumb Code     0  startup_stm32l476xx.o(.text)
    I2C3_EV_IRQHandler                       0x080001b7   Thumb Code     0  startup_stm32l476xx.o(.text)
    LCD_IRQHandler                           0x080001b7   Thumb Code     0  startup_stm32l476xx.o(.text)
    LPTIM1_IRQHandler                        0x080001b7   Thumb Code     0  startup_stm32l476xx.o(.text)
    LPTIM2_IRQHandler                        0x080001b7   Thumb Code     0  startup_stm32l476xx.o(.text)
    LPUART1_IRQHandler                       0x080001b7   Thumb Code     0  startup_stm32l476xx.o(.text)
    OTG_FS_IRQHandler                        0x080001b7   Thumb Code     0  startup_stm32l476xx.o(.text)
    PVD_PVM_IRQHandler                       0x080001b7   Thumb Code     0  startup_stm32l476xx.o(.text)
    QUADSPI_IRQHandler                       0x080001b7   Thumb Code     0  startup_stm32l476xx.o(.text)
    RCC_IRQHandler                           0x080001b7   Thumb Code     0  startup_stm32l476xx.o(.text)
    RNG_IRQHandler                           0x080001b7   Thumb Code     0  startup_stm32l476xx.o(.text)
    RTC_Alarm_IRQHandler                     0x080001b7   Thumb Code     0  startup_stm32l476xx.o(.text)
    RTC_WKUP_IRQHandler                      0x080001b7   Thumb Code     0  startup_stm32l476xx.o(.text)
    SAI1_IRQHandler                          0x080001b7   Thumb Code     0  startup_stm32l476xx.o(.text)
    SAI2_IRQHandler                          0x080001b7   Thumb Code     0  startup_stm32l476xx.o(.text)
    SDMMC1_IRQHandler                        0x080001b7   Thumb Code     0  startup_stm32l476xx.o(.text)
    SPI1_IRQHandler                          0x080001b7   Thumb Code     0  startup_stm32l476xx.o(.text)
    SPI2_IRQHandler                          0x080001b7   Thumb Code     0  startup_stm32l476xx.o(.text)
    SPI3_IRQHandler                          0x080001b7   Thumb Code     0  startup_stm32l476xx.o(.text)
    SWPMI1_IRQHandler                        0x080001b7   Thumb Code     0  startup_stm32l476xx.o(.text)
    TIM1_BRK_TIM15_IRQHandler                0x080001b7   Thumb Code     0  startup_stm32l476xx.o(.text)
    TIM1_CC_IRQHandler                       0x080001b7   Thumb Code     0  startup_stm32l476xx.o(.text)
    TIM1_TRG_COM_TIM17_IRQHandler            0x080001b7   Thumb Code     0  startup_stm32l476xx.o(.text)
    TIM1_UP_TIM16_IRQHandler                 0x080001b7   Thumb Code     0  startup_stm32l476xx.o(.text)
    TIM2_IRQHandler                          0x080001b7   Thumb Code     0  startup_stm32l476xx.o(.text)
    TIM3_IRQHandler                          0x080001b7   Thumb Code     0  startup_stm32l476xx.o(.text)
    TIM4_IRQHandler                          0x080001b7   Thumb Code     0  startup_stm32l476xx.o(.text)
    TIM5_IRQHandler                          0x080001b7   Thumb Code     0  startup_stm32l476xx.o(.text)
    TIM6_DAC_IRQHandler                      0x080001b7   Thumb Code     0  startup_stm32l476xx.o(.text)
    TIM7_IRQHandler                          0x080001b7   Thumb Code     0  startup_stm32l476xx.o(.text)
    TIM8_BRK_IRQHandler                      0x080001b7   Thumb Code     0  startup_stm32l476xx.o(.text)
    TIM8_CC_IRQHandler                       0x080001b7   Thumb Code     0  startup_stm32l476xx.o(.text)
    TIM8_TRG_COM_IRQHandler                  0x080001b7   Thumb Code     0  startup_stm32l476xx.o(.text)
    TIM8_UP_IRQHandler                       0x080001b7   Thumb Code     0  startup_stm32l476xx.o(.text)
    TSC_IRQHandler                           0x080001b7   Thumb Code     0  startup_stm32l476xx.o(.text)
    UART4_IRQHandler                         0x080001b7   Thumb Code     0  startup_stm32l476xx.o(.text)
    UART5_IRQHandler                         0x080001b7   Thumb Code     0  startup_stm32l476xx.o(.text)
    USART1_IRQHandler                        0x080001b7   Thumb Code     0  startup_stm32l476xx.o(.text)
    USART3_IRQHandler                        0x080001b7   Thumb Code     0  startup_stm32l476xx.o(.text)
    WWDG_IRQHandler                          0x080001b7   Thumb Code     0  startup_stm32l476xx.o(.text)
    __aeabi_uldivmod                         0x080001c1   Thumb Code    98  uldiv.o(.text)
    __aeabi_memset                           0x08000229   Thumb Code    14  memseta.o(.text)
    __aeabi_memset4                          0x08000229   Thumb Code     0  memseta.o(.text)
    __aeabi_memset8                          0x08000229   Thumb Code     0  memseta.o(.text)
    __aeabi_memclr                           0x08000237   Thumb Code     4  memseta.o(.text)
    __aeabi_memclr4                          0x08000237   Thumb Code     0  memseta.o(.text)
    __aeabi_memclr8                          0x08000237   Thumb Code     0  memseta.o(.text)
    _memset$wrapper                          0x0800023b   Thumb Code    18  memseta.o(.text)
    __aeabi_uidiv                            0x0800024d   Thumb Code     0  uidiv.o(.text)
    __aeabi_uidivmod                         0x0800024d   Thumb Code    44  uidiv.o(.text)
    __aeabi_llsl                             0x08000279   Thumb Code    30  llshl.o(.text)
    _ll_shift_l                              0x08000279   Thumb Code     0  llshl.o(.text)
    __aeabi_llsr                             0x08000297   Thumb Code    32  llushr.o(.text)
    _ll_ushift_r                             0x08000297   Thumb Code     0  llushr.o(.text)
    __I$use$fp                               0x080002b7   Thumb Code     0  iusefp.o(.text)
    __aeabi_dadd                             0x080002b7   Thumb Code   322  dadd.o(.text)
    __aeabi_dsub                             0x080003f9   Thumb Code     6  dadd.o(.text)
    __aeabi_drsub                            0x080003ff   Thumb Code     6  dadd.o(.text)
    __aeabi_dmul                             0x08000415   Thumb Code   228  dmul.o(.text)
    __aeabi_ddiv                             0x080004ff   Thumb Code   222  ddiv.o(.text)
    __aeabi_d2ulz                            0x080005dd   Thumb Code    48  dfixul.o(.text)
    __aeabi_cdrcmple                         0x0800060d   Thumb Code    48  cdrcmple.o(.text)
    __scatterload                            0x0800063d   Thumb Code    28  init.o(.text)
    __scatterload_rt2                        0x0800063d   Thumb Code     0  init.o(.text)
    __aeabi_lasr                             0x08000661   Thumb Code    36  llsshr.o(.text)
    _ll_sshift_r                             0x08000661   Thumb Code     0  llsshr.o(.text)
    _double_round                            0x08000685   Thumb Code    30  depilogue.o(.text)
    _double_epilogue                         0x080006a3   Thumb Code   156  depilogue.o(.text)
    BusFault_Handler                         0x0800073f   Thumb Code     4  stm32l4xx_it.o(i.BusFault_Handler)
    CC1101_Burst_Write                       0x08000745   Thumb Code   170  cc1101.o(i.CC1101_Burst_Write)
    CC1101_Init                              0x080007f5   Thumb Code    18  cc1101.o(i.CC1101_Init)
    CC1101_Reset                             0x0800080d   Thumb Code    30  cc1101.o(i.CC1101_Reset)
    CC1101_Set_OpMode                        0x08000831   Thumb Code    26  cc1101.o(i.CC1101_Set_OpMode)
    DebugMon_Handler                         0x08000881   Thumb Code     2  stm32l4xx_it.o(i.DebugMon_Handler)
    Error_Handler                            0x08000885   Thumb Code    14  debug.o(i.Error_Handler)
    Fast_SetChannel                          0x080008a5   Thumb Code    60  main.o(i.Fast_SetChannel)
    GPIO_Set                                 0x080008e5   Thumb Code   222  sys.o(i.GPIO_Set)
    Generate_Quarter_DownChirp               0x080009c5   Thumb Code   342  main.o(i.Generate_Quarter_DownChirp)
    HAL_DMA_Abort_IT                         0x08000b59   Thumb Code    92  stm32l4xx_hal_dma.o(i.HAL_DMA_Abort_IT)
    HAL_DMA_Start_IT                         0x08000bb5   Thumb Code   156  stm32l4xx_hal_dma.o(i.HAL_DMA_Start_IT)
    HAL_Delay                                0x08000c51   Thumb Code    36  stm32l4xx_hal.o(i.HAL_Delay)
    HAL_GPIO_Init                            0x08000c79   Thumb Code   480  stm32l4xx_hal_gpio.o(i.HAL_GPIO_Init)
    HAL_GPIO_ReadPin                         0x08000e7d   Thumb Code    16  stm32l4xx_hal_gpio.o(i.HAL_GPIO_ReadPin)
    HAL_GPIO_TogglePin                       0x08000e8d   Thumb Code    14  stm32l4xx_hal_gpio.o(i.HAL_GPIO_TogglePin)
    HAL_GPIO_WritePin                        0x08000e9b   Thumb Code    10  stm32l4xx_hal_gpio.o(i.HAL_GPIO_WritePin)
    HAL_GetTick                              0x08000ea5   Thumb Code     6  stm32l4xx_hal.o(i.HAL_GetTick)
    HAL_IncTick                              0x08000eb1   Thumb Code    16  stm32l4xx_hal.o(i.HAL_IncTick)
    HAL_Init                                 0x08000ec9   Thumb Code    30  stm32l4xx_hal.o(i.HAL_Init)
    HAL_InitTick                             0x08000ee9   Thumb Code    74  stm32l4xx_hal.o(i.HAL_InitTick)
    HAL_MspInit                              0x08000f41   Thumb Code     2  stm32l4xx_hal_msp.o(i.HAL_MspInit)
    HAL_NVIC_EnableIRQ                       0x08000f43   Thumb Code    32  stm32l4xx_hal_cortex.o(i.HAL_NVIC_EnableIRQ)
    HAL_NVIC_SetPriority                     0x08000f63   Thumb Code   124  stm32l4xx_hal_cortex.o(i.HAL_NVIC_SetPriority)
    HAL_NVIC_SetPriorityGrouping             0x08000fe5   Thumb Code    32  stm32l4xx_hal_cortex.o(i.HAL_NVIC_SetPriorityGrouping)
    HAL_PWREx_GetVoltageRange                0x0800100d   Thumb Code    10  stm32l4xx_hal_pwr_ex.o(i.HAL_PWREx_GetVoltageRange)
    HAL_RCC_ClockConfig                      0x0800101d   Thumb Code   360  stm32l4xx_hal_rcc.o(i.HAL_RCC_ClockConfig)
    HAL_RCC_GetHCLKFreq                      0x08001199   Thumb Code     6  stm32l4xx_hal_rcc.o(i.HAL_RCC_GetHCLKFreq)
    HAL_RCC_GetPCLK1Freq                     0x080011a5   Thumb Code    26  stm32l4xx_hal_rcc.o(i.HAL_RCC_GetPCLK1Freq)
    HAL_RCC_GetPCLK2Freq                     0x080011c9   Thumb Code    26  stm32l4xx_hal_rcc.o(i.HAL_RCC_GetPCLK2Freq)
    HAL_RCC_GetSysClockFreq                  0x080011ed   Thumb Code   220  stm32l4xx_hal_rcc.o(i.HAL_RCC_GetSysClockFreq)
    HAL_RCC_OscConfig                        0x080012d9   Thumb Code  1660  stm32l4xx_hal_rcc.o(i.HAL_RCC_OscConfig)
    HAL_SPI_Init                             0x08001965   Thumb Code   192  stm32l4xx_hal_spi.o(i.HAL_SPI_Init)
    HAL_SPI_MspInit                          0x08001a25   Thumb Code     2  stm32l4xx_hal_spi.o(i.HAL_SPI_MspInit)
    HAL_SYSTICK_CLKSourceConfig              0x08001a27   Thumb Code    40  stm32l4xx_hal_cortex.o(i.HAL_SYSTICK_CLKSourceConfig)
    HAL_SYSTICK_Config                       0x08001a4f   Thumb Code    52  stm32l4xx_hal_cortex.o(i.HAL_SYSTICK_Config)
    HAL_TIM_Base_Init                        0x08001a83   Thumb Code    52  stm32l4xx_hal_tim.o(i.HAL_TIM_Base_Init)
    HAL_TIM_Base_MspInit                     0x08001ab9   Thumb Code    58  timer.o(i.HAL_TIM_Base_MspInit)
    HAL_TIM_Base_Stop_IT                     0x08001afd   Thumb Code    56  stm32l4xx_hal_tim.o(i.HAL_TIM_Base_Stop_IT)
    HAL_UARTEx_WakeupCallback                0x08001b35   Thumb Code     2  stm32l4xx_hal_uart_ex.o(i.HAL_UARTEx_WakeupCallback)
    HAL_UART_ErrorCallback                   0x08001b37   Thumb Code     2  stm32l4xx_hal_uart.o(i.HAL_UART_ErrorCallback)
    HAL_UART_GetState                        0x08001b39   Thumb Code    12  stm32l4xx_hal_uart.o(i.HAL_UART_GetState)
    HAL_UART_IRQHandler                      0x08001b45   Thumb Code   394  stm32l4xx_hal_uart.o(i.HAL_UART_IRQHandler)
    HAL_UART_Init                            0x08001cd5   Thumb Code   116  stm32l4xx_hal_uart.o(i.HAL_UART_Init)
    HAL_UART_MspInit                         0x08001d49   Thumb Code   132  usart.o(i.HAL_UART_MspInit)
    HAL_UART_Receive_IT                      0x08001dd5   Thumb Code   218  stm32l4xx_hal_uart.o(i.HAL_UART_Receive_IT)
    HAL_UART_RxCpltCallback                  0x08001eb9   Thumb Code   120  usart.o(i.HAL_UART_RxCpltCallback)
    HAL_UART_Transmit_DMA                    0x08001f41   Thumb Code   166  stm32l4xx_hal_uart.o(i.HAL_UART_Transmit_DMA)
    HAL_UART_TxCpltCallback                  0x08001ff5   Thumb Code    12  vcom.o(i.HAL_UART_TxCpltCallback)
    HAL_UART_TxHalfCpltCallback              0x08002005   Thumb Code     2  stm32l4xx_hal_uart.o(i.HAL_UART_TxHalfCpltCallback)
    HW_GPIO_Init                             0x08002009   Thumb Code   218  hw_gpio.o(i.HW_GPIO_Init)
    HW_GPIO_Write                            0x080020f1   Thumb Code    20  hw_gpio.o(i.HW_GPIO_Write)
    HW_SPI_Init                              0x08002105   Thumb Code   118  hw_spi.o(i.HW_SPI_Init)
    HW_SPI_IoInit                            0x08002189   Thumb Code    96  hw_spi.o(i.HW_SPI_IoInit)
    HardFault_Handler                        0x080021ed   Thumb Code     6  stm32l4xx_it.o(i.HardFault_Handler)
    LPM_SetStopMode                          0x080021f5   Thumb Code    58  low_power_manager.o(i.LPM_SetStopMode)
    LoRa_DownChirp                           0x08002235   Thumb Code   346  main.o(i.LoRa_DownChirp)
    LoRa_Payload                             0x080023d1   Thumb Code   364  main.o(i.LoRa_Payload)
    LoRa_UpChirp                             0x0800257d   Thumb Code   370  main.o(i.LoRa_UpChirp)
    MemManage_Handler                        0x08002739   Thumb Code     4  stm32l4xx_it.o(i.MemManage_Handler)
    NMI_Handler                              0x0800273d   Thumb Code     2  stm32l4xx_it.o(i.NMI_Handler)
    PendSV_Handler                           0x0800273f   Thumb Code     2  stm32l4xx_it.o(i.PendSV_Handler)
    SPI1_Init                                0x080027dd   Thumb Code   142  fast_spi.o(i.SPI1_Init)
    SPI1_ReadWriteByte_u16                   0x08002875   Thumb Code    66  fast_spi.o(i.SPI1_ReadWriteByte_u16)
    SPI1_ReadWriteByte_u8                    0x080028bd   Thumb Code    42  fast_spi.o(i.SPI1_ReadWriteByte_u8)
    SVC_Handler                              0x080028ed   Thumb Code     2  stm32l4xx_it.o(i.SVC_Handler)
    SysTick_Handler                          0x080028ef   Thumb Code     8  stm32l4xx_it.o(i.SysTick_Handler)
    SystemClock_Config                       0x080028f7   Thumb Code   104  sys.o(i.SystemClock_Config)
    SystemInit                               0x08002961   Thumb Code    68  system_stm32l4xx.o(i.SystemInit)
    TAMP_STAMP_IRQHandler                    0x080029b1   Thumb Code     2  rtc.o(i.TAMP_STAMP_IRQHandler)
    TIM1_Init                                0x080029b5   Thumb Code    42  timer.o(i.TIM1_Init)
    TIM_Base_SetConfig                       0x080029ed   Thumb Code   170  stm32l4xx_hal_tim.o(i.TIM_Base_SetConfig)
    TraceSend                                0x08002ab9   Thumb Code   126  trace.o(i.TraceSend)
    UART_AdvFeatureConfig                    0x08002b41   Thumb Code   248  stm32l4xx_hal_uart.o(i.UART_AdvFeatureConfig)
    UART_CheckIdleState                      0x08002c39   Thumb Code   110  stm32l4xx_hal_uart.o(i.UART_CheckIdleState)
    UART_SetConfig                           0x08002e81   Thumb Code  1150  stm32l4xx_hal_uart.o(i.UART_SetConfig)
    UART_WaitOnFlagUntilTimeout              0x0800330b   Thumb Code   104  stm32l4xx_hal_uart.o(i.UART_WaitOnFlagUntilTimeout)
    USART2_IRQHandler                        0x08003375   Thumb Code    56  usart.o(i.USART2_IRQHandler)
    UsageFault_Handler                       0x080033b5   Thumb Code     4  stm32l4xx_it.o(i.UsageFault_Handler)
    __0printf                                0x080033b9   Thumb Code    22  printfa.o(i.__0printf)
    __1printf                                0x080033b9   Thumb Code     0  printfa.o(i.__0printf)
    __2printf                                0x080033b9   Thumb Code     0  printfa.o(i.__0printf)
    __c89printf                              0x080033b9   Thumb Code     0  printfa.o(i.__0printf)
    printf                                   0x080033b9   Thumb Code     0  printfa.o(i.__0printf)
    __0vsnprintf                             0x080033d9   Thumb Code    40  printfa.o(i.__0vsnprintf)
    __1vsnprintf                             0x080033d9   Thumb Code     0  printfa.o(i.__0vsnprintf)
    __2vsnprintf                             0x080033d9   Thumb Code     0  printfa.o(i.__0vsnprintf)
    __c89vsnprintf                           0x080033d9   Thumb Code     0  printfa.o(i.__0vsnprintf)
    vsnprintf                                0x080033d9   Thumb Code     0  printfa.o(i.__0vsnprintf)
    __scatterload_copy                       0x0800343d   Thumb Code    14  handlers.o(i.__scatterload_copy)
    __scatterload_null                       0x0800344b   Thumb Code     2  handlers.o(i.__scatterload_null)
    __scatterload_zeroinit                   0x0800344d   Thumb Code    14  handlers.o(i.__scatterload_zeroinit)
    circular_queue_add                       0x08003d69   Thumb Code   216  queue.o(i.circular_queue_add)
    circular_queue_get                       0x08003e41   Thumb Code    82  queue.o(i.circular_queue_get)
    delay_init                               0x08003ebd   Thumb Code    16  delay.o(i.delay_init)
    delay_ms                                 0x08003ed1   Thumb Code    24  delay.o(i.delay_ms)
    delay_us                                 0x08003ee9   Thumb Code    68  delay.o(i.delay_us)
    fputc                                    0x08003f31   Thumb Code    24  usart.o(i.fputc)
    main                                     0x08003f4d   Thumb Code   434  main.o(i.main)
    uart_init                                0x08004141   Thumb Code    44  usart.o(i.uart_init)
    vcom_Trace                               0x08004179   Thumb Code    18  vcom.o(i.vcom_Trace)
    AHBPrescTable                            0x08004190   Data          16  system_stm32l4xx.o(.constdata)
    APBPrescTable                            0x080041a0   Data           8  system_stm32l4xx.o(.constdata)
    MSIRangeTable                            0x080041a8   Data          48  system_stm32l4xx.o(.constdata)
    Region$$Table$$Base                      0x080041d8   Number         0  anon$$obj.o(Region$$Table)
    Region$$Table$$Limit                     0x080041f8   Number         0  anon$$obj.o(Region$$Table)
    LoRa_ID_Start_Freq                       0x20000030   Data           8  main.o(.data)
    LoRa_Payload_Start_Freq                  0x20000038   Data          64  main.o(.data)
    Channel_Freq                             0x20000078   Data           3  main.o(.data)
    Changed_Register_Count                   0x2000007b   Data           1  main.o(.data)
    temp_u8                                  0x2000007c   Data           1  main.o(.data)
    temp_u16                                 0x2000007e   Data           2  main.o(.data)
    temp_u32                                 0x20000080   Data           4  main.o(.data)
    Channel_Freq_MSB_temp                    0x20000084   Data           1  main.o(.data)
    Channel_Freq_MID_temp                    0x20000085   Data           1  main.o(.data)
    Channel_Freq_LSB_temp                    0x20000086   Data           1  main.o(.data)
    Time_temp                                0x20000088   Data           2  main.o(.data)
    Input_Freq                               0x2000008c   Data           4  main.o(.data)
    Channel                                  0x20000090   Data           4  main.o(.data)
    uwTick                                   0x20000094   Data           4  stm32l4xx_hal.o(.data)
    uwTickPrio                               0x20000098   Data           4  stm32l4xx_hal.o(.data)
    uwTickFreq                               0x2000009c   Data           4  stm32l4xx_hal.o(.data)
    SystemCoreClock                          0x200000a0   Data           4  system_stm32l4xx.o(.data)
    time_count                               0x200000d8   Data           4  timer.o(.data)
    __stdout                                 0x200000e0   Data           4  usart.o(.data)
    USART_RX_STA                             0x200000e4   Data           2  usart.o(.data)
    aRxBuffer                                0x200000e6   Data           1  usart.o(.data)
    TracePeripheralReady                     0x200000f0   Data           1  trace.o(.data)
    RTC_Subsecond_Value                      0x200000f4   Data          12  main.o(.bss)
    buffer                                   0x20000100   Data          64  main.o(.bss)
    Input_Freq_temp                          0x20000140   Data        8192  main.o(.bss)
    Channel_temp                             0x20002140   Data        8192  main.o(.bss)
    Time_temp_temp                           0x20004140   Data        8192  main.o(.bss)
    n_temp                                   0x20006140   Data        8192  main.o(.bss)
    TIM1_Handler                             0x20008224   Data          64  timer.o(.bss)
    USART_RX_BUF                             0x20008264   Data         200  usart.o(.bss)
    UART2_Handler                            0x2000832c   Data         128  usart.o(.bss)
    __initial_sp                             0x200088c0   Data           0  startup_stm32l476xx.o(STACK)



==============================================================================

Memory Map of the image

  Image Entry point : 0x08000189

  Load Region LR_IROM1 (Base: 0x08000000, Size: 0x000042ec, Max: 0x00100000, ABSOLUTE)

    Execution Region ER_IROM1 (Exec base: 0x08000000, Load base: 0x08000000, Size: 0x000041f8, Max: 0x00100000, ABSOLUTE)

    Exec Addr    Load Addr    Size         Type   Attr      Idx    E Section Name        Object

    0x08000000   0x08000000   0x00000188   Data   RO            3    RESET               startup_stm32l476xx.o
    0x08000188   0x08000188   0x00000000   Code   RO         6447  * .ARM.Collect$$$$00000000  mc_w.l(entry.o)
    0x08000188   0x08000188   0x00000004   Code   RO         6724    .ARM.Collect$$$$00000001  mc_w.l(entry2.o)
    0x0800018c   0x0800018c   0x00000004   Code   RO         6727    .ARM.Collect$$$$00000004  mc_w.l(entry5.o)
    0x08000190   0x08000190   0x00000000   Code   RO         6729    .ARM.Collect$$$$00000008  mc_w.l(entry7b.o)
    0x08000190   0x08000190   0x00000000   Code   RO         6731    .ARM.Collect$$$$0000000A  mc_w.l(entry8b.o)
    0x08000190   0x08000190   0x00000008   Code   RO         6732    .ARM.Collect$$$$0000000B  mc_w.l(entry9a.o)
    0x08000198   0x08000198   0x00000000   Code   RO         6734    .ARM.Collect$$$$0000000D  mc_w.l(entry10a.o)
    0x08000198   0x08000198   0x00000000   Code   RO         6736    .ARM.Collect$$$$0000000F  mc_w.l(entry11a.o)
    0x08000198   0x08000198   0x00000004   Code   RO         6725    .ARM.Collect$$$$00002712  mc_w.l(entry2.o)
    0x0800019c   0x0800019c   0x00000024   Code   RO            4    .text               startup_stm32l476xx.o
    0x080001c0   0x080001c0   0x00000068   Code   RO         6450    .text               mc_w.l(uldiv.o)
    0x08000228   0x08000228   0x00000024   Code   RO         6454    .text               mc_w.l(memseta.o)
    0x0800024c   0x0800024c   0x0000002c   Code   RO         6738    .text               mc_w.l(uidiv.o)
    0x08000278   0x08000278   0x0000001e   Code   RO         6740    .text               mc_w.l(llshl.o)
    0x08000296   0x08000296   0x00000020   Code   RO         6742    .text               mc_w.l(llushr.o)
    0x080002b6   0x080002b6   0x00000000   Code   RO         6744    .text               mc_w.l(iusefp.o)
    0x080002b6   0x080002b6   0x0000015e   Code   RO         6747    .text               mf_w.l(dadd.o)
    0x08000414   0x08000414   0x000000ea   Code   RO         6749    .text               mf_w.l(dmul.o)
    0x080004fe   0x080004fe   0x000000de   Code   RO         6751    .text               mf_w.l(ddiv.o)
    0x080005dc   0x080005dc   0x00000030   Code   RO         6753    .text               mf_w.l(dfixul.o)
    0x0800060c   0x0800060c   0x00000030   Code   RO         6755    .text               mf_w.l(cdrcmple.o)
    0x0800063c   0x0800063c   0x00000024   Code   RO         6757    .text               mc_w.l(init.o)
    0x08000660   0x08000660   0x00000024   Code   RO         6759    .text               mc_w.l(llsshr.o)
    0x08000684   0x08000684   0x000000ba   Code   RO         6761    .text               mf_w.l(depilogue.o)
    0x0800073e   0x0800073e   0x00000004   Code   RO          297    i.BusFault_Handler  stm32l4xx_it.o
    0x08000742   0x08000742   0x00000002   PAD
    0x08000744   0x08000744   0x000000b0   Code   RO         5000    i.CC1101_Burst_Write  cc1101.o
    0x080007f4   0x080007f4   0x00000018   Code   RO         5001    i.CC1101_Init       cc1101.o
    0x0800080c   0x0800080c   0x00000024   Code   RO         5002    i.CC1101_Reset      cc1101.o
    0x08000830   0x08000830   0x00000020   Code   RO         5003    i.CC1101_Set_OpMode  cc1101.o
    0x08000850   0x08000850   0x00000030   Code   RO         3455    i.DMA_SetConfig     stm32l4xx_hal_dma.o
    0x08000880   0x08000880   0x00000002   Code   RO          298    i.DebugMon_Handler  stm32l4xx_it.o
    0x08000882   0x08000882   0x00000002   PAD
    0x08000884   0x08000884   0x00000020   Code   RO         5250    i.Error_Handler     debug.o
    0x080008a4   0x080008a4   0x00000040   Code   RO           13    i.Fast_SetChannel   main.o
    0x080008e4   0x080008e4   0x000000de   Code   RO         5678    i.GPIO_Set          sys.o
    0x080009c2   0x080009c2   0x00000002   PAD
    0x080009c4   0x080009c4   0x00000194   Code   RO           14    i.Generate_Quarter_DownChirp  main.o
    0x08000b58   0x08000b58   0x0000005c   Code   RO         3457    i.HAL_DMA_Abort_IT  stm32l4xx_hal_dma.o
    0x08000bb4   0x08000bb4   0x0000009c   Code   RO         3466    i.HAL_DMA_Start_IT  stm32l4xx_hal_dma.o
    0x08000c50   0x08000c50   0x00000028   Code   RO         2171    i.HAL_Delay         stm32l4xx_hal.o
    0x08000c78   0x08000c78   0x00000204   Code   RO         3392    i.HAL_GPIO_Init     stm32l4xx_hal_gpio.o
    0x08000e7c   0x08000e7c   0x00000010   Code   RO         3394    i.HAL_GPIO_ReadPin  stm32l4xx_hal_gpio.o
    0x08000e8c   0x08000e8c   0x0000000e   Code   RO         3395    i.HAL_GPIO_TogglePin  stm32l4xx_hal_gpio.o
    0x08000e9a   0x08000e9a   0x0000000a   Code   RO         3396    i.HAL_GPIO_WritePin  stm32l4xx_hal_gpio.o
    0x08000ea4   0x08000ea4   0x0000000c   Code   RO         2175    i.HAL_GetTick       stm32l4xx_hal.o
    0x08000eb0   0x08000eb0   0x00000018   Code   RO         2181    i.HAL_IncTick       stm32l4xx_hal.o
    0x08000ec8   0x08000ec8   0x0000001e   Code   RO         2182    i.HAL_Init          stm32l4xx_hal.o
    0x08000ee6   0x08000ee6   0x00000002   PAD
    0x08000ee8   0x08000ee8   0x00000058   Code   RO         2183    i.HAL_InitTick      stm32l4xx_hal.o
    0x08000f40   0x08000f40   0x00000002   Code   RO          373    i.HAL_MspInit       stm32l4xx_hal_msp.o
    0x08000f42   0x08000f42   0x00000020   Code   RO         3933    i.HAL_NVIC_EnableIRQ  stm32l4xx_hal_cortex.o
    0x08000f62   0x08000f62   0x00000082   Code   RO         3939    i.HAL_NVIC_SetPriority  stm32l4xx_hal_cortex.o
    0x08000fe4   0x08000fe4   0x00000028   Code   RO         3940    i.HAL_NVIC_SetPriorityGrouping  stm32l4xx_hal_cortex.o
    0x0800100c   0x0800100c   0x00000010   Code   RO         3714    i.HAL_PWREx_GetVoltageRange  stm32l4xx_hal_pwr_ex.o
    0x0800101c   0x0800101c   0x0000017c   Code   RO         2910    i.HAL_RCC_ClockConfig  stm32l4xx_hal_rcc.o
    0x08001198   0x08001198   0x0000000c   Code   RO         2914    i.HAL_RCC_GetHCLKFreq  stm32l4xx_hal_rcc.o
    0x080011a4   0x080011a4   0x00000024   Code   RO         2916    i.HAL_RCC_GetPCLK1Freq  stm32l4xx_hal_rcc.o
    0x080011c8   0x080011c8   0x00000024   Code   RO         2917    i.HAL_RCC_GetPCLK2Freq  stm32l4xx_hal_rcc.o
    0x080011ec   0x080011ec   0x000000ec   Code   RO         2918    i.HAL_RCC_GetSysClockFreq  stm32l4xx_hal_rcc.o
    0x080012d8   0x080012d8   0x0000068c   Code   RO         2921    i.HAL_RCC_OscConfig  stm32l4xx_hal_rcc.o
    0x08001964   0x08001964   0x000000c0   Code   RO          425    i.HAL_SPI_Init      stm32l4xx_hal_spi.o
    0x08001a24   0x08001a24   0x00000002   Code   RO          427    i.HAL_SPI_MspInit   stm32l4xx_hal_spi.o
    0x08001a26   0x08001a26   0x00000028   Code   RO         3942    i.HAL_SYSTICK_CLKSourceConfig  stm32l4xx_hal_cortex.o
    0x08001a4e   0x08001a4e   0x00000034   Code   RO         3944    i.HAL_SYSTICK_Config  stm32l4xx_hal_cortex.o
    0x08001a82   0x08001a82   0x00000034   Code   RO          767    i.HAL_TIM_Base_Init  stm32l4xx_hal_tim.o
    0x08001ab6   0x08001ab6   0x00000002   PAD
    0x08001ab8   0x08001ab8   0x00000044   Code   RO         5627    i.HAL_TIM_Base_MspInit  timer.o
    0x08001afc   0x08001afc   0x00000038   Code   RO          775    i.HAL_TIM_Base_Stop_IT  stm32l4xx_hal_tim.o
    0x08001b34   0x08001b34   0x00000002   Code   RO         2100    i.HAL_UARTEx_WakeupCallback  stm32l4xx_hal_uart_ex.o
    0x08001b36   0x08001b36   0x00000002   Code   RO         1754    i.HAL_UART_ErrorCallback  stm32l4xx_hal_uart.o
    0x08001b38   0x08001b38   0x0000000c   Code   RO         1756    i.HAL_UART_GetState  stm32l4xx_hal_uart.o
    0x08001b44   0x08001b44   0x00000190   Code   RO         1757    i.HAL_UART_IRQHandler  stm32l4xx_hal_uart.o
    0x08001cd4   0x08001cd4   0x00000074   Code   RO         1758    i.HAL_UART_Init     stm32l4xx_hal_uart.o
    0x08001d48   0x08001d48   0x0000008c   Code   RO         5886    i.HAL_UART_MspInit  usart.o
    0x08001dd4   0x08001dd4   0x000000e4   Code   RO         1763    i.HAL_UART_Receive_IT  stm32l4xx_hal_uart.o
    0x08001eb8   0x08001eb8   0x00000088   Code   RO         5887    i.HAL_UART_RxCpltCallback  usart.o
    0x08001f40   0x08001f40   0x000000b4   Code   RO         1767    i.HAL_UART_Transmit_DMA  stm32l4xx_hal_uart.o
    0x08001ff4   0x08001ff4   0x00000010   Code   RO         5558    i.HAL_UART_TxCpltCallback  vcom.o
    0x08002004   0x08002004   0x00000002   Code   RO         1770    i.HAL_UART_TxHalfCpltCallback  stm32l4xx_hal_uart.o
    0x08002006   0x08002006   0x00000002   PAD
    0x08002008   0x08002008   0x000000e8   Code   RO         5280    i.HW_GPIO_Init      hw_gpio.o
    0x080020f0   0x080020f0   0x00000014   Code   RO         5284    i.HW_GPIO_Write     hw_gpio.o
    0x08002104   0x08002104   0x00000084   Code   RO         5505    i.HW_SPI_Init       hw_spi.o
    0x08002188   0x08002188   0x00000064   Code   RO         5507    i.HW_SPI_IoInit     hw_spi.o
    0x080021ec   0x080021ec   0x00000006   Code   RO          299    i.HardFault_Handler  stm32l4xx_it.o
    0x080021f2   0x080021f2   0x00000002   PAD
    0x080021f4   0x080021f4   0x00000040   Code   RO         5960    i.LPM_SetStopMode   low_power_manager.o
    0x08002234   0x08002234   0x0000019c   Code   RO           16    i.LoRa_DownChirp    main.o
    0x080023d0   0x080023d0   0x000001ac   Code   RO           17    i.LoRa_Payload      main.o
    0x0800257c   0x0800257c   0x000001bc   Code   RO           18    i.LoRa_UpChirp      main.o
    0x08002738   0x08002738   0x00000004   Code   RO          300    i.MemManage_Handler  stm32l4xx_it.o
    0x0800273c   0x0800273c   0x00000002   Code   RO          301    i.NMI_Handler       stm32l4xx_it.o
    0x0800273e   0x0800273e   0x00000002   Code   RO          302    i.PendSV_Handler    stm32l4xx_it.o
    0x08002740   0x08002740   0x0000009c   Code   RO         2922    i.RCC_SetFlashLatencyFromMSIRange  stm32l4xx_hal_rcc.o
    0x080027dc   0x080027dc   0x00000098   Code   RO         5740    i.SPI1_Init         fast_spi.o
    0x08002874   0x08002874   0x00000048   Code   RO         5741    i.SPI1_ReadWriteByte_u16  fast_spi.o
    0x080028bc   0x080028bc   0x00000030   Code   RO         5742    i.SPI1_ReadWriteByte_u8  fast_spi.o
    0x080028ec   0x080028ec   0x00000002   Code   RO          303    i.SVC_Handler       stm32l4xx_it.o
    0x080028ee   0x080028ee   0x00000008   Code   RO          304    i.SysTick_Handler   stm32l4xx_it.o
    0x080028f6   0x080028f6   0x00000068   Code   RO         5682    i.SystemClock_Config  sys.o
    0x0800295e   0x0800295e   0x00000002   PAD
    0x08002960   0x08002960   0x00000050   Code   RO         4963    i.SystemInit        system_stm32l4xx.o
    0x080029b0   0x080029b0   0x00000002   Code   RO         5788    i.TAMP_STAMP_IRQHandler  rtc.o
    0x080029b2   0x080029b2   0x00000002   PAD
    0x080029b4   0x080029b4   0x00000038   Code   RO         5630    i.TIM1_Init         timer.o
    0x080029ec   0x080029ec   0x000000cc   Code   RO          855    i.TIM_Base_SetConfig  stm32l4xx_hal_tim.o
    0x08002ab8   0x08002ab8   0x00000088   Code   RO         6311    i.TraceSend         trace.o
    0x08002b40   0x08002b40   0x000000f8   Code   RO         1771    i.UART_AdvFeatureConfig  stm32l4xx_hal_uart.o
    0x08002c38   0x08002c38   0x0000006e   Code   RO         1772    i.UART_CheckIdleState  stm32l4xx_hal_uart.o
    0x08002ca6   0x08002ca6   0x00000018   Code   RO         1773    i.UART_DMAAbortOnError  stm32l4xx_hal_uart.o
    0x08002cbe   0x08002cbe   0x00000056   Code   RO         1774    i.UART_DMAError     stm32l4xx_hal_uart.o
    0x08002d14   0x08002d14   0x00000038   Code   RO         1779    i.UART_DMATransmitCplt  stm32l4xx_hal_uart.o
    0x08002d4c   0x08002d4c   0x0000000e   Code   RO         1781    i.UART_DMATxHalfCplt  stm32l4xx_hal_uart.o
    0x08002d5a   0x08002d5a   0x00000022   Code   RO         1783    i.UART_EndRxTransfer  stm32l4xx_hal_uart.o
    0x08002d7c   0x08002d7c   0x00000020   Code   RO         1784    i.UART_EndTransmit_IT  stm32l4xx_hal_uart.o
    0x08002d9c   0x08002d9c   0x00000012   Code   RO         1785    i.UART_EndTxTransfer  stm32l4xx_hal_uart.o
    0x08002dae   0x08002dae   0x0000006a   Code   RO         1786    i.UART_RxISR_16BIT  stm32l4xx_hal_uart.o
    0x08002e18   0x08002e18   0x00000066   Code   RO         1787    i.UART_RxISR_8BIT   stm32l4xx_hal_uart.o
    0x08002e7e   0x08002e7e   0x00000002   PAD
    0x08002e80   0x08002e80   0x0000048a   Code   RO         1788    i.UART_SetConfig    stm32l4xx_hal_uart.o
    0x0800330a   0x0800330a   0x00000068   Code   RO         1791    i.UART_WaitOnFlagUntilTimeout  stm32l4xx_hal_uart.o
    0x08003372   0x08003372   0x00000002   PAD
    0x08003374   0x08003374   0x00000040   Code   RO         5888    i.USART2_IRQHandler  usart.o
    0x080033b4   0x080033b4   0x00000004   Code   RO          305    i.UsageFault_Handler  stm32l4xx_it.o
    0x080033b8   0x080033b8   0x00000020   Code   RO         6693    i.__0printf         mc_w.l(printfa.o)
    0x080033d8   0x080033d8   0x0000002c   Code   RO         6698    i.__0vsnprintf      mc_w.l(printfa.o)
    0x08003404   0x08003404   0x00000010   Code   RO         3946    i.__NVIC_GetPriorityGrouping  stm32l4xx_hal_cortex.o
    0x08003414   0x08003414   0x00000028   Code   RO         3947    i.__NVIC_SetPriority  stm32l4xx_hal_cortex.o
    0x0800343c   0x0800343c   0x0000000e   Code   RO         6765    i.__scatterload_copy  mc_w.l(handlers.o)
    0x0800344a   0x0800344a   0x00000002   Code   RO         6766    i.__scatterload_null  mc_w.l(handlers.o)
    0x0800344c   0x0800344c   0x0000000e   Code   RO         6767    i.__scatterload_zeroinit  mc_w.l(handlers.o)
    0x0800345a   0x0800345a   0x00000006   Code   RO         6313    i.__set_PRIMASK     trace.o
    0x08003460   0x08003460   0x0000018a   Code   RO         6700    i._fp_digits        mc_w.l(printfa.o)
    0x080035ea   0x080035ea   0x00000002   PAD
    0x080035ec   0x080035ec   0x000006e2   Code   RO         6701    i._printf_core      mc_w.l(printfa.o)
    0x08003cce   0x08003cce   0x00000024   Code   RO         6702    i._printf_post_padding  mc_w.l(printfa.o)
    0x08003cf2   0x08003cf2   0x0000002e   Code   RO         6703    i._printf_pre_padding  mc_w.l(printfa.o)
    0x08003d20   0x08003d20   0x00000016   Code   RO         6704    i._snputc           mc_w.l(printfa.o)
    0x08003d36   0x08003d36   0x00000032   Code   RO         6028    i.add_elementSize_and_inc_writeIdx  queue.o
    0x08003d68   0x08003d68   0x000000d8   Code   RO         6029    i.circular_queue_add  queue.o
    0x08003e40   0x08003e40   0x00000052   Code   RO         6030    i.circular_queue_get  queue.o
    0x08003e92   0x08003e92   0x0000002a   Code   RO         6031    i.circular_queue_get_free_size  queue.o
    0x08003ebc   0x08003ebc   0x00000014   Code   RO         5848    i.delay_init        delay.o
    0x08003ed0   0x08003ed0   0x00000018   Code   RO         5849    i.delay_ms          delay.o
    0x08003ee8   0x08003ee8   0x00000048   Code   RO         5850    i.delay_us          delay.o
    0x08003f30   0x08003f30   0x0000001c   Code   RO         5890    i.fputc             usart.o
    0x08003f4c   0x08003f4c   0x000001dc   Code   RO           20    i.main              main.o
    0x08004128   0x08004128   0x00000018   Code   RO         6035    i.queue_copy        queue.o
    0x08004140   0x08004140   0x00000038   Code   RO         5891    i.uart_init         usart.o
    0x08004178   0x08004178   0x00000018   Code   RO         5565    i.vcom_Trace        vcom.o
    0x08004190   0x08004190   0x00000048   Data   RO         4964    .constdata          system_stm32l4xx.o
    0x080041d8   0x080041d8   0x00000020   Data   RO         6763    Region$$Table       anon$$obj.o


    Execution Region RW_IRAM1 (Exec base: 0x20000000, Load base: 0x080041f8, Size: 0x000088c0, Max: 0x00018000, ABSOLUTE)

    Exec Addr    Load Addr    Size         Type   Attr      Idx    E Section Name        Object

    0x20000000   0x080041f8   0x00000094   Data   RW           22    .data               main.o
    0x20000094   0x0800428c   0x0000000c   Data   RW         2199    .data               stm32l4xx_hal.o
    0x200000a0   0x08004298   0x00000004   Data   RW         4965    .data               system_stm32l4xx.o
    0x200000a4   0x0800429c   0x0000002f   Data   RW         5006    .data               cc1101.o
    0x200000d3   0x080042cb   0x00000001   PAD
    0x200000d4   0x080042cc   0x00000004   Data   RW         5567    .data               vcom.o
    0x200000d8   0x080042d0   0x00000004   Data   RW         5632    .data               timer.o
    0x200000dc   0x080042d4   0x00000004   Data   RW         5851    .data               delay.o
    0x200000e0   0x080042d8   0x00000007   Data   RW         5893    .data               usart.o
    0x200000e7   0x080042df   0x00000001   PAD
    0x200000e8   0x080042e0   0x00000008   Data   RW         5961    .data               low_power_manager.o
    0x200000f0   0x080042e8   0x00000001   Data   RW         6315    .data               trace.o
    0x200000f1   0x080042e9   0x00000003   PAD
    0x200000f4        -       0x0000804c   Zero   RW           21    .bss                main.o
    0x20008140        -       0x00000064   Zero   RW         5509    .bss                hw_spi.o
    0x200081a4        -       0x00000080   Zero   RW         5566    .bss                vcom.o
    0x20008224        -       0x00000040   Zero   RW         5631    .bss                timer.o
    0x20008264        -       0x00000148   Zero   RW         5892    .bss                usart.o
    0x200083ac        -       0x00000110   Zero   RW         6314    .bss                trace.o
    0x200084bc   0x080042e9   0x00000004   PAD
    0x200084c0        -       0x00000400   Zero   RW            1    STACK               startup_stm32l476xx.o


==============================================================================

Image component sizes


      Code (inc. data)   RO Data    RW Data    ZI Data      Debug   Object Name

       268         24          0         47          0       2942   cc1101.o
        32         18          0          0          0        476   debug.o
       116          8          0          4          0       1983   delay.o
       272         22          0          0          0       1785   fast_spi.o
       252         14          0          0          0       1763   hw_gpio.o
         0          0          0          0          0        456   hw_rtc.o
       232         18          0          0        100       1694   hw_spi.o
        64          6          0          8          0       1046   low_power_manager.o
      2228        312          0        148      32844     818377   main.o
       414          0          0          0          0       4294   queue.o
         2          0          0          0          0        480   rtc.o
        36          8        392          0       1024        856   startup_stm32l476xx.o
       194         32          0         12          0       4429   stm32l4xx_hal.o
       350         22          0          0          0      35237   stm32l4xx_hal_cortex.o
       296          0          0          0          0       2766   stm32l4xx_hal_dma.o
         0          0          0          0          0       5144   stm32l4xx_hal_flash.o
       556         36          0          0          0       3720   stm32l4xx_hal_gpio.o
         2          0          0          0          0        478   stm32l4xx_hal_msp.o
        16          6          0          0          0        596   stm32l4xx_hal_pwr_ex.o
      2532        108          0          0          0       7424   stm32l4xx_hal_rcc.o
       194          0          0          0          0       1837   stm32l4xx_hal_spi.o
       312         34          0          0          0       2612   stm32l4xx_hal_tim.o
      3036         80          0          0          0      15808   stm32l4xx_hal_uart.o
         2          0          0          0          0       1000   stm32l4xx_hal_uart_ex.o
        34          0          0          0          0       4322   stm32l4xx_it.o
       326          0          0          0          0       1792   sys.o
        80         12         72          4          0       1277   system_stm32l4xx.o
       124         24          0          4         64       2141   timer.o
       142         10          0          1        272       2767   trace.o
       424         48          0          7        328       5013   usart.o
        40         10          0          4        128       1691   vcom.o

    ----------------------------------------------------------------------
     12598        852        496        244      34764     936206   Object Totals
         0          0         32          0          0          0   (incl. Generated)
        22          0          0          5          4          0   (incl. Padding)

    ----------------------------------------------------------------------

      Code (inc. data)   RO Data    RW Data    ZI Data      Debug   Library Member Name

         0          0          0          0          0          0   entry.o
         0          0          0          0          0          0   entry10a.o
         0          0          0          0          0          0   entry11a.o
         8          4          0          0          0          0   entry2.o
         4          0          0          0          0          0   entry5.o
         0          0          0          0          0          0   entry7b.o
         0          0          0          0          0          0   entry8b.o
         8          4          0          0          0          0   entry9a.o
        30          0          0          0          0          0   handlers.o
        36          8          0          0          0         68   init.o
         0          0          0          0          0          0   iusefp.o
        30          0          0          0          0         68   llshl.o
        36          0          0          0          0         68   llsshr.o
        32          0          0          0          0         68   llushr.o
        36          0          0          0          0        108   memseta.o
      2336         94          0          0          0        600   printfa.o
        44          0          0          0          0         80   uidiv.o
       104          0          0          0          0         92   uldiv.o
        48          0          0          0          0         68   cdrcmple.o
       350          0          0          0          0        148   dadd.o
       222          0          0          0          0        100   ddiv.o
       186          0          0          0          0        176   depilogue.o
        48          0          0          0          0         68   dfixul.o
       234          0          0          0          0         96   dmul.o

    ----------------------------------------------------------------------
      3794        110          0          0          0       1808   Library Totals
         2          0          0          0          0          0   (incl. Padding)

    ----------------------------------------------------------------------

      Code (inc. data)   RO Data    RW Data    ZI Data      Debug   Library Name

      2704        110          0          0          0       1152   mc_w.l
      1088          0          0          0          0        656   mf_w.l

    ----------------------------------------------------------------------
      3794        110          0          0          0       1808   Library Totals

    ----------------------------------------------------------------------

==============================================================================


      Code (inc. data)   RO Data    RW Data    ZI Data      Debug   

     16392        962        496        244      34764     927382   Grand Totals
     16392        962        496        244      34764     927382   ELF Image Totals
     16392        962        496        244          0          0   ROM Totals

==============================================================================

    Total RO  Size (Code + RO Data)                16888 (  16.49kB)
    Total RW  Size (RW Data + ZI Data)             35008 (  34.19kB)
    Total ROM Size (Code + RO Data + RW Data)      17132 (  16.73kB)

==============================================================================

