Component: ARM Compiler 5.06 update 6 (build 750) Tool: armlink [4d35ed]

==============================================================================

Section Cross References

    startup_stm32l476xx.o(RESET) refers to startup_stm32l476xx.o(STACK) for __initial_sp
    startup_stm32l476xx.o(RESET) refers to startup_stm32l476xx.o(.text) for Reset_Handler
    startup_stm32l476xx.o(RESET) refers to stm32l4xx_it.o(i.NMI_Handler) for NMI_Handler
    startup_stm32l476xx.o(RESET) refers to stm32l4xx_it.o(i.HardFault_Handler) for HardFault_Handler
    startup_stm32l476xx.o(RESET) refers to stm32l4xx_it.o(i.MemManage_Handler) for MemManage_Handler
    startup_stm32l476xx.o(RESET) refers to stm32l4xx_it.o(i.BusFault_Handler) for BusFault_Handler
    startup_stm32l476xx.o(RESET) refers to stm32l4xx_it.o(i.UsageFault_Handler) for UsageFault_Handler
    startup_stm32l476xx.o(RESET) refers to stm32l4xx_it.o(i.SVC_Handler) for SVC_Handler
    startup_stm32l476xx.o(RESET) refers to stm32l4xx_it.o(i.DebugMon_Handler) for DebugMon_Handler
    startup_stm32l476xx.o(RESET) refers to stm32l4xx_it.o(i.PendSV_Handler) for PendSV_Handler
    startup_stm32l476xx.o(RESET) refers to stm32l4xx_it.o(i.SysTick_Handler) for SysTick_Handler
    startup_stm32l476xx.o(RESET) refers to rtc.o(i.TAMP_STAMP_IRQHandler) for TAMP_STAMP_IRQHandler
    startup_stm32l476xx.o(RESET) refers to rtc.o(i.RTC_WKUP_IRQHandler) for RTC_WKUP_IRQHandler
    startup_stm32l476xx.o(RESET) refers to timer.o(i.TIM1_BRK_TIM15_IRQHandler) for TIM1_BRK_TIM15_IRQHandler
    startup_stm32l476xx.o(RESET) refers to timer.o(i.TIM2_IRQHandler) for TIM2_IRQHandler
    startup_stm32l476xx.o(RESET) refers to timer.o(i.TIM3_IRQHandler) for TIM3_IRQHandler
    startup_stm32l476xx.o(RESET) refers to usart.o(i.USART2_IRQHandler) for USART2_IRQHandler
    startup_stm32l476xx.o(.text) refers to system_stm32l4xx.o(i.SystemInit) for SystemInit
    startup_stm32l476xx.o(.text) refers to entry.o(.ARM.Collect$$$$00000000) for __main
    main.o(i.main) refers to stm32l4xx_hal.o(i.HAL_Init) for HAL_Init
    main.o(i.main) refers to sys.o(i.SystemClock_Config) for SystemClock_Config
    main.o(i.main) refers to hw_spi.o(i.HW_SPI_Init) for HW_SPI_Init
    main.o(i.main) refers to fast_spi.o(i.SPI1_Init) for SPI1_Init
    main.o(i.main) refers to delay.o(i.delay_init) for delay_init
    main.o(i.main) refers to usart.o(i.uart_init) for uart_init
    main.o(i.main) refers to printfa.o(i.__0printf) for __2printf
    main.o(i.main) refers to control_gpio.o(i.Control_GPIO_Init) for Control_GPIO_Init
    main.o(i.main) refers to timer.o(i.TIM2_Init) for TIM2_Init
    main.o(i.main) refers to cc1101.o(i.CC1101_Init) for CC1101_Init
    main.o(i.main) refers to simulated_lora.o(i.LoRa_Generate_Signal) for LoRa_Generate_Signal
    stm32l4xx_it.o(i.SysTick_Handler) refers to stm32l4xx_hal.o(i.HAL_IncTick) for HAL_IncTick
    stm32l4xx_hal_spi.o(i.HAL_SPI_Abort) refers to stm32l4xx_hal_dma.o(i.HAL_DMA_Abort) for HAL_DMA_Abort
    stm32l4xx_hal_spi.o(i.HAL_SPI_Abort) refers to stm32l4xx_hal.o(i.HAL_GetTick) for HAL_GetTick
    stm32l4xx_hal_spi.o(i.HAL_SPI_Abort) refers to stm32l4xx_hal_spi.o(i.SPI_EndRxTxTransaction) for SPI_EndRxTxTransaction
    stm32l4xx_hal_spi.o(i.HAL_SPI_Abort) refers to stm32l4xx_hal_spi.o(i.SPI_WaitFifoStateUntilTimeout) for SPI_WaitFifoStateUntilTimeout
    stm32l4xx_hal_spi.o(i.HAL_SPI_Abort) refers to stm32l4xx_hal_spi.o(i.SPI_WaitFlagStateUntilTimeout) for SPI_WaitFlagStateUntilTimeout
    stm32l4xx_hal_spi.o(i.HAL_SPI_Abort) refers to system_stm32l4xx.o(.data) for SystemCoreClock
    stm32l4xx_hal_spi.o(i.HAL_SPI_Abort) refers to stm32l4xx_hal_spi.o(i.SPI_AbortTx_ISR) for SPI_AbortTx_ISR
    stm32l4xx_hal_spi.o(i.HAL_SPI_Abort) refers to stm32l4xx_hal_spi.o(i.SPI_AbortRx_ISR) for SPI_AbortRx_ISR
    stm32l4xx_hal_spi.o(i.HAL_SPI_Abort_IT) refers to stm32l4xx_hal_dma.o(i.HAL_DMA_Abort_IT) for HAL_DMA_Abort_IT
    stm32l4xx_hal_spi.o(i.HAL_SPI_Abort_IT) refers to stm32l4xx_hal_spi.o(i.HAL_SPI_AbortCpltCallback) for HAL_SPI_AbortCpltCallback
    stm32l4xx_hal_spi.o(i.HAL_SPI_Abort_IT) refers to system_stm32l4xx.o(.data) for SystemCoreClock
    stm32l4xx_hal_spi.o(i.HAL_SPI_Abort_IT) refers to stm32l4xx_hal_spi.o(i.SPI_AbortTx_ISR) for SPI_AbortTx_ISR
    stm32l4xx_hal_spi.o(i.HAL_SPI_Abort_IT) refers to stm32l4xx_hal_spi.o(i.SPI_AbortRx_ISR) for SPI_AbortRx_ISR
    stm32l4xx_hal_spi.o(i.HAL_SPI_Abort_IT) refers to stm32l4xx_hal_spi.o(i.SPI_DMATxAbortCallback) for SPI_DMATxAbortCallback
    stm32l4xx_hal_spi.o(i.HAL_SPI_Abort_IT) refers to stm32l4xx_hal_spi.o(i.SPI_DMARxAbortCallback) for SPI_DMARxAbortCallback
    stm32l4xx_hal_spi.o(i.HAL_SPI_DMAStop) refers to stm32l4xx_hal_dma.o(i.HAL_DMA_Abort) for HAL_DMA_Abort
    stm32l4xx_hal_spi.o(i.HAL_SPI_DeInit) refers to stm32l4xx_hal_spi.o(i.HAL_SPI_MspDeInit) for HAL_SPI_MspDeInit
    stm32l4xx_hal_spi.o(i.HAL_SPI_IRQHandler) refers to stm32l4xx_hal_dma.o(i.HAL_DMA_Abort_IT) for HAL_DMA_Abort_IT
[...]
    startup_stm32l476xx.s                    0x00000000   Number         0  startup_stm32l476xx.o ABSOLUTE
    RESET                                    0x08000000   Section      392  startup_stm32l476xx.o(RESET)
    .ARM.Collect$$$$00000000                 0x08000188   Section        0  entry.o(.ARM.Collect$$$$00000000)
    .ARM.Collect$$$$00000001                 0x08000188   Section        4  entry2.o(.ARM.Collect$$$$00000001)
    .ARM.Collect$$$$00000004                 0x0800018c   Section        4  entry5.o(.ARM.Collect$$$$00000004)
    .ARM.Collect$$$$00000008                 0x08000190   Section        0  entry7b.o(.ARM.Collect$$$$00000008)
    .ARM.Collect$$$$0000000A                 0x08000190   Section        0  entry8b.o(.ARM.Collect$$$$0000000A)
    .ARM.Collect$$$$0000000B                 0x08000190   Section        8  entry9a.o(.ARM.Collect$$$$0000000B)
    .ARM.Collect$$$$0000000D                 0x08000198   Section        0  entry10a.o(.ARM.Collect$$$$0000000D)
    .ARM.Collect$$$$0000000F                 0x08000198   Section        0  entry11a.o(.ARM.Collect$$$$0000000F)
    .ARM.Collect$$$$00002712                 0x08000198   Section        4  entry2.o(.ARM.Collect$$$$00002712)
    __lit__00000000                          0x08000198   Data           4  entry2.o(.ARM.Collect$$$$00002712)
    .text                                    0x0800019c   Section       36  startup_stm32l476xx.o(.text)
    $v0                                      0x0800019c   Number         0  startup_stm32l476xx.o(.text)
    .text                                    0x080001c0   Section        0  uldiv.o(.text)
    .text                                    0x08000228   Section        0  memseta.o(.text)
    .text                                    0x0800024c   Section        0  uidiv.o(.text)
    .text                                    0x08000278   Section        0  llshl.o(.text)
    .text                                    0x08000296   Section        0  llushr.o(.text)
    .text                                    0x080002b6   Section        0  dadd.o(.text)
    .text                                    0x080002b6   Section        0  iusefp.o(.text)
    .text                                    0x08000414   Section        0  dmul.o(.text)
    .text                                    0x080004fe   Section        0  ddiv.o(.text)
    .text                                    0x080005dc   Section        0  dfixul.o(.text)
    .text                                    0x0800060c   Section       48  cdrcmple.o(.text)
    .text                                    0x0800063c   Section       36  init.o(.text)
    .text                                    0x08000660   Section        0  llsshr.o(.text)
    .text                                    0x08000684   Section        0  depilogue.o(.text)
    i.BusFault_Handler                       0x0800073e   Section        0  stm32l4xx_it.o(i.BusFault_Handler)
    i.CC1101_Burst_Write                     0x08000744   Section        0  cc1101.o(i.CC1101_Burst_Write)
    i.CC1101_Init                            0x080007f4   Section        0  cc1101.o(i.CC1101_Init)
    i.CC1101_Reset                           0x0800080c   Section        0  cc1101.o(i.CC1101_Reset)
    i.CC1101_Set_OpMode                      0x08000830   Section        0  cc1101.o(i.CC1101_Set_OpMode)
    i.Control_GPIO_Init                      0x08000850   Section        0  control_gpio.o(i.Control_GPIO_Init)
    i.DMA_SetConfig                          0x0800091c   Section        0  stm32l4xx_hal_dma.o(i.DMA_SetConfig)
    DMA_SetConfig                            0x0800091d   Thumb Code    48  stm32l4xx_hal_dma.o(i.DMA_SetConfig)
    i.DebugMon_Handler                       0x0800094c   Section        0  stm32l4xx_it.o(i.DebugMon_Handler)
    i.Error_Handler                          0x08000950   Section        0  debug.o(i.Error_Handler)
    i.Fast_SetChannel                        0x08000970   Section        0  simulated_lora.o(i.Fast_SetChannel)
    i.GPIO_Set                               0x080009a4   Section        0  sys.o(i.GPIO_Set)
    i.HAL_DMA_Abort_IT                       0x08000a82   Section        0  stm32l4xx_hal_dma.o(i.HAL_DMA_Abort_IT)
    i.HAL_DMA_Start_IT                       0x08000ade   Section        0  stm32l4xx_hal_dma.o(i.HAL_DMA_Start_IT)
    i.HAL_GPIO_Init                          0x08000b7c   Section        0  stm32l4xx_hal_gpio.o(i.HAL_GPIO_Init)
    i.HAL_GPIO_ReadPin                       0x08000d80   Section        0  stm32l4xx_hal_gpio.o(i.HAL_GPIO_ReadPin)
    i.HAL_GPIO_WritePin                      0x08000d90   Section        0  stm32l4xx_hal_gpio.o(i.HAL_GPIO_WritePin)
    i.HAL_GetTick                            0x08000d9c   Section        0  stm32l4xx_hal.o(i.HAL_GetTick)
    i.HAL_IncTick                            0x08000da8   Section        0  stm32l4xx_hal.o(i.HAL_IncTick)
    i.HAL_Init                               0x08000dc0   Section        0  stm32l4xx_hal.o(i.HAL_Init)
    i.HAL_InitTick                           0x08000de0   Section        0  stm32l4xx_hal.o(i.HAL_InitTick)
    i.HAL_MspInit                            0x08000e38   Section        0  stm32l4xx_hal_msp.o(i.HAL_MspInit)
    i.HAL_NVIC_EnableIRQ                     0x08000e3a   Section        0  stm32l4xx_hal_cortex.o(i.HAL_NVIC_EnableIRQ)
    i.HAL_NVIC_SetPriority                   0x08000e5a   Section        0  stm32l4xx_hal_cortex.o(i.HAL_NVIC_SetPriority)
    i.HAL_NVIC_SetPriorityGrouping           0x08000edc   Section        0  stm32l4xx_hal_cortex.o(i.HAL_NVIC_SetPriorityGrouping)
    i.HAL_PWREx_ControlVoltageScaling        0x08000f04   Section        0  stm32l4xx_hal_pwr_ex.o(i.HAL_PWREx_ControlVoltageScaling)
    i.HAL_PWREx_GetVoltageRange              0x08000f90   Section        0  stm32l4xx_hal_pwr_ex.o(i.HAL_PWREx_GetVoltageRange)
    i.HAL_PWR_EnableBkUpAccess               0x08000fa0   Section        0  stm32l4xx_hal_pwr.o(i.HAL_PWR_EnableBkUpAccess)
    i.HAL_RCCEx_EnableMSIPLLMode             0x08000fb4   Section        0  stm32l4xx_hal_rcc_ex.o(i.HAL_RCCEx_EnableMSIPLLMode)
    i.HAL_RCCEx_PeriphCLKConfig              0x08000fc8   Section        0  stm32l4xx_hal_rcc_ex.o(i.HAL_RCCEx_PeriphCLKConfig)
    i.HAL_RCC_ClockConfig                    0x0800149c   Section        0  stm32l4xx_hal_rcc.o(i.HAL_RCC_ClockConfig)
    i.HAL_RCC_GetHCLKFreq                    0x08001618   Section        0  stm32l4xx_hal_rcc.o(i.HAL_RCC_GetHCLKFreq)
    i.HAL_RCC_GetPCLK1Freq                   0x08001624   Section        0  stm32l4xx_hal_rcc.o(i.HAL_RCC_GetPCLK1Freq)
    i.HAL_RCC_GetPCLK2Freq                   0x08001648   Section        0  stm32l4xx_hal_rcc.o(i.HAL_RCC_GetPCLK2Freq)
    i.HAL_RCC_GetSysClockFreq                0x0800166c   Section        0  stm32l4xx_hal_rcc.o(i.HAL_RCC_GetSysClockFreq)
    i.HAL_RCC_MCOConfig                      0x08001758   Section        0  stm32l4xx_hal_rcc.o(i.HAL_RCC_MCOConfig)
    i.HAL_RCC_OscConfig                      0x080017b4   Section        0  stm32l4xx_hal_rcc.o(i.HAL_RCC_OscConfig)
    i.HAL_RTCEx_EnableBypassShadow           0x08001e40   Section        0  stm32l4xx_hal_rtc_ex.o(i.HAL_RTCEx_EnableBypassShadow)
    i.HAL_RTCEx_Tamper1EventCallback         0x08001e98   Section        0  stm32l4xx_hal_rtc_ex.o(i.HAL_RTCEx_Tamper1EventCallback)
    i.HAL_RTCEx_Tamper2EventCallback         0x08001e9a   Section        0  stm32l4xx_hal_rtc_ex.o(i.HAL_RTCEx_Tamper2EventCallback)
    i.HAL_RTCEx_Tamper3EventCallback         0x08001e9c   Section        0  stm32l4xx_hal_rtc_ex.o(i.HAL_RTCEx_Tamper3EventCallback)
    i.HAL_RTCEx_TamperTimeStampIRQHandler    0x08001ea0   Section        0  stm32l4xx_hal_rtc_ex.o(i.HAL_RTCEx_TamperTimeStampIRQHandler)
    i.HAL_RTCEx_TimeStampEventCallback       0x08001f88   Section        0  rtc.o(i.HAL_RTCEx_TimeStampEventCallback)
    i.HAL_RTC_Init                           0x08001f8c   Section        0  stm32l4xx_hal_rtc.o(i.HAL_RTC_Init)
    i.HAL_RTC_MspInit                        0x08002040   Section        0  rtc.o(i.HAL_RTC_MspInit)
    i.HAL_RTC_WaitForSynchro                 0x080020bc   Section        0  stm32l4xx_hal_rtc.o(i.HAL_RTC_WaitForSynchro)
    i.HAL_SPI_Init                           0x080020f4   Section        0  stm32l4xx_hal_spi.o(i.HAL_SPI_Init)
    i.HAL_SPI_MspInit                        0x080021b4   Section        0  stm32l4xx_hal_spi.o(i.HAL_SPI_MspInit)
    i.HAL_SYSTICK_CLKSourceConfig            0x080021b6   Section        0  stm32l4xx_hal_cortex.o(i.HAL_SYSTICK_CLKSourceConfig)
    i.HAL_SYSTICK_Config                     0x080021de   Section        0  stm32l4xx_hal_cortex.o(i.HAL_SYSTICK_Config)
    i.HAL_TIMEx_Break2Callback               0x08002212   Section        0  stm32l4xx_hal_tim_ex.o(i.HAL_TIMEx_Break2Callback)
    i.HAL_TIMEx_BreakCallback                0x08002214   Section        0  stm32l4xx_hal_tim_ex.o(i.HAL_TIMEx_BreakCallback)
    i.HAL_TIMEx_CommutCallback               0x08002216   Section        0  stm32l4xx_hal_tim_ex.o(i.HAL_TIMEx_CommutCallback)
    i.HAL_TIMEx_MasterConfigSynchronization  0x08002218   Section        0  stm32l4xx_hal_tim_ex.o(i.HAL_TIMEx_MasterConfigSynchronization)
    i.HAL_TIMEx_RemapConfig                  0x08002290   Section        0  stm32l4xx_hal_tim_ex.o(i.HAL_TIMEx_RemapConfig)
    i.HAL_TIM_Base_Init                      0x08002304   Section        0  stm32l4xx_hal_tim.o(i.HAL_TIM_Base_Init)
    i.HAL_TIM_Base_MspInit                   0x08002338   Section        0  timer.o(i.HAL_TIM_Base_MspInit)
    i.HAL_TIM_Base_Start_IT                  0x080023b0   Section        0  stm32l4xx_hal_tim.o(i.HAL_TIM_Base_Start_IT)
    i.HAL_TIM_Base_Stop_IT                   0x080023e8   Section        0  stm32l4xx_hal_tim.o(i.HAL_TIM_Base_Stop_IT)
    i.HAL_TIM_IC_CaptureCallback             0x08002420   Section        0  timer.o(i.HAL_TIM_IC_CaptureCallback)
    i.HAL_TIM_IC_ConfigChannel               0x080024d8   Section        0  stm32l4xx_hal_tim.o(i.HAL_TIM_IC_ConfigChannel)
    i.HAL_TIM_IC_Init                        0x080025b8   Section        0  stm32l4xx_hal_tim.o(i.HAL_TIM_IC_Init)
    i.HAL_TIM_IC_MspInit                     0x080025ec   Section        0  timer.o(i.HAL_TIM_IC_MspInit)
    i.HAL_TIM_IC_Start_IT                    0x08002630   Section        0  stm32l4xx_hal_tim.o(i.HAL_TIM_IC_Start_IT)
    i.HAL_TIM_IC_Stop_IT                     0x080026b4   Section        0  stm32l4xx_hal_tim.o(i.HAL_TIM_IC_Stop_IT)
    i.HAL_TIM_IRQHandler                     0x0800273a   Section        0  stm32l4xx_hal_tim.o(i.HAL_TIM_IRQHandler)
    i.HAL_TIM_OC_DelayElapsedCallback        0x080028f2   Section        0  stm32l4xx_hal_tim.o(i.HAL_TIM_OC_DelayElapsedCallback)
    i.HAL_TIM_PWM_PulseFinishedCallback      0x080028f4   Section        0  stm32l4xx_hal_tim.o(i.HAL_TIM_PWM_PulseFinishedCallback)
    i.HAL_TIM_PeriodElapsedCallback          0x080028f8   Section        0  timer.o(i.HAL_TIM_PeriodElapsedCallback)
    i.HAL_TIM_ReadCapturedValue              0x08002910   Section        0  stm32l4xx_hal_tim.o(i.HAL_TIM_ReadCapturedValue)
    i.HAL_TIM_TriggerCallback                0x08002942   Section        0  stm32l4xx_hal_tim.o(i.HAL_TIM_TriggerCallback)
    i.HAL_UARTEx_WakeupCallback              0x08002944   Section        0  stm32l4xx_hal_uart_ex.o(i.HAL_UARTEx_WakeupCallback)
    i.HAL_UART_ErrorCallback                 0x08002946   Section        0  stm32l4xx_hal_uart.o(i.HAL_UART_ErrorCallback)
    i.HAL_UART_GetState                      0x08002948   Section        0  stm32l4xx_hal_uart.o(i.HAL_UART_GetState)
    i.HAL_UART_IRQHandler                    0x08002954   Section        0  stm32l4xx_hal_uart.o(i.HAL_UART_IRQHandler)
    i.HAL_UART_Init                          0x08002ae4   Section        0  stm32l4xx_hal_uart.o(i.HAL_UART_Init)
    i.HAL_UART_MspInit                       0x08002b58   Section        0  usart.o(i.HAL_UART_MspInit)
    i.HAL_UART_Receive_IT                    0x08002be4   Section        0  stm32l4xx_hal_uart.o(i.HAL_UART_Receive_IT)
    i.HAL_UART_RxCpltCallback                0x08002cc8   Section        0  usart.o(i.HAL_UART_RxCpltCallback)
    i.HAL_UART_Transmit_DMA                  0x08002d50   Section        0  stm32l4xx_hal_uart.o(i.HAL_UART_Transmit_DMA)
    i.HAL_UART_TxCpltCallback                0x08002e04   Section        0  vcom.o(i.HAL_UART_TxCpltCallback)
    i.HAL_UART_TxHalfCpltCallback            0x08002e14   Section        0  stm32l4xx_hal_uart.o(i.HAL_UART_TxHalfCpltCallback)
    i.HW_GPIO_Init                           0x08002e18   Section        0  hw_gpio.o(i.HW_GPIO_Init)
    i.HW_GPIO_Write                          0x08002f00   Section        0  hw_gpio.o(i.HW_GPIO_Write)
    i.HW_SPI_Init                            0x08002f14   Section        0  hw_spi.o(i.HW_SPI_Init)
    i.HW_SPI_IoInit                          0x08002f98   Section        0  hw_spi.o(i.HW_SPI_IoInit)
    i.HardFault_Handler                      0x08002ffc   Section        0  stm32l4xx_it.o(i.HardFault_Handler)
    i.LL_EXTI_ClearFlag_0_31                 0x08003004   Section        0  rtc.o(i.LL_EXTI_ClearFlag_0_31)
    i.LL_GPIO_TogglePin                      0x08003010   Section        0  control_gpio.o(i.LL_GPIO_TogglePin)
    i.LL_RTC_ClearFlag_WUT                   0x08003018   Section        0  rtc.o(i.LL_RTC_ClearFlag_WUT)
    i.LL_RTC_IsActiveFlag_WUT                0x08003026   Section        0  rtc.o(i.LL_RTC_IsActiveFlag_WUT)
    i.LL_TIM_ClearFlag_UPDATE                0x08003030   Section        0  timer.o(i.LL_TIM_ClearFlag_UPDATE)
    i.LL_TIM_IsActiveFlag_UPDATE             0x08003038   Section        0  timer.o(i.LL_TIM_IsActiveFlag_UPDATE)
    i.LPM_SetStopMode                        0x08003044   Section        0  low_power_manager.o(i.LPM_SetStopMode)
    i.LoRa_Generate_Signal                   0x08003084   Section        0  simulated_lora.o(i.LoRa_Generate_Signal)
    i.Max                                    0x080034f0   Section        0  timer_calibration.o(i.Max)
    i.MemManage_Handler                      0x080034fe   Section        0  stm32l4xx_it.o(i.MemManage_Handler)
    i.Min                                    0x08003502   Section        0  timer_calibration.o(i.Min)
    i.NMI_Handler                            0x08003510   Section        0  stm32l4xx_it.o(i.NMI_Handler)
    i.PendSV_Handler                         0x08003512   Section        0  stm32l4xx_it.o(i.PendSV_Handler)
    i.RCCEx_PLLSAI1_Config                   0x08003514   Section        0  stm32l4xx_hal_rcc_ex.o(i.RCCEx_PLLSAI1_Config)
    RCCEx_PLLSAI1_Config                     0x08003515   Thumb Code   378  stm32l4xx_hal_rcc_ex.o(i.RCCEx_PLLSAI1_Config)
    i.RCCEx_PLLSAI2_Config                   0x080036a0   Section        0  stm32l4xx_hal_rcc_ex.o(i.RCCEx_PLLSAI2_Config)
    RCCEx_PLLSAI2_Config                     0x080036a1   Thumb Code   342  stm32l4xx_hal_rcc_ex.o(i.RCCEx_PLLSAI2_Config)
    i.RCC_SetFlashLatencyFromMSIRange        0x08003804   Section        0  stm32l4xx_hal_rcc.o(i.RCC_SetFlashLatencyFromMSIRange)
    RCC_SetFlashLatencyFromMSIRange          0x08003805   Thumb Code   148  stm32l4xx_hal_rcc.o(i.RCC_SetFlashLatencyFromMSIRange)
    i.RTC_EnterInitMode                      0x080038a0   Section        0  stm32l4xx_hal_rtc.o(i.RTC_EnterInitMode)
    i.RTC_ExitInitMode                       0x080038e4   Section        0  stm32l4xx_hal_rtc.o(i.RTC_ExitInitMode)
    i.RTC_Init                               0x0800394c   Section        0  rtc.o(i.RTC_Init)
    i.RTC_Timer_Calibration                  0x0800398c   Section        0  timer_calibration.o(i.RTC_Timer_Calibration)
    i.RTC_WKUP_IRQHandler                    0x08003a5c   Section        0  rtc.o(i.RTC_WKUP_IRQHandler)
    i.SPI1_Init                              0x08003a88   Section        0  fast_spi.o(i.SPI1_Init)
    i.SPI1_ReadWriteByte_u16                 0x08003b20   Section        0  fast_spi.o(i.SPI1_ReadWriteByte_u16)
    i.SPI1_ReadWriteByte_u8                  0x08003b68   Section        0  fast_spi.o(i.SPI1_ReadWriteByte_u8)
    i.SVC_Handler                            0x08003b98   Section        0  stm32l4xx_it.o(i.SVC_Handler)
    i.SysTick_Handler                        0x08003b9a   Section        0  stm32l4xx_it.o(i.SysTick_Handler)
    i.SystemClock_Config                     0x08003ba4   Section        0  sys.o(i.SystemClock_Config)
    i.SystemInit                             0x08003c50   Section        0  system_stm32l4xx.o(i.SystemInit)
    i.TAMP_STAMP_IRQHandler                  0x08003ca0   Section        0  rtc.o(i.TAMP_STAMP_IRQHandler)
    i.TIM15_Init                             0x08003cb0   Section        0  timer.o(i.TIM15_Init)
    i.TIM1_BRK_TIM15_IRQHandler              0x08003d3c   Section        0  timer.o(i.TIM1_BRK_TIM15_IRQHandler)
    i.TIM2_IRQHandler                        0x08003d4c   Section        0  timer.o(i.TIM2_IRQHandler)
    i.TIM2_Init                              0x08003d64   Section        0  timer.o(i.TIM2_Init)
    i.TIM3_IRQHandler                        0x08003d90   Section        0  timer.o(i.TIM3_IRQHandler)
    i.TIM3_Init                              0x08003db8   Section        0  timer.o(i.TIM3_Init)
    i.TIM_Base_SetConfig                     0x08003df0   Section        0  stm32l4xx_hal_tim.o(i.TIM_Base_SetConfig)
    i.TIM_CCxChannelCmd                      0x08003ebc   Section        0  stm32l4xx_hal_tim.o(i.TIM_CCxChannelCmd)
    i.TIM_TI1_SetConfig                      0x08003ee0   Section        0  stm32l4xx_hal_tim.o(i.TIM_TI1_SetConfig)
    i.TIM_TI2_SetConfig                      0x08003f64   Section        0  stm32l4xx_hal_tim.o(i.TIM_TI2_SetConfig)
    TIM_TI2_SetConfig                        0x08003f65   Thumb Code    58  stm32l4xx_hal_tim.o(i.TIM_TI2_SetConfig)
    i.TIM_TI3_SetConfig                      0x08003f9e   Section        0  stm32l4xx_hal_tim.o(i.TIM_TI3_SetConfig)
    TIM_TI3_SetConfig                        0x08003f9f   Thumb Code    56  stm32l4xx_hal_tim.o(i.TIM_TI3_SetConfig)
    i.TIM_TI4_SetConfig                      0x08003fd6   Section        0  stm32l4xx_hal_tim.o(i.TIM_TI4_SetConfig)
    TIM_TI4_SetConfig                        0x08003fd7   Thumb Code    60  stm32l4xx_hal_tim.o(i.TIM_TI4_SetConfig)
    i.TraceSend                              0x08004014   Section        0  trace.o(i.TraceSend)
    i.UART_AdvFeatureConfig                  0x0800409c   Section        0  stm32l4xx_hal_uart.o(i.UART_AdvFeatureConfig)
    i.UART_CheckIdleState                    0x08004194   Section        0  stm32l4xx_hal_uart.o(i.UART_CheckIdleState)
    i.UART_DMAAbortOnError                   0x08004202   Section        0  stm32l4xx_hal_uart.o(i.UART_DMAAbortOnError)
    UART_DMAAbortOnError                     0x08004203   Thumb Code    24  stm32l4xx_hal_uart.o(i.UART_DMAAbortOnError)
    i.UART_DMAError                          0x0800421a   Section        0  stm32l4xx_hal_uart.o(i.UART_DMAError)
    UART_DMAError                            0x0800421b   Thumb Code    86  stm32l4xx_hal_uart.o(i.UART_DMAError)
    i.UART_DMATransmitCplt                   0x08004270   Section        0  stm32l4xx_hal_uart.o(i.UART_DMATransmitCplt)
    UART_DMATransmitCplt                     0x08004271   Thumb Code    56  stm32l4xx_hal_uart.o(i.UART_DMATransmitCplt)
    i.UART_DMATxHalfCplt                     0x080042a8   Section        0  stm32l4xx_hal_uart.o(i.UART_DMATxHalfCplt)
    UART_DMATxHalfCplt                       0x080042a9   Thumb Code    14  stm32l4xx_hal_uart.o(i.UART_DMATxHalfCplt)
    i.UART_EndRxTransfer                     0x080042b6   Section        0  stm32l4xx_hal_uart.o(i.UART_EndRxTransfer)
    UART_EndRxTransfer                       0x080042b7   Thumb Code    34  stm32l4xx_hal_uart.o(i.UART_EndRxTransfer)
    i.UART_EndTransmit_IT                    0x080042d8   Section        0  stm32l4xx_hal_uart.o(i.UART_EndTransmit_IT)
    UART_EndTransmit_IT                      0x080042d9   Thumb Code    32  stm32l4xx_hal_uart.o(i.UART_EndTransmit_IT)
    i.UART_EndTxTransfer                     0x080042f8   Section        0  stm32l4xx_hal_uart.o(i.UART_EndTxTransfer)
    UART_EndTxTransfer                       0x080042f9   Thumb Code    18  stm32l4xx_hal_uart.o(i.UART_EndTxTransfer)
    i.UART_RxISR_16BIT                       0x0800430a   Section        0  stm32l4xx_hal_uart.o(i.UART_RxISR_16BIT)
    UART_RxISR_16BIT                         0x0800430b   Thumb Code   106  stm32l4xx_hal_uart.o(i.UART_RxISR_16BIT)
    i.UART_RxISR_8BIT                        0x08004374   Section        0  stm32l4xx_hal_uart.o(i.UART_RxISR_8BIT)
    UART_RxISR_8BIT                          0x08004375   Thumb Code   102  stm32l4xx_hal_uart.o(i.UART_RxISR_8BIT)
    i.UART_SetConfig                         0x080043dc   Section        0  stm32l4xx_hal_uart.o(i.UART_SetConfig)
    i.UART_WaitOnFlagUntilTimeout            0x08004866   Section        0  stm32l4xx_hal_uart.o(i.UART_WaitOnFlagUntilTimeout)
    i.USART2_IRQHandler                      0x080048d0   Section        0  usart.o(i.USART2_IRQHandler)
    i.UsageFault_Handler                     0x08004910   Section        0  stm32l4xx_it.o(i.UsageFault_Handler)
    i.__0printf                              0x08004914   Section        0  printfa.o(i.__0printf)
    i.__0vsnprintf                           0x08004934   Section        0  printfa.o(i.__0vsnprintf)
    i.__NVIC_GetPriorityGrouping             0x08004960   Section        0  stm32l4xx_hal_cortex.o(i.__NVIC_GetPriorityGrouping)
    __NVIC_GetPriorityGrouping               0x08004961   Thumb Code    10  stm32l4xx_hal_cortex.o(i.__NVIC_GetPriorityGrouping)
    i.__NVIC_SetPriority                     0x08004970   Section        0  stm32l4xx_hal_cortex.o(i.__NVIC_SetPriority)
    __NVIC_SetPriority                       0x08004971   Thumb Code    32  stm32l4xx_hal_cortex.o(i.__NVIC_SetPriority)
    i.__scatterload_copy                     0x08004998   Section       14  handlers.o(i.__scatterload_copy)
    i.__scatterload_null                     0x080049a6   Section        2  handlers.o(i.__scatterload_null)
    i.__scatterload_zeroinit                 0x080049a8   Section       14  handlers.o(i.__scatterload_zeroinit)
    i.__set_PRIMASK                          0x080049b6   Section        0  trace.o(i.__set_PRIMASK)
    __set_PRIMASK                            0x080049b7   Thumb Code     6  trace.o(i.__set_PRIMASK)
    i._fp_digits                             0x080049bc   Section        0  printfa.o(i._fp_digits)
    _fp_digits                               0x080049bd   Thumb Code   366  printfa.o(i._fp_digits)
    i._printf_core                           0x08004b48   Section        0  printfa.o(i._printf_core)
    _printf_core                             0x08004b49   Thumb Code  1744  printfa.o(i._printf_core)
    i._printf_post_padding                   0x0800522a   Section        0  printfa.o(i._printf_post_padding)
    _printf_post_padding                     0x0800522b   Thumb Code    36  printfa.o(i._printf_post_padding)
    i._printf_pre_padding                    0x0800524e   Section        0  printfa.o(i._printf_pre_padding)
    _printf_pre_padding                      0x0800524f   Thumb Code    46  printfa.o(i._printf_pre_padding)
    i._snputc                                0x0800527c   Section        0  printfa.o(i._snputc)
    _snputc                                  0x0800527d   Thumb Code    22  printfa.o(i._snputc)
    i.add_elementSize_and_inc_writeIdx       0x08005292   Section        0  queue.o(i.add_elementSize_and_inc_writeIdx)
    add_elementSize_and_inc_writeIdx         0x08005293   Thumb Code    50  queue.o(i.add_elementSize_and_inc_writeIdx)
    i.circular_queue_add                     0x080052c4   Section        0  queue.o(i.circular_queue_add)
    i.circular_queue_get                     0x0800539c   Section        0  queue.o(i.circular_queue_get)
    i.circular_queue_get_free_size           0x080053ee   Section        0  queue.o(i.circular_queue_get_free_size)
    circular_queue_get_free_size             0x080053ef   Thumb Code    42  queue.o(i.circular_queue_get_free_size)
    i.delay_init                             0x08005418   Section        0  delay.o(i.delay_init)
    i.delay_ms                               0x0800542c   Section        0  delay.o(i.delay_ms)
    i.delay_us                               0x08005444   Section        0  delay.o(i.delay_us)
    i.fputc                                  0x0800548c   Section        0  usart.o(i.fputc)
    i.main                                   0x080054a8   Section        0  main.o(i.main)
    i.queue_copy                             0x080054ec   Section        0  queue.o(i.queue_copy)
    queue_copy                               0x080054ed   Thumb Code    24  queue.o(i.queue_copy)
    i.uart_init                              0x08005504   Section        0  usart.o(i.uart_init)
    i.vcom_Trace                             0x0800553c   Section        0  vcom.o(i.vcom_Trace)
    .constdata                               0x08005554   Section       72  system_stm32l4xx.o(.constdata)
    .data                                    0x20000000   Section       12  stm32l4xx_hal.o(.data)
    .data                                    0x2000000c   Section        4  system_stm32l4xx.o(.data)
    .data                                    0x20000010   Section       47  cc1101.o(.data)
    CC1101_Init_Setting                      0x20000010   Data          47  cc1101.o(.data)
    .data                                    0x20000040   Section        4  vcom.o(.data)
    TxCpltCallback                           0x20000040   Data           4  vcom.o(.data)
    .data                                    0x20000044   Section       23  timer.o(.data)
    .data                                    0x2000005c   Section        4  delay.o(.data)
    fac_us                                   0x2000005c   Data           4  delay.o(.data)
    .data                                    0x20000060   Section        7  usart.o(.data)
    .data                                    0x20000068   Section        8  low_power_manager.o(.data)
    StopModeDisable                          0x20000068   Data           4  low_power_manager.o(.data)
    OffModeDisable                           0x2000006c   Data           4  low_power_manager.o(.data)
    .data                                    0x20000070   Section        1  trace.o(.data)
    .data                                    0x20000074   Section      156  simulated_lora.o(.data)
    CC1101_Init_Setting                      0x20000074   Data          47  simulated_lora.o(.data)
    .bss                                     0x20000110   Section      100  hw_spi.o(.bss)
    hspi                                     0x20000110   Data         100  hw_spi.o(.bss)
    .bss                                     0x20000174   Section      128  vcom.o(.bss)
    UartHandle                               0x20000174   Data         128  vcom.o(.bss)
    .bss                                     0x200001f4   Section      240  timer.o(.bss)
    .bss                                     0x200002e4   Section       56  rtc.o(.bss)
    .bss                                     0x2000031c   Section      328  usart.o(.bss)
    .bss                                     0x20000464   Section      272  trace.o(.bss)
    MsgTraceQueue                            0x20000464   Data          16  trace.o(.bss)
    MsgTraceQueueBuff                        0x20000474   Data         256  trace.o(.bss)
    .bss                                     0x20000574   Section     2048  simulated_lora.o(.bss)
    STACK                                    0x20000d78   Section     1024  startup_stm32l476xx.o(STACK)

    Global Symbols

    Symbol Name                              Value     Ov Type        Size  Object(Section)

    BuildAttributes$$THM_ISAv4$E$P$D$K$B$S$7EM$VFPi3$EXTD16$VFPS$VFMA$PE$A:L22UL41UL21$X:L11$S22US41US21$IEEE1$IW$USESV6$~STKCKD$USESV7$~SHL$OTIME$ROPI$IEEEJ$EBA8$MICROLIB$REQ8$PRES8$EABIv2 0x00000000   Number         0  anon$$obj.o ABSOLUTE
    __ARM_use_no_argv                        0x00000000   Number         0  main.o ABSOLUTE
    __use_no_errno                           0x00000000   Number         0  useno.o ABSOLUTE
    __use_no_exception_handling              0x00000000   Number         0  useno.o ABSOLUTE
    __use_no_fp                              0x00000000   Number         0  useno.o ABSOLUTE
    __use_no_heap                            0x00000000   Number         0  useno.o ABSOLUTE
    __use_no_heap_region                     0x00000000   Number         0  useno.o ABSOLUTE
    __use_no_semihosting                     0x00000000   Number         0  useno.o ABSOLUTE
    __use_no_semihosting_swi                 0x00000000   Number         0  useno.o ABSOLUTE
    __use_no_signal_handling                 0x00000000   Number         0  useno.o ABSOLUTE
    __cpp_initialize__aeabi_                  - Undefined Weak Reference
    __cxa_finalize                            - Undefined Weak Reference
    __decompress                              - Undefined Weak Reference
    _clock_init                               - Undefined Weak Reference
    _microlib_exit                            - Undefined Weak Reference
    __Vectors_Size                           0x00000188   Number         0  startup_stm32l476xx.o ABSOLUTE
    __Vectors                                0x08000000   Data           4  startup_stm32l476xx.o(RESET)
    __Vectors_End                            0x08000188   Data           0  startup_stm32l476xx.o(RESET)
    __main                                   0x08000189   Thumb Code     0  entry.o(.ARM.Collect$$$$00000000)
    _main_stk                                0x08000189   Thumb Code     0  entry2.o(.ARM.Collect$$$$00000001)
    _main_scatterload                        0x0800018d   Thumb Code     0  entry5.o(.ARM.Collect$$$$00000004)
    __main_after_scatterload                 0x08000191   Thumb Code     0  entry5.o(.ARM.Collect$$$$00000004)
    _main_clock                              0x08000191   Thumb Code     0  entry7b.o(.ARM.Collect$$$$00000008)
    _main_cpp_init                           0x08000191   Thumb Code     0  entry8b.o(.ARM.Collect$$$$0000000A)
    _main_init                               0x08000191   Thumb Code     0  entry9a.o(.ARM.Collect$$$$0000000B)
    __rt_final_cpp                           0x08000199   Thumb Code     0  entry10a.o(.ARM.Collect$$$$0000000D)
    __rt_final_exit                          0x08000199   Thumb Code     0  entry11a.o(.ARM.Collect$$$$0000000F)
    Reset_Handler                            0x0800019d   Thumb Code     8  startup_stm32l476xx.o(.text)
    ADC1_2_IRQHandler                        0x080001b7   Thumb Code     0  startup_stm32l476xx.o(.text)
    ADC3_IRQHandler                          0x080001b7   Thumb Code     0  startup_stm32l476xx.o(.text)
    CAN1_RX0_IRQHandler                      0x080001b7   Thumb Code     0  startup_stm32l476xx.o(.text)
    CAN1_RX1_IRQHandler                      0x080001b7   Thumb Code     0  startup_stm32l476xx.o(.text)
    CAN1_SCE_IRQHandler                      0x080001b7   Thumb Code     0  startup_stm32l476xx.o(.text)
    CAN1_TX_IRQHandler                       0x080001b7   Thumb Code     0  startup_stm32l476xx.o(.text)
    COMP_IRQHandler                          0x080001b7   Thumb Code     0  startup_stm32l476xx.o(.text)
    DFSDM1_FLT0_IRQHandler                   0x080001b7   Thumb Code     0  startup_stm32l476xx.o(.text)
    DFSDM1_FLT1_IRQHandler                   0x080001b7   Thumb Code     0  startup_stm32l476xx.o(.text)
    DFSDM1_FLT2_IRQHandler                   0x080001b7   Thumb Code     0  startup_stm32l476xx.o(.text)
    DFSDM1_FLT3_IRQHandler                   0x080001b7   Thumb Code     0  startup_stm32l476xx.o(.text)
    DMA1_Channel1_IRQHandler                 0x080001b7   Thumb Code     0  startup_stm32l476xx.o(.text)
    DMA1_Channel2_IRQHandler                 0x080001b7   Thumb Code     0  startup_stm32l476xx.o(.text)
    DMA1_Channel3_IRQHandler                 0x080001b7   Thumb Code     0  startup_stm32l476xx.o(.text)
    DMA1_Channel4_IRQHandler                 0x080001b7   Thumb Code     0  startup_stm32l476xx.o(.text)
    DMA1_Channel5_IRQHandler                 0x080001b7   Thumb Code     0  startup_stm32l476xx.o(.text)
    DMA1_Channel6_IRQHandler                 0x080001b7   Thumb Code     0  startup_stm32l476xx.o(.text)
    DMA1_Channel7_IRQHandler                 0x080001b7   Thumb Code     0  startup_stm32l476xx.o(.text)
    DMA2_Channel1_IRQHandler                 0x080001b7   Thumb Code     0  startup_stm32l476xx.o(.text)
    DMA2_Channel2_IRQHandler                 0x080001b7   Thumb Code     0  startup_stm32l476xx.o(.text)
    DMA2_Channel3_IRQHandler                 0x080001b7   Thumb Code     0  startup_stm32l476xx.o(.text)
    DMA2_Channel4_IRQHandler                 0x080001b7   Thumb Code     0  startup_stm32l476xx.o(.text)
    DMA2_Channel5_IRQHandler                 0x080001b7   Thumb Code     0  startup_stm32l476xx.o(.text)
    DMA2_Channel6_IRQHandler                 0x080001b7   Thumb Code     0  startup_stm32l476xx.o(.text)
    DMA2_Channel7_IRQHandler                 0x080001b7   Thumb Code     0  startup_stm32l476xx.o(.text)
    EXTI0_IRQHandler                         0x080001b7   Thumb Code     0  startup_stm32l476xx.o(.text)
    EXTI15_10_IRQHandler                     0x080001b7   Thumb Code     0  startup_stm32l476xx.o(.text)
    EXTI1_IRQHandler                         0x080001b7   Thumb Code     0  startup_stm32l476xx.o(.text)
    EXTI2_IRQHandler                         0x080001b7   Thumb Code     0  startup_stm32l476xx.o(.text)
    EXTI3_IRQHandler                         0x080001b7   Thumb Code     0  startup_stm32l476xx.o(.text)
    EXTI4_IRQHandler                         0x080001b7   Thumb Code     0  startup_stm32l476xx.o(.text)
    EXTI9_5_IRQHandler                       0x080001b7   Thumb Code     0  startup_stm32l476xx.o(.text)
    FLASH_IRQHandler                         0x080001b7   Thumb Code     0  startup_stm32l476xx.o(.text)
    FMC_IRQHandler                           0x080001b7   Thumb Code     0  startup_stm32l476xx.o(.text)
    FPU_IRQHandler                           0x080001b7   Thumb Code     0  startup_stm32l476xx.o(.text)
    I2C1_ER_IRQHandler                       0x080001b7   Thumb Code     0  startup_stm32l476xx.o(.text)
    I2C1_EV_IRQHandler                       0x080001b7   Thumb Code     0  startup_stm32l476xx.o(.text)
    I2C2_ER_IRQHandler                       0x080001b7   Thumb Code     0  startup_stm32l476xx.o(.text)
    I2C2_EV_IRQHandler                       0x080001b7   Thumb Code     0  startup_stm32l476xx.o(.text)
    I2C3_ER_IRQHandler                       0x080001b7   Thumb Code     0  startup_stm32l476xx.o(.text)
    I2C3_EV_IRQHandler                       0x080001b7   Thumb Code     0  startup_stm32l476xx.o(.text)
    LCD_IRQHandler                           0x080001b7   Thumb Code     0  startup_stm32l476xx.o(.text)
    LPTIM1_IRQHandler                        0x080001b7   Thumb Code     0  startup_stm32l476xx.o(.text)
    LPTIM2_IRQHandler                        0x080001b7   Thumb Code     0  startup_stm32l476xx.o(.text)
    LPUART1_IRQHandler                       0x080001b7   Thumb Code     0  startup_stm32l476xx.o(.text)
    OTG_FS_IRQHandler                        0x080001b7   Thumb Code     0  startup_stm32l476xx.o(.text)
    PVD_PVM_IRQHandler                       0x080001b7   Thumb Code     0  startup_stm32l476xx.o(.text)
    QUADSPI_IRQHandler                       0x080001b7   Thumb Code     0  startup_stm32l476xx.o(.text)
    RCC_IRQHandler                           0x080001b7   Thumb Code     0  startup_stm32l476xx.o(.text)
    RNG_IRQHandler                           0x080001b7   Thumb Code     0  startup_stm32l476xx.o(.text)
    RTC_Alarm_IRQHandler                     0x080001b7   Thumb Code     0  startup_stm32l476xx.o(.text)
    SAI1_IRQHandler                          0x080001b7   Thumb Code     0  startup_stm32l476xx.o(.text)
    SAI2_IRQHandler                          0x080001b7   Thumb Code     0  startup_stm32l476xx.o(.text)
    SDMMC1_IRQHandler                        0x080001b7   Thumb Code     0  startup_stm32l476xx.o(.text)
    SPI1_IRQHandler                          0x080001b7   Thumb Code     0  startup_stm32l476xx.o(.text)
    SPI2_IRQHandler                          0x080001b7   Thumb Code     0  startup_stm32l476xx.o(.text)
    SPI3_IRQHandler                          0x080001b7   Thumb Code     0  startup_stm32l476xx.o(.text)
    SWPMI1_IRQHandler                        0x080001b7   Thumb Code     0  startup_stm32l476xx.o(.text)
    TIM1_CC_IRQHandler                       0x080001b7   Thumb Code     0  startup_stm32l476xx.o(.text)
    TIM1_TRG_COM_TIM17_IRQHandler            0x080001b7   Thumb Code     0  startup_stm32l476xx.o(.text)
    TIM1_UP_TIM16_IRQHandler                 0x080001b7   Thumb Code     0  startup_stm32l476xx.o(.text)
    TIM4_IRQHandler                          0x080001b7   Thumb Code     0  startup_stm32l476xx.o(.text)
    TIM5_IRQHandler                          0x080001b7   Thumb Code     0  startup_stm32l476xx.o(.text)
    TIM6_DAC_IRQHandler                      0x080001b7   Thumb Code     0  startup_stm32l476xx.o(.text)
    TIM7_IRQHandler                          0x080001b7   Thumb Code     0  startup_stm32l476xx.o(.text)
    TIM8_BRK_IRQHandler                      0x080001b7   Thumb Code     0  startup_stm32l476xx.o(.text)
    TIM8_CC_IRQHandler                       0x080001b7   Thumb Code     0  startup_stm32l476xx.o(.text)
    TIM8_TRG_COM_IRQHandler                  0x080001b7   Thumb Code     0  startup_stm32l476xx.o(.text)
    TIM8_UP_IRQHandler                       0x080001b7   Thumb Code     0  startup_stm32l476xx.o(.text)
    TSC_IRQHandler                           0x080001b7   Thumb Code     0  startup_stm32l476xx.o(.text)
    UART4_IRQHandler                         0x080001b7   Thumb Code     0  startup_stm32l476xx.o(.text)
    UART5_IRQHandler                         0x080001b7   Thumb Code     0  startup_stm32l476xx.o(.text)
    USART1_IRQHandler                        0x080001b7   Thumb Code     0  startup_stm32l476xx.o(.text)
    USART3_IRQHandler                        0x080001b7   Thumb Code     0  startup_stm32l476xx.o(.text)
    WWDG_IRQHandler                          0x080001b7   Thumb Code     0  startup_stm32l476xx.o(.text)
    __aeabi_uldivmod                         0x080001c1   Thumb Code    98  uldiv.o(.text)
    __aeabi_memset                           0x08000229   Thumb Code    14  memseta.o(.text)
    __aeabi_memset4                          0x08000229   Thumb Code     0  memseta.o(.text)
    __aeabi_memset8                          0x08000229   Thumb Code     0  memseta.o(.text)
    __aeabi_memclr                           0x08000237   Thumb Code     4  memseta.o(.text)
    __aeabi_memclr4                          0x08000237   Thumb Code     0  memseta.o(.text)
    __aeabi_memclr8                          0x08000237   Thumb Code     0  memseta.o(.text)
    _memset$wrapper                          0x0800023b   Thumb Code    18  memseta.o(.text)
    __aeabi_uidiv                            0x0800024d   Thumb Code     0  uidiv.o(.text)
    __aeabi_uidivmod                         0x0800024d   Thumb Code    44  uidiv.o(.text)
    __aeabi_llsl                             0x08000279   Thumb Code    30  llshl.o(.text)
    _ll_shift_l                              0x08000279   Thumb Code     0  llshl.o(.text)
    __aeabi_llsr                             0x08000297   Thumb Code    32  llushr.o(.text)
    _ll_ushift_r                             0x08000297   Thumb Code     0  llushr.o(.text)
    __I$use$fp                               0x080002b7   Thumb Code     0  iusefp.o(.text)
    __aeabi_dadd                             0x080002b7   Thumb Code   322  dadd.o(.text)
    __aeabi_dsub                             0x080003f9   Thumb Code     6  dadd.o(.text)
    __aeabi_drsub                            0x080003ff   Thumb Code     6  dadd.o(.text)
    __aeabi_dmul                             0x08000415   Thumb Code   228  dmul.o(.text)
    __aeabi_ddiv                             0x080004ff   Thumb Code   222  ddiv.o(.text)
    __aeabi_d2ulz                            0x080005dd   Thumb Code    48  dfixul.o(.text)
    __aeabi_cdrcmple                         0x0800060d   Thumb Code    48  cdrcmple.o(.text)
    __scatterload                            0x0800063d   Thumb Code    28  init.o(.text)
    __scatterload_rt2                        0x0800063d   Thumb Code     0  init.o(.text)
    __aeabi_lasr                             0x08000661   Thumb Code    36  llsshr.o(.text)
    _ll_sshift_r                             0x08000661   Thumb Code     0  llsshr.o(.text)
    _double_round                            0x08000685   Thumb Code    30  depilogue.o(.text)
    _double_epilogue                         0x080006a3   Thumb Code   156  depilogue.o(.text)
    BusFault_Handler                         0x0800073f   Thumb Code     4  stm32l4xx_it.o(i.BusFault_Handler)
    CC1101_Burst_Write                       0x08000745   Thumb Code   170  cc1101.o(i.CC1101_Burst_Write)
    CC1101_Init                              0x080007f5   Thumb Code    18  cc1101.o(i.CC1101_Init)
    CC1101_Reset                             0x0800080d   Thumb Code    30  cc1101.o(i.CC1101_Reset)
    CC1101_Set_OpMode                        0x08000831   Thumb Code    26  cc1101.o(i.CC1101_Set_OpMode)
    Control_GPIO_Init                        0x08000851   Thumb Code   196  control_gpio.o(i.Control_GPIO_Init)
    DebugMon_Handler                         0x0800094d   Thumb Code     2  stm32l4xx_it.o(i.DebugMon_Handler)
    Error_Handler                            0x08000951   Thumb Code    14  debug.o(i.Error_Handler)
    Fast_SetChannel                          0x08000971   Thumb Code    52  simulated_lora.o(i.Fast_SetChannel)
    GPIO_Set                                 0x080009a5   Thumb Code   222  sys.o(i.GPIO_Set)
    HAL_DMA_Abort_IT                         0x08000a83   Thumb Code    92  stm32l4xx_hal_dma.o(i.HAL_DMA_Abort_IT)
    HAL_DMA_Start_IT                         0x08000adf   Thumb Code   156  stm32l4xx_hal_dma.o(i.HAL_DMA_Start_IT)
    HAL_GPIO_Init                            0x08000b7d   Thumb Code   480  stm32l4xx_hal_gpio.o(i.HAL_GPIO_Init)
    HAL_GPIO_ReadPin                         0x08000d81   Thumb Code    16  stm32l4xx_hal_gpio.o(i.HAL_GPIO_ReadPin)
    HAL_GPIO_WritePin                        0x08000d91   Thumb Code    10  stm32l4xx_hal_gpio.o(i.HAL_GPIO_WritePin)
    HAL_GetTick                              0x08000d9d   Thumb Code     6  stm32l4xx_hal.o(i.HAL_GetTick)
    HAL_IncTick                              0x08000da9   Thumb Code    16  stm32l4xx_hal.o(i.HAL_IncTick)
    HAL_Init                                 0x08000dc1   Thumb Code    30  stm32l4xx_hal.o(i.HAL_Init)
    HAL_InitTick                             0x08000de1   Thumb Code    74  stm32l4xx_hal.o(i.HAL_InitTick)
    HAL_MspInit                              0x08000e39   Thumb Code     2  stm32l4xx_hal_msp.o(i.HAL_MspInit)
    HAL_NVIC_EnableIRQ                       0x08000e3b   Thumb Code    32  stm32l4xx_hal_cortex.o(i.HAL_NVIC_EnableIRQ)
    HAL_NVIC_SetPriority                     0x08000e5b   Thumb Code   124  stm32l4xx_hal_cortex.o(i.HAL_NVIC_SetPriority)
    HAL_NVIC_SetPriorityGrouping             0x08000edd   Thumb Code    32  stm32l4xx_hal_cortex.o(i.HAL_NVIC_SetPriorityGrouping)
    HAL_PWREx_ControlVoltageScaling          0x08000f05   Thumb Code   128  stm32l4xx_hal_pwr_ex.o(i.HAL_PWREx_ControlVoltageScaling)
    HAL_PWREx_GetVoltageRange                0x08000f91   Thumb Code    10  stm32l4xx_hal_pwr_ex.o(i.HAL_PWREx_GetVoltageRange)
    HAL_PWR_EnableBkUpAccess                 0x08000fa1   Thumb Code    14  stm32l4xx_hal_pwr.o(i.HAL_PWR_EnableBkUpAccess)
    HAL_RCCEx_EnableMSIPLLMode               0x08000fb5   Thumb Code    14  stm32l4xx_hal_rcc_ex.o(i.HAL_RCCEx_EnableMSIPLLMode)
    HAL_RCCEx_PeriphCLKConfig                0x08000fc9   Thumb Code  1230  stm32l4xx_hal_rcc_ex.o(i.HAL_RCCEx_PeriphCLKConfig)
    HAL_RCC_ClockConfig                      0x0800149d   Thumb Code   360  stm32l4xx_hal_rcc.o(i.HAL_RCC_ClockConfig)
    HAL_RCC_GetHCLKFreq                      0x08001619   Thumb Code     6  stm32l4xx_hal_rcc.o(i.HAL_RCC_GetHCLKFreq)
    HAL_RCC_GetPCLK1Freq                     0x08001625   Thumb Code    26  stm32l4xx_hal_rcc.o(i.HAL_RCC_GetPCLK1Freq)
    HAL_RCC_GetPCLK2Freq                     0x08001649   Thumb Code    26  stm32l4xx_hal_rcc.o(i.HAL_RCC_GetPCLK2Freq)
    HAL_RCC_GetSysClockFreq                  0x0800166d   Thumb Code   220  stm32l4xx_hal_rcc.o(i.HAL_RCC_GetSysClockFreq)
    HAL_RCC_MCOConfig                        0x08001759   Thumb Code    86  stm32l4xx_hal_rcc.o(i.HAL_RCC_MCOConfig)
    HAL_RCC_OscConfig                        0x080017b5   Thumb Code  1660  stm32l4xx_hal_rcc.o(i.HAL_RCC_OscConfig)
    HAL_RTCEx_EnableBypassShadow             0x08001e41   Thumb Code    88  stm32l4xx_hal_rtc_ex.o(i.HAL_RTCEx_EnableBypassShadow)
    HAL_RTCEx_Tamper1EventCallback           0x08001e99   Thumb Code     2  stm32l4xx_hal_rtc_ex.o(i.HAL_RTCEx_Tamper1EventCallback)
    HAL_RTCEx_Tamper2EventCallback           0x08001e9b   Thumb Code     2  stm32l4xx_hal_rtc_ex.o(i.HAL_RTCEx_Tamper2EventCallback)
    HAL_RTCEx_Tamper3EventCallback           0x08001e9d   Thumb Code     2  stm32l4xx_hal_rtc_ex.o(i.HAL_RTCEx_Tamper3EventCallback)
    HAL_RTCEx_TamperTimeStampIRQHandler      0x08001ea1   Thumb Code   212  stm32l4xx_hal_rtc_ex.o(i.HAL_RTCEx_TamperTimeStampIRQHandler)
    HAL_RTCEx_TimeStampEventCallback         0x08001f89   Thumb Code     2  rtc.o(i.HAL_RTCEx_TimeStampEventCallback)
    HAL_RTC_Init                             0x08001f8d   Thumb Code   174  stm32l4xx_hal_rtc.o(i.HAL_RTC_Init)
    HAL_RTC_MspInit                          0x08002041   Thumb Code   120  rtc.o(i.HAL_RTC_MspInit)
    HAL_RTC_WaitForSynchro                   0x080020bd   Thumb Code    56  stm32l4xx_hal_rtc.o(i.HAL_RTC_WaitForSynchro)
    HAL_SPI_Init                             0x080020f5   Thumb Code   192  stm32l4xx_hal_spi.o(i.HAL_SPI_Init)
    HAL_SPI_MspInit                          0x080021b5   Thumb Code     2  stm32l4xx_hal_spi.o(i.HAL_SPI_MspInit)
    HAL_SYSTICK_CLKSourceConfig              0x080021b7   Thumb Code    40  stm32l4xx_hal_cortex.o(i.HAL_SYSTICK_CLKSourceConfig)
    HAL_SYSTICK_Config                       0x080021df   Thumb Code    52  stm32l4xx_hal_cortex.o(i.HAL_SYSTICK_Config)
    HAL_TIMEx_Break2Callback                 0x08002213   Thumb Code     2  stm32l4xx_hal_tim_ex.o(i.HAL_TIMEx_Break2Callback)
    HAL_TIMEx_BreakCallback                  0x08002215   Thumb Code     2  stm32l4xx_hal_tim_ex.o(i.HAL_TIMEx_BreakCallback)
    HAL_TIMEx_CommutCallback                 0x08002217   Thumb Code     2  stm32l4xx_hal_tim_ex.o(i.HAL_TIMEx_CommutCallback)
    HAL_TIMEx_MasterConfigSynchronization    0x08002219   Thumb Code   110  stm32l4xx_hal_tim_ex.o(i.HAL_TIMEx_MasterConfigSynchronization)
    HAL_TIMEx_RemapConfig                    0x08002291   Thumb Code   104  stm32l4xx_hal_tim_ex.o(i.HAL_TIMEx_RemapConfig)
    HAL_TIM_Base_Init                        0x08002305   Thumb Code    52  stm32l4xx_hal_tim.o(i.HAL_TIM_Base_Init)
    HAL_TIM_Base_MspInit                     0x08002339   Thumb Code   110  timer.o(i.HAL_TIM_Base_MspInit)
    HAL_TIM_Base_Start_IT                    0x080023b1   Thumb Code    50  stm32l4xx_hal_tim.o(i.HAL_TIM_Base_Start_IT)
    HAL_TIM_Base_Stop_IT                     0x080023e9   Thumb Code    56  stm32l4xx_hal_tim.o(i.HAL_TIM_Base_Stop_IT)
    HAL_TIM_IC_CaptureCallback               0x08002421   Thumb Code   158  timer.o(i.HAL_TIM_IC_CaptureCallback)
    HAL_TIM_IC_ConfigChannel                 0x080024d9   Thumb Code   224  stm32l4xx_hal_tim.o(i.HAL_TIM_IC_ConfigChannel)
    HAL_TIM_IC_Init                          0x080025b9   Thumb Code    52  stm32l4xx_hal_tim.o(i.HAL_TIM_IC_Init)
    HAL_TIM_IC_MspInit                       0x080025ed   Thumb Code    58  timer.o(i.HAL_TIM_IC_MspInit)
    HAL_TIM_IC_Start_IT                      0x08002631   Thumb Code   128  stm32l4xx_hal_tim.o(i.HAL_TIM_IC_Start_IT)
    HAL_TIM_IC_Stop_IT                       0x080026b5   Thumb Code   134  stm32l4xx_hal_tim.o(i.HAL_TIM_IC_Stop_IT)
    HAL_TIM_IRQHandler                       0x0800273b   Thumb Code   440  stm32l4xx_hal_tim.o(i.HAL_TIM_IRQHandler)
    HAL_TIM_OC_DelayElapsedCallback          0x080028f3   Thumb Code     2  stm32l4xx_hal_tim.o(i.HAL_TIM_OC_DelayElapsedCallback)
    HAL_TIM_PWM_PulseFinishedCallback        0x080028f5   Thumb Code     2  stm32l4xx_hal_tim.o(i.HAL_TIM_PWM_PulseFinishedCallback)
    HAL_TIM_PeriodElapsedCallback            0x080028f9   Thumb Code    18  timer.o(i.HAL_TIM_PeriodElapsedCallback)
    HAL_TIM_ReadCapturedValue                0x08002911   Thumb Code    50  stm32l4xx_hal_tim.o(i.HAL_TIM_ReadCapturedValue)
    HAL_TIM_TriggerCallback                  0x08002943   Thumb Code     2  stm32l4xx_hal_tim.o(i.HAL_TIM_TriggerCallback)
    HAL_UARTEx_WakeupCallback                0x08002945   Thumb Code     2  stm32l4xx_hal_uart_ex.o(i.HAL_UARTEx_WakeupCallback)
    HAL_UART_ErrorCallback                   0x08002947   Thumb Code     2  stm32l4xx_hal_uart.o(i.HAL_UART_ErrorCallback)
    HAL_UART_GetState                        0x08002949   Thumb Code    12  stm32l4xx_hal_uart.o(i.HAL_UART_GetState)
    HAL_UART_IRQHandler                      0x08002955   Thumb Code   394  stm32l4xx_hal_uart.o(i.HAL_UART_IRQHandler)
    HAL_UART_Init                            0x08002ae5   Thumb Code   116  stm32l4xx_hal_uart.o(i.HAL_UART_Init)
    HAL_UART_MspInit                         0x08002b59   Thumb Code   132  usart.o(i.HAL_UART_MspInit)
    HAL_UART_Receive_IT                      0x08002be5   Thumb Code   218  stm32l4xx_hal_uart.o(i.HAL_UART_Receive_IT)
    HAL_UART_RxCpltCallback                  0x08002cc9   Thumb Code   120  usart.o(i.HAL_UART_RxCpltCallback)
    HAL_UART_Transmit_DMA                    0x08002d51   Thumb Code   166  stm32l4xx_hal_uart.o(i.HAL_UART_Transmit_DMA)
    HAL_UART_TxCpltCallback                  0x08002e05   Thumb Code    12  vcom.o(i.HAL_UART_TxCpltCallback)
    HAL_UART_TxHalfCpltCallback              0x08002e15   Thumb Code     2  stm32l4xx_hal_uart.o(i.HAL_UART_TxHalfCpltCallback)
    HW_GPIO_Init                             0x08002e19   Thumb Code   218  hw_gpio.o(i.HW_GPIO_Init)
    HW_GPIO_Write                            0x08002f01   Thumb Code    20  hw_gpio.o(i.HW_GPIO_Write)
    HW_SPI_Init                              0x08002f15   Thumb Code   118  hw_spi.o(i.HW_SPI_Init)
    HW_SPI_IoInit                            0x08002f99   Thumb Code    96  hw_spi.o(i.HW_SPI_IoInit)
    HardFault_Handler                        0x08002ffd   Thumb Code     6  stm32l4xx_it.o(i.HardFault_Handler)
    LL_EXTI_ClearFlag_0_31                   0x08003005   Thumb Code     6  rtc.o(i.LL_EXTI_ClearFlag_0_31)
    LL_GPIO_TogglePin                        0x08003011   Thumb Code     8  control_gpio.o(i.LL_GPIO_TogglePin)
    LL_RTC_ClearFlag_WUT                     0x08003019   Thumb Code    14  rtc.o(i.LL_RTC_ClearFlag_WUT)
    LL_RTC_IsActiveFlag_WUT                  0x08003027   Thumb Code    10  rtc.o(i.LL_RTC_IsActiveFlag_WUT)
    LL_TIM_ClearFlag_UPDATE                  0x08003031   Thumb Code     8  timer.o(i.LL_TIM_ClearFlag_UPDATE)
    LL_TIM_IsActiveFlag_UPDATE               0x08003039   Thumb Code    10  timer.o(i.LL_TIM_IsActiveFlag_UPDATE)
    LPM_SetStopMode                          0x08003045   Thumb Code    58  low_power_manager.o(i.LPM_SetStopMode)
    LoRa_Generate_Signal                     0x08003085   Thumb Code  1132  simulated_lora.o(i.LoRa_Generate_Signal)
    Max                                      0x080034f1   Thumb Code    14  timer_calibration.o(i.Max)
    MemManage_Handler                        0x080034ff   Thumb Code     4  stm32l4xx_it.o(i.MemManage_Handler)
    Min                                      0x08003503   Thumb Code    14  timer_calibration.o(i.Min)
    NMI_Handler                              0x08003511   Thumb Code     2  stm32l4xx_it.o(i.NMI_Handler)
    PendSV_Handler                           0x08003513   Thumb Code     2  stm32l4xx_it.o(i.PendSV_Handler)
    RTC_EnterInitMode                        0x080038a1   Thumb Code    68  stm32l4xx_hal_rtc.o(i.RTC_EnterInitMode)
    RTC_ExitInitMode                         0x080038e5   Thumb Code    98  stm32l4xx_hal_rtc.o(i.RTC_ExitInitMode)
    RTC_Init                                 0x0800394d   Thumb Code    56  rtc.o(i.RTC_Init)
    RTC_Timer_Calibration                    0x0800398d   Thumb Code   194  timer_calibration.o(i.RTC_Timer_Calibration)
    RTC_WKUP_IRQHandler                      0x08003a5d   Thumb Code    34  rtc.o(i.RTC_WKUP_IRQHandler)
    SPI1_Init                                0x08003a89   Thumb Code   142  fast_spi.o(i.SPI1_Init)
    SPI1_ReadWriteByte_u16                   0x08003b21   Thumb Code    66  fast_spi.o(i.SPI1_ReadWriteByte_u16)
    SPI1_ReadWriteByte_u8                    0x08003b69   Thumb Code    42  fast_spi.o(i.SPI1_ReadWriteByte_u8)
    SVC_Handler                              0x08003b99   Thumb Code     2  stm32l4xx_it.o(i.SVC_Handler)
    SysTick_Handler                          0x08003b9b   Thumb Code     8  stm32l4xx_it.o(i.SysTick_Handler)
    SystemClock_Config                       0x08003ba5   Thumb Code   166  sys.o(i.SystemClock_Config)
    SystemInit                               0x08003c51   Thumb Code    68  system_stm32l4xx.o(i.SystemInit)
    TAMP_STAMP_IRQHandler                    0x08003ca1   Thumb Code    10  rtc.o(i.TAMP_STAMP_IRQHandler)
    TIM15_Init                               0x08003cb1   Thumb Code   132  timer.o(i.TIM15_Init)
    TIM1_BRK_TIM15_IRQHandler                0x08003d3d   Thumb Code    10  timer.o(i.TIM1_BRK_TIM15_IRQHandler)
    TIM2_IRQHandler                          0x08003d4d   Thumb Code    22  timer.o(i.TIM2_IRQHandler)
    TIM2_Init                                0x08003d65   Thumb Code    38  timer.o(i.TIM2_Init)
    TIM3_IRQHandler                          0x08003d91   Thumb Code    30  timer.o(i.TIM3_IRQHandler)
    TIM3_Init                                0x08003db9   Thumb Code    42  timer.o(i.TIM3_Init)
    TIM_Base_SetConfig                       0x08003df1   Thumb Code   170  stm32l4xx_hal_tim.o(i.TIM_Base_SetConfig)
    TIM_CCxChannelCmd                        0x08003ebd   Thumb Code    34  stm32l4xx_hal_tim.o(i.TIM_CCxChannelCmd)
    TIM_TI1_SetConfig                        0x08003ee1   Thumb Code   108  stm32l4xx_hal_tim.o(i.TIM_TI1_SetConfig)
    TraceSend                                0x08004015   Thumb Code   126  trace.o(i.TraceSend)
    UART_AdvFeatureConfig                    0x0800409d   Thumb Code   248  stm32l4xx_hal_uart.o(i.UART_AdvFeatureConfig)
    UART_CheckIdleState                      0x08004195   Thumb Code   110  stm32l4xx_hal_uart.o(i.UART_CheckIdleState)
    UART_SetConfig                           0x080043dd   Thumb Code  1150  stm32l4xx_hal_uart.o(i.UART_SetConfig)
    UART_WaitOnFlagUntilTimeout              0x08004867   Thumb Code   104  stm32l4xx_hal_uart.o(i.UART_WaitOnFlagUntilTimeout)
    USART2_IRQHandler                        0x080048d1   Thumb Code    56  usart.o(i.USART2_IRQHandler)
    UsageFault_Handler                       0x08004911   Thumb Code     4  stm32l4xx_it.o(i.UsageFault_Handler)
    __0printf                                0x08004915   Thumb Code    22  printfa.o(i.__0printf)
    __1printf                                0x08004915   Thumb Code     0  printfa.o(i.__0printf)
    __2printf                                0x08004915   Thumb Code     0  printfa.o(i.__0printf)
    __c89printf                              0x08004915   Thumb Code     0  printfa.o(i.__0printf)
    printf                                   0x08004915   Thumb Code     0  printfa.o(i.__0printf)
    __0vsnprintf                             0x08004935   Thumb Code    40  printfa.o(i.__0vsnprintf)
    __1vsnprintf                             0x08004935   Thumb Code     0  printfa.o(i.__0vsnprintf)
    __2vsnprintf                             0x08004935   Thumb Code     0  printfa.o(i.__0vsnprintf)
    __c89vsnprintf                           0x08004935   Thumb Code     0  printfa.o(i.__0vsnprintf)
    vsnprintf                                0x08004935   Thumb Code     0  printfa.o(i.__0vsnprintf)
    __scatterload_copy                       0x08004999   Thumb Code    14  handlers.o(i.__scatterload_copy)
    __scatterload_null                       0x080049a7   Thumb Code     2  handlers.o(i.__scatterload_null)
    __scatterload_zeroinit                   0x080049a9   Thumb Code    14  handlers.o(i.__scatterload_zeroinit)
    circular_queue_add                       0x080052c5   Thumb Code   216  queue.o(i.circular_queue_add)
    circular_queue_get                       0x0800539d   Thumb Code    82  queue.o(i.circular_queue_get)
    delay_init                               0x08005419   Thumb Code    16  delay.o(i.delay_init)
    delay_ms                                 0x0800542d   Thumb Code    24  delay.o(i.delay_ms)
    delay_us                                 0x08005445   Thumb Code    68  delay.o(i.delay_us)
    fputc                                    0x0800548d   Thumb Code    24  usart.o(i.fputc)
    main                                     0x080054a9   Thumb Code    62  main.o(i.main)
    uart_init                                0x08005505   Thumb Code    44  usart.o(i.uart_init)
    vcom_Trace                               0x0800553d   Thumb Code    18  vcom.o(i.vcom_Trace)
    AHBPrescTable                            0x08005554   Data          16  system_stm32l4xx.o(.constdata)
    APBPrescTable                            0x08005564   Data           8  system_stm32l4xx.o(.constdata)
    MSIRangeTable                            0x0800556c   Data          48  system_stm32l4xx.o(.constdata)
    Region$$Table$$Base                      0x0800559c   Number         0  anon$$obj.o(Region$$Table)
    Region$$Table$$Limit                     0x080055bc   Number         0  anon$$obj.o(Region$$Table)
    uwTick                                   0x20000000   Data           4  stm32l4xx_hal.o(.data)
    uwTickPrio                               0x20000004   Data           4  stm32l4xx_hal.o(.data)
    uwTickFreq                               0x20000008   Data           4  stm32l4xx_hal.o(.data)
    SystemCoreClock                          0x2000000c   Data           4  system_stm32l4xx.o(.data)
    Time                                     0x20000044   Data           4  timer.o(.data)
    Chip_flag                                0x20000048   Data           1  timer.o(.data)
    Timer_Compensation_Count                 0x2000004c   Data           4  timer.o(.data)
    TIM15CH1_CAPTURE_STA                     0x20000050   Data           1  timer.o(.data)
    Rising_Edge_Count                        0x20000054   Data           4  timer.o(.data)
    Input_Captured_Count                     0x20000058   Data           2  timer.o(.data)
    Timer_Calibration_Done_Flag              0x2000005a   Data           1  timer.o(.data)
    __stdout                                 0x20000060   Data           4  usart.o(.data)
    USART_RX_STA                             0x20000064   Data           2  usart.o(.data)
    aRxBuffer                                0x20000066   Data           1  usart.o(.data)
    TracePeripheralReady                     0x20000070   Data           1  trace.o(.data)
    test_symbol_point                        0x200000a3   Data           1  simulated_lora.o(.data)
    LoRa_ID_Start_Freq                       0x200000a4   Data           8  simulated_lora.o(.data)
    LoRa_Payload_Start_Freq                  0x200000ac   Data          64  simulated_lora.o(.data)
    Channel_Freq_MSB_temp                    0x200000ec   Data           1  simulated_lora.o(.data)
    Channel_Freq_MID_temp                    0x200000ed   Data           1  simulated_lora.o(.data)
    Channel_Freq_LSB_temp                    0x200000ee   Data           1  simulated_lora.o(.data)
    Input_Freq                               0x200000f0   Data           4  simulated_lora.o(.data)
    Channel                                  0x200000f4   Data           4  simulated_lora.o(.data)
    Channel_Freq                             0x200000f8   Data           3  simulated_lora.o(.data)
    Changed_Register_Count                   0x200000fb   Data           1  simulated_lora.o(.data)
    Timer_Compensation_Index                 0x200000fc   Data           4  simulated_lora.o(.data)
    Timer_Compensation_Flag                  0x20000100   Data           4  simulated_lora.o(.data)
    Timer_Compensation_Flag_Last             0x20000104   Data           4  simulated_lora.o(.data)
    temp_u8                                  0x20000108   Data           1  simulated_lora.o(.data)
    temp_u16                                 0x2000010a   Data           2  simulated_lora.o(.data)
    temp_u32                                 0x2000010c   Data           4  simulated_lora.o(.data)
    TIM2_Handler                             0x200001f4   Data          64  timer.o(.bss)
    TIM3_Handler                             0x20000234   Data          64  timer.o(.bss)
    htim15                                   0x20000274   Data          64  timer.o(.bss)
    Input_Captured_Record                    0x200002b4   Data          48  timer.o(.bss)
    RTC_Handler                              0x200002e4   Data          36  rtc.o(.bss)
    sTimeStampget                            0x20000308   Data          20  rtc.o(.bss)
    USART_RX_BUF                             0x2000031c   Data         200  usart.o(.bss)
    UART2_Handler                            0x200003e4   Data         128  usart.o(.bss)
    Time_temp                                0x20000574   Data         512  simulated_lora.o(.bss)
    n_temp                                   0x20000774   Data         512  simulated_lora.o(.bss)
    Input_Freq_temp                          0x20000974   Data         512  simulated_lora.o(.bss)
    Input_Freq_temp1                         0x20000b74   Data         512  simulated_lora.o(.bss)
    __initial_sp                             0x20001178   Data           0  startup_stm32l476xx.o(STACK)



==============================================================================

Memory Map of the image

  Image Entry point : 0x08000189

  Load Region LR_IROM1 (Base: 0x08000000, Size: 0x000056cc, Max: 0x00100000, ABSOLUTE)

    Execution Region ER_IROM1 (Exec base: 0x08000000, Load base: 0x08000000, Size: 0x000055bc, Max: 0x00100000, ABSOLUTE)

    Exec Addr    Load Addr    Size         Type   Attr      Idx    E Section Name        Object

    0x08000000   0x08000000   0x00000188   Data   RO            3    RESET               startup_stm32l476xx.o
    0x08000188   0x08000188   0x00000000   Code   RO         6599  * .ARM.Collect$$$$00000000  mc_w.l(entry.o)
    0x08000188   0x08000188   0x00000004   Code   RO         6876    .ARM.Collect$$$$00000001  mc_w.l(entry2.o)
    0x0800018c   0x0800018c   0x00000004   Code   RO         6879    .ARM.Collect$$$$00000004  mc_w.l(entry5.o)
    0x08000190   0x08000190   0x00000000   Code   RO         6881    .ARM.Collect$$$$00000008  mc_w.l(entry7b.o)
    0x08000190   0x08000190   0x00000000   Code   RO         6883    .ARM.Collect$$$$0000000A  mc_w.l(entry8b.o)
    0x08000190   0x08000190   0x00000008   Code   RO         6884    .ARM.Collect$$$$0000000B  mc_w.l(entry9a.o)
    0x08000198   0x08000198   0x00000000   Code   RO         6886    .ARM.Collect$$$$0000000D  mc_w.l(entry10a.o)
    0x08000198   0x08000198   0x00000000   Code   RO         6888    .ARM.Collect$$$$0000000F  mc_w.l(entry11a.o)
    0x08000198   0x08000198   0x00000004   Code   RO         6877    .ARM.Collect$$$$00002712  mc_w.l(entry2.o)
    0x0800019c   0x0800019c   0x00000024   Code   RO            4    .text               startup_stm32l476xx.o
    0x080001c0   0x080001c0   0x00000068   Code   RO         6602    .text               mc_w.l(uldiv.o)
    0x08000228   0x08000228   0x00000024   Code   RO         6606    .text               mc_w.l(memseta.o)
    0x0800024c   0x0800024c   0x0000002c   Code   RO         6890    .text               mc_w.l(uidiv.o)
    0x08000278   0x08000278   0x0000001e   Code   RO         6892    .text               mc_w.l(llshl.o)
    0x08000296   0x08000296   0x00000020   Code   RO         6894    .text               mc_w.l(llushr.o)
    0x080002b6   0x080002b6   0x00000000   Code   RO         6896    .text               mc_w.l(iusefp.o)
    0x080002b6   0x080002b6   0x0000015e   Code   RO         6899    .text               mf_w.l(dadd.o)
    0x08000414   0x08000414   0x000000ea   Code   RO         6901    .text               mf_w.l(dmul.o)
    0x080004fe   0x080004fe   0x000000de   Code   RO         6903    .text               mf_w.l(ddiv.o)
    0x080005dc   0x080005dc   0x00000030   Code   RO         6905    .text               mf_w.l(dfixul.o)
    0x0800060c   0x0800060c   0x00000030   Code   RO         6907    .text               mf_w.l(cdrcmple.o)
    0x0800063c   0x0800063c   0x00000024   Code   RO         6909    .text               mc_w.l(init.o)
    0x08000660   0x08000660   0x00000024   Code   RO         6911    .text               mc_w.l(llsshr.o)
    0x08000684   0x08000684   0x000000ba   Code   RO         6913    .text               mf_w.l(depilogue.o)
    0x0800073e   0x0800073e   0x00000004   Code   RO          262    i.BusFault_Handler  stm32l4xx_it.o
    0x08000742   0x08000742   0x00000002   PAD
    0x08000744   0x08000744   0x000000b0   Code   RO         4965    i.CC1101_Burst_Write  cc1101.o
    0x080007f4   0x080007f4   0x00000018   Code   RO         4966    i.CC1101_Init       cc1101.o
    0x0800080c   0x0800080c   0x00000024   Code   RO         4967    i.CC1101_Reset      cc1101.o
    0x08000830   0x08000830   0x00000020   Code   RO         4968    i.CC1101_Set_OpMode  cc1101.o
    0x08000850   0x08000850   0x000000cc   Code   RO         5994    i.Control_GPIO_Init  control_gpio.o
    0x0800091c   0x0800091c   0x00000030   Code   RO         3420    i.DMA_SetConfig     stm32l4xx_hal_dma.o
    0x0800094c   0x0800094c   0x00000002   Code   RO          263    i.DebugMon_Handler  stm32l4xx_it.o
    0x0800094e   0x0800094e   0x00000002   PAD
    0x08000950   0x08000950   0x00000020   Code   RO         5215    i.Error_Handler     debug.o
    0x08000970   0x08000970   0x00000034   Code   RO         6517    i.Fast_SetChannel   simulated_lora.o
    0x080009a4   0x080009a4   0x000000de   Code   RO         5691    i.GPIO_Set          sys.o
    0x08000a82   0x08000a82   0x0000005c   Code   RO         3422    i.HAL_DMA_Abort_IT  stm32l4xx_hal_dma.o
    0x08000ade   0x08000ade   0x0000009c   Code   RO         3431    i.HAL_DMA_Start_IT  stm32l4xx_hal_dma.o
    0x08000b7a   0x08000b7a   0x00000002   PAD
    0x08000b7c   0x08000b7c   0x00000204   Code   RO         3357    i.HAL_GPIO_Init     stm32l4xx_hal_gpio.o
    0x08000d80   0x08000d80   0x00000010   Code   RO         3359    i.HAL_GPIO_ReadPin  stm32l4xx_hal_gpio.o
    0x08000d90   0x08000d90   0x0000000a   Code   RO         3361    i.HAL_GPIO_WritePin  stm32l4xx_hal_gpio.o
    0x08000d9a   0x08000d9a   0x00000002   PAD
    0x08000d9c   0x08000d9c   0x0000000c   Code   RO         2140    i.HAL_GetTick       stm32l4xx_hal.o
    0x08000da8   0x08000da8   0x00000018   Code   RO         2146    i.HAL_IncTick       stm32l4xx_hal.o
    0x08000dc0   0x08000dc0   0x0000001e   Code   RO         2147    i.HAL_Init          stm32l4xx_hal.o
    0x08000dde   0x08000dde   0x00000002   PAD
    0x08000de0   0x08000de0   0x00000058   Code   RO         2148    i.HAL_InitTick      stm32l4xx_hal.o
    0x08000e38   0x08000e38   0x00000002   Code   RO          338    i.HAL_MspInit       stm32l4xx_hal_msp.o
    0x08000e3a   0x08000e3a   0x00000020   Code   RO         3898    i.HAL_NVIC_EnableIRQ  stm32l4xx_hal_cortex.o
    0x08000e5a   0x08000e5a   0x00000082   Code   RO         3904    i.HAL_NVIC_SetPriority  stm32l4xx_hal_cortex.o
    0x08000edc   0x08000edc   0x00000028   Code   RO         3905    i.HAL_NVIC_SetPriorityGrouping  stm32l4xx_hal_cortex.o
    0x08000f04   0x08000f04   0x0000008c   Code   RO         3648    i.HAL_PWREx_ControlVoltageScaling  stm32l4xx_hal_pwr_ex.o
    0x08000f90   0x08000f90   0x00000010   Code   RO         3679    i.HAL_PWREx_GetVoltageRange  stm32l4xx_hal_pwr_ex.o
    0x08000fa0   0x08000fa0   0x00000014   Code   RO         3540    i.HAL_PWR_EnableBkUpAccess  stm32l4xx_hal_pwr.o
    0x08000fb4   0x08000fb4   0x00000014   Code   RO         2983    i.HAL_RCCEx_EnableMSIPLLMode  stm32l4xx_hal_rcc_ex.o
    0x08000fc8   0x08000fc8   0x000004d4   Code   RO         2990    i.HAL_RCCEx_PeriphCLKConfig  stm32l4xx_hal_rcc_ex.o
    0x0800149c   0x0800149c   0x0000017c   Code   RO         2875    i.HAL_RCC_ClockConfig  stm32l4xx_hal_rcc.o
    0x08001618   0x08001618   0x0000000c   Code   RO         2879    i.HAL_RCC_GetHCLKFreq  stm32l4xx_hal_rcc.o
    0x08001624   0x08001624   0x00000024   Code   RO         2881    i.HAL_RCC_GetPCLK1Freq  stm32l4xx_hal_rcc.o
    0x08001648   0x08001648   0x00000024   Code   RO         2882    i.HAL_RCC_GetPCLK2Freq  stm32l4xx_hal_rcc.o
    0x0800166c   0x0800166c   0x000000ec   Code   RO         2883    i.HAL_RCC_GetSysClockFreq  stm32l4xx_hal_rcc.o
    0x08001758   0x08001758   0x0000005c   Code   RO         2884    i.HAL_RCC_MCOConfig  stm32l4xx_hal_rcc.o
    0x080017b4   0x080017b4   0x0000068c   Code   RO         2886    i.HAL_RCC_OscConfig  stm32l4xx_hal_rcc.o
    0x08001e40   0x08001e40   0x00000058   Code   RO         4697    i.HAL_RTCEx_EnableBypassShadow  stm32l4xx_hal_rtc_ex.o
    0x08001e98   0x08001e98   0x00000002   Code   RO         4717    i.HAL_RTCEx_Tamper1EventCallback  stm32l4xx_hal_rtc_ex.o
    0x08001e9a   0x08001e9a   0x00000002   Code   RO         4718    i.HAL_RTCEx_Tamper2EventCallback  stm32l4xx_hal_rtc_ex.o
    0x08001e9c   0x08001e9c   0x00000002   Code   RO         4719    i.HAL_RTCEx_Tamper3EventCallback  stm32l4xx_hal_rtc_ex.o
    0x08001e9e   0x08001e9e   0x00000002   PAD
    0x08001ea0   0x08001ea0   0x000000e8   Code   RO         4720    i.HAL_RTCEx_TamperTimeStampIRQHandler  stm32l4xx_hal_rtc_ex.o
    0x08001f88   0x08001f88   0x00000002   Code   RO         5795    i.HAL_RTCEx_TimeStampEventCallback  rtc.o
    0x08001f8a   0x08001f8a   0x00000002   PAD
    0x08001f8c   0x08001f8c   0x000000b4   Code   RO         4551    i.HAL_RTC_Init      stm32l4xx_hal_rtc.o
    0x08002040   0x08002040   0x0000007c   Code   RO         5796    i.HAL_RTC_MspInit   rtc.o
    0x080020bc   0x080020bc   0x00000038   Code   RO         4559    i.HAL_RTC_WaitForSynchro  stm32l4xx_hal_rtc.o
    0x080020f4   0x080020f4   0x000000c0   Code   RO          390    i.HAL_SPI_Init      stm32l4xx_hal_spi.o
    0x080021b4   0x080021b4   0x00000002   Code   RO          392    i.HAL_SPI_MspInit   stm32l4xx_hal_spi.o
    0x080021b6   0x080021b6   0x00000028   Code   RO         3907    i.HAL_SYSTICK_CLKSourceConfig  stm32l4xx_hal_cortex.o
    0x080021de   0x080021de   0x00000034   Code   RO         3909    i.HAL_SYSTICK_Config  stm32l4xx_hal_cortex.o
    0x08002212   0x08002212   0x00000002   Code   RO         1428    i.HAL_TIMEx_Break2Callback  stm32l4xx_hal_tim_ex.o
    0x08002214   0x08002214   0x00000002   Code   RO         1429    i.HAL_TIMEx_BreakCallback  stm32l4xx_hal_tim_ex.o
    0x08002216   0x08002216   0x00000002   Code   RO         1430    i.HAL_TIMEx_CommutCallback  stm32l4xx_hal_tim_ex.o
    0x08002218   0x08002218   0x00000078   Code   RO         1449    i.HAL_TIMEx_MasterConfigSynchronization  stm32l4xx_hal_tim_ex.o
    0x08002290   0x08002290   0x00000074   Code   RO         1466    i.HAL_TIMEx_RemapConfig  stm32l4xx_hal_tim_ex.o
    0x08002304   0x08002304   0x00000034   Code   RO          732    i.HAL_TIM_Base_Init  stm32l4xx_hal_tim.o
    0x08002338   0x08002338   0x00000078   Code   RO         5592    i.HAL_TIM_Base_MspInit  timer.o
    0x080023b0   0x080023b0   0x00000038   Code   RO          737    i.HAL_TIM_Base_Start_IT  stm32l4xx_hal_tim.o
    0x080023e8   0x080023e8   0x00000038   Code   RO          740    i.HAL_TIM_Base_Stop_IT  stm32l4xx_hal_tim.o
    0x08002420   0x08002420   0x000000b8   Code   RO         5593    i.HAL_TIM_IC_CaptureCallback  timer.o
    0x080024d8   0x080024d8   0x000000e0   Code   RO          763    i.HAL_TIM_IC_ConfigChannel  stm32l4xx_hal_tim.o
    0x080025b8   0x080025b8   0x00000034   Code   RO          766    i.HAL_TIM_IC_Init   stm32l4xx_hal_tim.o
    0x080025ec   0x080025ec   0x00000044   Code   RO         5594    i.HAL_TIM_IC_MspInit  timer.o
    0x08002630   0x08002630   0x00000084   Code   RO          771    i.HAL_TIM_IC_Start_IT  stm32l4xx_hal_tim.o
    0x080026b4   0x080026b4   0x00000086   Code   RO          774    i.HAL_TIM_IC_Stop_IT  stm32l4xx_hal_tim.o
    0x0800273a   0x0800273a   0x000001b8   Code   RO          775    i.HAL_TIM_IRQHandler  stm32l4xx_hal_tim.o
    0x080028f2   0x080028f2   0x00000002   Code   RO          778    i.HAL_TIM_OC_DelayElapsedCallback  stm32l4xx_hal_tim.o
    0x080028f4   0x080028f4   0x00000002   Code   RO          805    i.HAL_TIM_PWM_PulseFinishedCallback  stm32l4xx_hal_tim.o
    0x080028f6   0x080028f6   0x00000002   PAD
    0x080028f8   0x080028f8   0x00000018   Code   RO         5595    i.HAL_TIM_PeriodElapsedCallback  timer.o
    0x08002910   0x08002910   0x00000032   Code   RO          815    i.HAL_TIM_ReadCapturedValue  stm32l4xx_hal_tim.o
    0x08002942   0x08002942   0x00000002   Code   RO          818    i.HAL_TIM_TriggerCallback  stm32l4xx_hal_tim.o
    0x08002944   0x08002944   0x00000002   Code   RO         2065    i.HAL_UARTEx_WakeupCallback  stm32l4xx_hal_uart_ex.o
    0x08002946   0x08002946   0x00000002   Code   RO         1719    i.HAL_UART_ErrorCallback  stm32l4xx_hal_uart.o
    0x08002948   0x08002948   0x0000000c   Code   RO         1721    i.HAL_UART_GetState  stm32l4xx_hal_uart.o
    0x08002954   0x08002954   0x00000190   Code   RO         1722    i.HAL_UART_IRQHandler  stm32l4xx_hal_uart.o
    0x08002ae4   0x08002ae4   0x00000074   Code   RO         1723    i.HAL_UART_Init     stm32l4xx_hal_uart.o
    0x08002b58   0x08002b58   0x0000008c   Code   RO         5929    i.HAL_UART_MspInit  usart.o
    0x08002be4   0x08002be4   0x000000e4   Code   RO         1728    i.HAL_UART_Receive_IT  stm32l4xx_hal_uart.o
    0x08002cc8   0x08002cc8   0x00000088   Code   RO         5930    i.HAL_UART_RxCpltCallback  usart.o
    0x08002d50   0x08002d50   0x000000b4   Code   RO         1732    i.HAL_UART_Transmit_DMA  stm32l4xx_hal_uart.o
    0x08002e04   0x08002e04   0x00000010   Code   RO         5523    i.HAL_UART_TxCpltCallback  vcom.o
    0x08002e14   0x08002e14   0x00000002   Code   RO         1735    i.HAL_UART_TxHalfCpltCallback  stm32l4xx_hal_uart.o
    0x08002e16   0x08002e16   0x00000002   PAD
    0x08002e18   0x08002e18   0x000000e8   Code   RO         5245    i.HW_GPIO_Init      hw_gpio.o
    0x08002f00   0x08002f00   0x00000014   Code   RO         5249    i.HW_GPIO_Write     hw_gpio.o
    0x08002f14   0x08002f14   0x00000084   Code   RO         5470    i.HW_SPI_Init       hw_spi.o
    0x08002f98   0x08002f98   0x00000064   Code   RO         5472    i.HW_SPI_IoInit     hw_spi.o
    0x08002ffc   0x08002ffc   0x00000006   Code   RO          264    i.HardFault_Handler  stm32l4xx_it.o
    0x08003002   0x08003002   0x00000002   PAD
    0x08003004   0x08003004   0x0000000c   Code   RO         5797    i.LL_EXTI_ClearFlag_0_31  rtc.o
    0x08003010   0x08003010   0x00000008   Code   RO         5995    i.LL_GPIO_TogglePin  control_gpio.o
    0x08003018   0x08003018   0x0000000e   Code   RO         5798    i.LL_RTC_ClearFlag_WUT  rtc.o
    0x08003026   0x08003026   0x0000000a   Code   RO         5799    i.LL_RTC_IsActiveFlag_WUT  rtc.o
    0x08003030   0x08003030   0x00000008   Code   RO         5596    i.LL_TIM_ClearFlag_UPDATE  timer.o
    0x08003038   0x08003038   0x0000000a   Code   RO         5597    i.LL_TIM_IsActiveFlag_UPDATE  timer.o
    0x08003042   0x08003042   0x00000002   PAD
    0x08003044   0x08003044   0x00000040   Code   RO         6033    i.LPM_SetStopMode   low_power_manager.o
    0x08003084   0x08003084   0x0000046c   Code   RO         6518    i.LoRa_Generate_Signal  simulated_lora.o
    0x080034f0   0x080034f0   0x0000000e   Code   RO         6554    i.Max               timer_calibration.o
    0x080034fe   0x080034fe   0x00000004   Code   RO          265    i.MemManage_Handler  stm32l4xx_it.o
    0x08003502   0x08003502   0x0000000e   Code   RO         6555    i.Min               timer_calibration.o
    0x08003510   0x08003510   0x00000002   Code   RO          266    i.NMI_Handler       stm32l4xx_it.o
    0x08003512   0x08003512   0x00000002   Code   RO          267    i.PendSV_Handler    stm32l4xx_it.o
    0x08003514   0x08003514   0x0000018c   Code   RO         2994    i.RCCEx_PLLSAI1_Config  stm32l4xx_hal_rcc_ex.o
    0x080036a0   0x080036a0   0x00000164   Code   RO         2995    i.RCCEx_PLLSAI2_Config  stm32l4xx_hal_rcc_ex.o
    0x08003804   0x08003804   0x0000009c   Code   RO         2887    i.RCC_SetFlashLatencyFromMSIRange  stm32l4xx_hal_rcc.o
    0x080038a0   0x080038a0   0x00000044   Code   RO         4562    i.RTC_EnterInitMode  stm32l4xx_hal_rtc.o
    0x080038e4   0x080038e4   0x00000068   Code   RO         4563    i.RTC_ExitInitMode  stm32l4xx_hal_rtc.o
    0x0800394c   0x0800394c   0x00000040   Code   RO         5800    i.RTC_Init          rtc.o
    0x0800398c   0x0800398c   0x000000d0   Code   RO         6556    i.RTC_Timer_Calibration  timer_calibration.o
    0x08003a5c   0x08003a5c   0x0000002c   Code   RO         5805    i.RTC_WKUP_IRQHandler  rtc.o
    0x08003a88   0x08003a88   0x00000098   Code   RO         5753    i.SPI1_Init         fast_spi.o
    0x08003b20   0x08003b20   0x00000048   Code   RO         5754    i.SPI1_ReadWriteByte_u16  fast_spi.o
    0x08003b68   0x08003b68   0x00000030   Code   RO         5755    i.SPI1_ReadWriteByte_u8  fast_spi.o
    0x08003b98   0x08003b98   0x00000002   Code   RO          268    i.SVC_Handler       stm32l4xx_it.o
    0x08003b9a   0x08003b9a   0x00000008   Code   RO          269    i.SysTick_Handler   stm32l4xx_it.o
    0x08003ba2   0x08003ba2   0x00000002   PAD
    0x08003ba4   0x08003ba4   0x000000ac   Code   RO         5695    i.SystemClock_Config  sys.o
    0x08003c50   0x08003c50   0x00000050   Code   RO         4928    i.SystemInit        system_stm32l4xx.o
    0x08003ca0   0x08003ca0   0x00000010   Code   RO         5806    i.TAMP_STAMP_IRQHandler  rtc.o
    0x08003cb0   0x08003cb0   0x0000008c   Code   RO         5598    i.TIM15_Init        timer.o
    0x08003d3c   0x08003d3c   0x00000010   Code   RO         5599    i.TIM1_BRK_TIM15_IRQHandler  timer.o
    0x08003d4c   0x08003d4c   0x00000016   Code   RO         5600    i.TIM2_IRQHandler   timer.o
    0x08003d62   0x08003d62   0x00000002   PAD
    0x08003d64   0x08003d64   0x0000002c   Code   RO         5601    i.TIM2_Init         timer.o
    0x08003d90   0x08003d90   0x00000028   Code   RO         5602    i.TIM3_IRQHandler   timer.o
    0x08003db8   0x08003db8   0x00000038   Code   RO         5603    i.TIM3_Init         timer.o
    0x08003df0   0x08003df0   0x000000cc   Code   RO          820    i.TIM_Base_SetConfig  stm32l4xx_hal_tim.o
    0x08003ebc   0x08003ebc   0x00000022   Code   RO          821    i.TIM_CCxChannelCmd  stm32l4xx_hal_tim.o
    0x08003ede   0x08003ede   0x00000002   PAD
    0x08003ee0   0x08003ee0   0x00000084   Code   RO          841    i.TIM_TI1_SetConfig  stm32l4xx_hal_tim.o
    0x08003f64   0x08003f64   0x0000003a   Code   RO          843    i.TIM_TI2_SetConfig  stm32l4xx_hal_tim.o
    0x08003f9e   0x08003f9e   0x00000038   Code   RO          844    i.TIM_TI3_SetConfig  stm32l4xx_hal_tim.o
    0x08003fd6   0x08003fd6   0x0000003c   Code   RO          845    i.TIM_TI4_SetConfig  stm32l4xx_hal_tim.o
    0x08004012   0x08004012   0x00000002   PAD
    0x08004014   0x08004014   0x00000088   Code   RO         6384    i.TraceSend         trace.o
    0x0800409c   0x0800409c   0x000000f8   Code   RO         1736    i.UART_AdvFeatureConfig  stm32l4xx_hal_uart.o
    0x08004194   0x08004194   0x0000006e   Code   RO         1737    i.UART_CheckIdleState  stm32l4xx_hal_uart.o
    0x08004202   0x08004202   0x00000018   Code   RO         1738    i.UART_DMAAbortOnError  stm32l4xx_hal_uart.o
    0x0800421a   0x0800421a   0x00000056   Code   RO         1739    i.UART_DMAError     stm32l4xx_hal_uart.o
    0x08004270   0x08004270   0x00000038   Code   RO         1744    i.UART_DMATransmitCplt  stm32l4xx_hal_uart.o
    0x080042a8   0x080042a8   0x0000000e   Code   RO         1746    i.UART_DMATxHalfCplt  stm32l4xx_hal_uart.o
    0x080042b6   0x080042b6   0x00000022   Code   RO         1748    i.UART_EndRxTransfer  stm32l4xx_hal_uart.o
    0x080042d8   0x080042d8   0x00000020   Code   RO         1749    i.UART_EndTransmit_IT  stm32l4xx_hal_uart.o
    0x080042f8   0x080042f8   0x00000012   Code   RO         1750    i.UART_EndTxTransfer  stm32l4xx_hal_uart.o
    0x0800430a   0x0800430a   0x0000006a   Code   RO         1751    i.UART_RxISR_16BIT  stm32l4xx_hal_uart.o
    0x08004374   0x08004374   0x00000066   Code   RO         1752    i.UART_RxISR_8BIT   stm32l4xx_hal_uart.o
    0x080043da   0x080043da   0x00000002   PAD
    0x080043dc   0x080043dc   0x0000048a   Code   RO         1753    i.UART_SetConfig    stm32l4xx_hal_uart.o
    0x08004866   0x08004866   0x00000068   Code   RO         1756    i.UART_WaitOnFlagUntilTimeout  stm32l4xx_hal_uart.o
    0x080048ce   0x080048ce   0x00000002   PAD
    0x080048d0   0x080048d0   0x00000040   Code   RO         5931    i.USART2_IRQHandler  usart.o
    0x08004910   0x08004910   0x00000004   Code   RO          270    i.UsageFault_Handler  stm32l4xx_it.o
    0x08004914   0x08004914   0x00000020   Code   RO         6845    i.__0printf         mc_w.l(printfa.o)
    0x08004934   0x08004934   0x0000002c   Code   RO         6850    i.__0vsnprintf      mc_w.l(printfa.o)
    0x08004960   0x08004960   0x00000010   Code   RO         3911    i.__NVIC_GetPriorityGrouping  stm32l4xx_hal_cortex.o
    0x08004970   0x08004970   0x00000028   Code   RO         3912    i.__NVIC_SetPriority  stm32l4xx_hal_cortex.o
    0x08004998   0x08004998   0x0000000e   Code   RO         6917    i.__scatterload_copy  mc_w.l(handlers.o)
    0x080049a6   0x080049a6   0x00000002   Code   RO         6918    i.__scatterload_null  mc_w.l(handlers.o)
    0x080049a8   0x080049a8   0x0000000e   Code   RO         6919    i.__scatterload_zeroinit  mc_w.l(handlers.o)
    0x080049b6   0x080049b6   0x00000006   Code   RO         6386    i.__set_PRIMASK     trace.o
    0x080049bc   0x080049bc   0x0000018a   Code   RO         6852    i._fp_digits        mc_w.l(printfa.o)
    0x08004b46   0x08004b46   0x00000002   PAD
    0x08004b48   0x08004b48   0x000006e2   Code   RO         6853    i._printf_core      mc_w.l(printfa.o)
    0x0800522a   0x0800522a   0x00000024   Code   RO         6854    i._printf_post_padding  mc_w.l(printfa.o)
    0x0800524e   0x0800524e   0x0000002e   Code   RO         6855    i._printf_pre_padding  mc_w.l(printfa.o)
    0x0800527c   0x0800527c   0x00000016   Code   RO         6856    i._snputc           mc_w.l(printfa.o)
    0x08005292   0x08005292   0x00000032   Code   RO         6101    i.add_elementSize_and_inc_writeIdx  queue.o
    0x080052c4   0x080052c4   0x000000d8   Code   RO         6102    i.circular_queue_add  queue.o
    0x0800539c   0x0800539c   0x00000052   Code   RO         6103    i.circular_queue_get  queue.o
    0x080053ee   0x080053ee   0x0000002a   Code   RO         6104    i.circular_queue_get_free_size  queue.o
    0x08005418   0x08005418   0x00000014   Code   RO         5891    i.delay_init        delay.o
    0x0800542c   0x0800542c   0x00000018   Code   RO         5892    i.delay_ms          delay.o
    0x08005444   0x08005444   0x00000048   Code   RO         5893    i.delay_us          delay.o
    0x0800548c   0x0800548c   0x0000001c   Code   RO         5933    i.fputc             usart.o
    0x080054a8   0x080054a8   0x00000044   Code   RO           13    i.main              main.o
    0x080054ec   0x080054ec   0x00000018   Code   RO         6108    i.queue_copy        queue.o
    0x08005504   0x08005504   0x00000038   Code   RO         5934    i.uart_init         usart.o
    0x0800553c   0x0800553c   0x00000018   Code   RO         5530    i.vcom_Trace        vcom.o
    0x08005554   0x08005554   0x00000048   Data   RO         4929    .constdata          system_stm32l4xx.o
    0x0800559c   0x0800559c   0x00000020   Data   RO         6915    Region$$Table       anon$$obj.o


    Execution Region RW_IRAM1 (Exec base: 0x20000000, Load base: 0x080055bc, Size: 0x00001178, Max: 0x00018000, ABSOLUTE)

    Exec Addr    Load Addr    Size         Type   Attr      Idx    E Section Name        Object

    0x20000000   0x080055bc   0x0000000c   Data   RW         2164    .data               stm32l4xx_hal.o
    0x2000000c   0x080055c8   0x00000004   Data   RW         4930    .data               system_stm32l4xx.o
    0x20000010   0x080055cc   0x0000002f   Data   RW         4971    .data               cc1101.o
    0x2000003f   0x080055fb   0x00000001   PAD
    0x20000040   0x080055fc   0x00000004   Data   RW         5532    .data               vcom.o
    0x20000044   0x08005600   0x00000017   Data   RW         5605    .data               timer.o
    0x2000005b   0x08005617   0x00000001   PAD
    0x2000005c   0x08005618   0x00000004   Data   RW         5894    .data               delay.o
    0x20000060   0x0800561c   0x00000007   Data   RW         5936    .data               usart.o
    0x20000067   0x08005623   0x00000001   PAD
    0x20000068   0x08005624   0x00000008   Data   RW         6034    .data               low_power_manager.o
    0x20000070   0x0800562c   0x00000001   Data   RW         6388    .data               trace.o
    0x20000071   0x0800562d   0x00000003   PAD
    0x20000074   0x08005630   0x0000009c   Data   RW         6520    .data               simulated_lora.o
    0x20000110        -       0x00000064   Zero   RW         5474    .bss                hw_spi.o
    0x20000174        -       0x00000080   Zero   RW         5531    .bss                vcom.o
    0x200001f4        -       0x000000f0   Zero   RW         5604    .bss                timer.o
    0x200002e4        -       0x00000038   Zero   RW         5807    .bss                rtc.o
    0x2000031c        -       0x00000148   Zero   RW         5935    .bss                usart.o
    0x20000464        -       0x00000110   Zero   RW         6387    .bss                trace.o
    0x20000574        -       0x00000800   Zero   RW         6519    .bss                simulated_lora.o
    0x20000d74   0x080056cc   0x00000004   PAD
    0x20000d78        -       0x00000400   Zero   RW            1    STACK               startup_stm32l476xx.o


==============================================================================

Image component sizes


      Code (inc. data)   RO Data    RW Data    ZI Data      Debug   Object Name

       268         24          0         47          0       2942   cc1101.o
       212          8          0          0          0       1624   control_gpio.o
        32         18          0          0          0        476   debug.o
       116          8          0          4          0       1983   delay.o
       272         22          0          0          0       1785   fast_spi.o
       252         14          0          0          0       1763   hw_gpio.o
         0          0          0          0          0        456   hw_rtc.o
       232         18          0          0        100       1694   hw_spi.o
        64          6          0          8          0       1046   low_power_manager.o
        68          6          0          0          0     864961   main.o
       414          0          0          0          0       4294   queue.o
       286         34          0          0         56       5060   rtc.o
      1184        106          0        156       2048       3963   simulated_lora.o
        36          8        392          0       1024        856   startup_stm32l476xx.o
       154         28          0         12          0       3765   stm32l4xx_hal.o
       350         22          0          0          0      35237   stm32l4xx_hal_cortex.o
       296          0          0          0          0       2766   stm32l4xx_hal_dma.o
         0          0          0          0          0       5144   stm32l4xx_hal_flash.o
       542         36          0          0          0       3079   stm32l4xx_hal_gpio.o
         2          0          0          0          0        478   stm32l4xx_hal_msp.o
        20          6          0          0          0        567   stm32l4xx_hal_pwr.o
       156         18          0          0          0       1398   stm32l4xx_hal_pwr_ex.o
      2624        114          0          0          0       8276   stm32l4xx_hal_rcc.o
      2008         54          0          0          0       4601   stm32l4xx_hal_rcc_ex.o
       408         12          0          0          0       3371   stm32l4xx_hal_rtc.o
       326         20          0          0          0       4284   stm32l4xx_hal_rtc_ex.o
       194          0          0          0          0       1837   stm32l4xx_hal_spi.o
      1746         68          0          0          0      13885   stm32l4xx_hal_tim.o
       242         22          0          0          0       4044   stm32l4xx_hal_tim_ex.o
      3036         80          0          0          0      15808   stm32l4xx_hal_uart.o
         2          0          0          0          0       1000   stm32l4xx_hal_uart_ex.o
        34          0          0          0          0       4322   stm32l4xx_it.o
       394          6          0          0          0       1856   sys.o
        80         12         72          4          0       1277   system_stm32l4xx.o
       732         96          0         23        240       8386   timer.o
       236         14          0          0          0       1976   timer_calibration.o
       142         10          0          1        272       2767   trace.o
       424         48          0          7        328       5013   usart.o
        40         10          0          4        128       1691   vcom.o

    ----------------------------------------------------------------------
     17658        948        496        272       4200    1029731   Object Totals
         0          0         32          0          0          0   (incl. Generated)
        34          0          0          6          4          0   (incl. Padding)

    ----------------------------------------------------------------------

      Code (inc. data)   RO Data    RW Data    ZI Data      Debug   Library Member Name

         0          0          0          0          0          0   entry.o
         0          0          0          0          0          0   entry10a.o
         0          0          0          0          0          0   entry11a.o
         8          4          0          0          0          0   entry2.o
         4          0          0          0          0          0   entry5.o
         0          0          0          0          0          0   entry7b.o
         0          0          0          0          0          0   entry8b.o
         8          4          0          0          0          0   entry9a.o
        30          0          0          0          0          0   handlers.o
        36          8          0          0          0         68   init.o
         0          0          0          0          0          0   iusefp.o
        30          0          0          0          0         68   llshl.o
        36          0          0          0          0         68   llsshr.o
        32          0          0          0          0         68   llushr.o
        36          0          0          0          0        108   memseta.o
      2336         94          0          0          0        600   printfa.o
        44          0          0          0          0         80   uidiv.o
       104          0          0          0          0         92   uldiv.o
        48          0          0          0          0         68   cdrcmple.o
       350          0          0          0          0        148   dadd.o
       222          0          0          0          0        100   ddiv.o
       186          0          0          0          0        176   depilogue.o
        48          0          0          0          0         68   dfixul.o
       234          0          0          0          0         96   dmul.o

    ----------------------------------------------------------------------
      3794        110          0          0          0       1808   Library Totals
         2          0          0          0          0          0   (incl. Padding)

    ----------------------------------------------------------------------

      Code (inc. data)   RO Data    RW Data    ZI Data      Debug   Library Name

      2704        110          0          0          0       1152   mc_w.l
      1088          0          0          0          0        656   mf_w.l

    ----------------------------------------------------------------------
      3794        110          0          0          0       1808   Library Totals

    ----------------------------------------------------------------------

==============================================================================


      Code (inc. data)   RO Data    RW Data    ZI Data      Debug   

     21452       1058        496        272       4200    1015607   Grand Totals
     21452       1058        496        272       4200    1015607   ELF Image Totals
     21452       1058        496        272          0          0   ROM Totals

==============================================================================

    Total RO  Size (Code + RO Data)                21948 (  21.43kB)
    Total RW  Size (RW Data + ZI Data)              4472 (   4.37kB)
    Total ROM Size (Code + RO Data + RW Data)      22220 (  21.70kB)

==============================================================================

