<html>
<body>
<pre>
<h1>µVision Build Log</h1>
<h2>Tool Versions:</h2>
IDE-Version: ¦ÌVision V5.32.0.0
Copyright (C) 2020 ARM Ltd and ARM Germany GmbH. All rights reserved.
License Information: 1 1, 1, LIC=NQQMA-1F5F9-MM99I-TXX65-YVSYZ-4K1WG
 
Tool Versions:
Toolchain:       MDK-ARM Plus  Version: 5.32.0.0
Toolchain Path:  F:\Keil_v5\ARM\ARMCC\Bin
C Compiler:      Armcc.exe V5.06 update 7 (build 960)
Assembler:       Armasm.exe V5.06 update 7 (build 960)
Linker/Locator:  ArmLink.exe V5.06 update 7 (build 960)
Library Manager: ArmAr.exe V5.06 update 7 (build 960)
Hex Converter:   FromElf.exe V5.06 update 7 (build 960)
CPU DLL:         SARMCM3.DLL V5.32.0.0
Dialog DLL:      DCM.DLL V1.17.3.0
Target DLL:      STLink\ST-LINKIII-KEIL_SWO.dll V3.0.8.0
Dialog DLL:      TCM.DLL V1.46.0.0
 
<h2>Project:</h2>
C:\Users\yfx\Documents\GitHub\CC1100_2_LoRa\code\CC1101\MDK-ARM\CC1101_2_LoRa.uvprojx
Project File Date:  08/31/2021

<h2>Output:</h2>
*** Using Compiler 'V5.06 update 7 (build 960)', folder: 'F:\Keil_v5\ARM\ARMCC\Bin'
Build target 'CC1101_2_LoRa'
assembling startup_stm32l476xx.s...
compiling stm32l4xx_ll_opamp.c...
compiling stm32l4xx_ll_i2c.c...
compiling stm32l4xx_ll_comp.c...
compiling stm32l4xx_ll_dma.c...
compiling stm32l4xx_ll_adc.c...
compiling stm32l4xx_ll_dma2d.c...
compiling stm32l4xx_ll_pka.c...
compiling stm32l4xx_ll_exti.c...
compiling stm32l4xx_ll_gpio.c...
compiling stm32l4xx_ll_crc.c...
compiling stm32l4xx_ll_crs.c...
compiling stm32l4xx_ll_dac.c...
compiling stm32l4xx_ll_lptim.c...
compiling main.c...
../Src/main.c(29): warning:  #177-D: variable "datarate"  was declared but never referenced
    uint16_t datarate,i=0;
../Src/main.c(36): warning:  #177-D: variable "LoRa_ID_Start_Freq_No1"  was declared but never referenced
  	int *LoRa_ID_Start_Freq_No1 = NULL;
../Src/main.c(37): warning:  #177-D: variable "LoRa_Payload_Start_Freq_No1"  was declared but never referenced
  	int *LoRa_Payload_Start_Freq_No1 = NULL;
../Src/main.c(39): warning:  #177-D: variable "LoRa_ID_Start_Freq_No2"  was declared but never referenced
  	int *LoRa_ID_Start_Freq_No2 = NULL;
../Src/main.c(40): warning:  #177-D: variable "LoRa_Payload_Start_Freq_No2"  was declared but never referenced
  	int *LoRa_Payload_Start_Freq_No2 = NULL;
../Src/main.c: 5 warnings, 0 errors
compiling stm32l4xx_ll_lpuart.c...
compiling stm32l4xx_ll_pwr.c...
compiling stm32l4xx_ll_rng.c...
compiling stm32l4xx_ll_rtc.c...
compiling stm32l4xx_ll_rcc.c...
compiling hw_gpio.c...
compiling stm32l4xx_ll_spi.c...
compiling hw_rtc.c...
compiling stm32l4xx_ll_tim.c...
compiling CC1101.c...
compiling hw_spi.c...
..\Hardware\hw_spi.c(177): warning:  #177-D: function "SpiFrequency"  was declared but never referenced
  static uint32_t SpiFrequency(uint32_t hz)
..\Hardware\hw_spi.c: 1 warning, 0 errors
compiling stm32l4xx_ll_swpmi.c...
compiling debug.c...
compiling vcom.c...
compiling stm32l4xx_ll_usart.c...
compiling stm32l4xx_ll_utils.c...
compiling timer.c...
compiling rtc.c...
..\Hardware\rtc.c(63): warning:  #940-D: missing return statement at end of non-void function "RTC_Init" 
  }
..\Hardware\rtc.c: 1 warning, 0 errors
compiling control_GPIO.c...
compiling Header.c...
compiling Gray_decode.c...
compiling low_power_manager.c...
compiling Add_CRC.c...
compiling Hanmming_Enc.c...
compiling Timer_Calibration.c...
..\Simulated_LoRa\Timer_Calibration.c(12): warning:  #177-D: label "Restart_Cali"  was declared but never referenced
  	Restart_Cali:
..\Simulated_LoRa\Timer_Calibration.c: 1 warning, 0 errors
compiling Interleaver.c...
..\LoRa_Channel_Coding\Interleaver.c(35): warning:  #177-D: variable "mem_cnt"  was declared but never referenced
  	uint16_t mem_cnt =0;
..\LoRa_Channel_Coding\Interleaver.c: 1 warning, 0 errors
compiling trace.c...
compiling systime.c...
compiling timeServer.c...
compiling utilities.c...
compiling LoRa_Channel_Coding.c...
..\LoRa_Channel_Coding\LoRa_Channel_Coding.c(16): warning:  #177-D: variable "i"  was declared but never referenced
  	int i;
..\LoRa_Channel_Coding\LoRa_Channel_Coding.c: 1 warning, 0 errors
compiling Simulated_LoRa.c...
..\Simulated_LoRa\Simulated_LoRa.c(166): warning:  #177-D: variable "start_p1"  was declared but never referenced
  	uint16_t start_p1,end_p1,start_p2,end_p2;
..\Simulated_LoRa\Simulated_LoRa.c(166): warning:  #177-D: variable "end_p1"  was declared but never referenced
  	uint16_t start_p1,end_p1,start_p2,end_p2;
..\Simulated_LoRa\Simulated_LoRa.c(166): warning:  #177-D: variable "start_p2"  was declared but never referenced
  	uint16_t start_p1,end_p1,start_p2,end_p2;
..\Simulated_LoRa\Simulated_LoRa.c(166): warning:  #177-D: variable "end_p2"  was declared but never referenced
  	uint16_t start_p1,end_p1,start_p2,end_p2;
..\Simulated_LoRa\Simulated_LoRa.c(175): warning:  #177-D: variable "Chip_Mid_KeyPoint_No1"  was declared but never referenced
  	int Chip_Mid_KeyPoint_No1 = 0;
..\Simulated_LoRa\Simulated_LoRa.c(312): warning:  #177-D: label "Symbol_End"  was declared but never referenced
  		Symbol_End:
..\Simulated_LoRa\Simulated_LoRa.c(496): warning:  #177-D: label "Send_packets"  was declared but never referenced
  	Send_packets:
..\Simulated_LoRa\Simulated_LoRa.c(631): warning:  #177-D: label "Symbol_End"  was declared but never referenced
  		Symbol_End:
..\Simulated_LoRa\Simulated_LoRa.c: 8 warnings, 0 errors
compiling Whitening.c...
compiling Modulation.c...
linking...
Program Size: Code=25812 RO-data=752 RW-data=596 ZI-data=42596  
FromELF: creating hex file...
".\CC1101_2LoRa\OOK2Chirp_Project.axf" - 0 Error(s), 18 Warning(s).

<h2>Software Packages used:</h2>

Package Vendor: ARM
                http://www.keil.com/pack/ARM.CMSIS.5.7.0.pack
                ARM.CMSIS.5.7.0
                CMSIS (Cortex Microcontroller Software Interface Standard)
   * Component: CORE Version: 5.4.0

Package Vendor: Keil
                https://www.keil.com/pack/Keil.STM32L4xx_DFP.2.5.0.pack
                Keil.STM32L4xx_DFP.2.5.0
                STMicroelectronics STM32L4 Series Device Support, Drivers and Examples

<h2>Collection of Component include folders:</h2>
  .\RTE\_CC1101_2_LoRa
  F:\Arm\Packs\ARM\CMSIS\5.7.0\CMSIS\Core\Include
  F:\Arm\Packs\Keil\STM32L4xx_DFP\2.5.0\Drivers\CMSIS\Device\ST\STM32L4xx\Include

<h2>Collection of Component Files used:</h2>

   * Component: ARM::CMSIS:CORE:5.4.0
Build Time Elapsed:  00:00:47
</pre>
</body>
</html>
